Component: ARM Compiler 5.06 update 7 (build 960) Tool: armlink [4d3601]

==============================================================================

Section Cross References

    startup_stm32f103xb.o(STACK) refers (Special) to heapauxi.o(.text) for __use_two_region_memory
    startup_stm32f103xb.o(HEAP) refers (Special) to heapauxi.o(.text) for __use_two_region_memory
    startup_stm32f103xb.o(RESET) refers (Special) to heapauxi.o(.text) for __use_two_region_memory
    startup_stm32f103xb.o(RESET) refers to startup_stm32f103xb.o(STACK) for __initial_sp
    startup_stm32f103xb.o(RESET) refers to startup_stm32f103xb.o(.text) for Reset_Handler
    startup_stm32f103xb.o(RESET) refers to stm32f1xx_it.o(i.NMI_Handler) for NMI_Handler
    startup_stm32f103xb.o(RESET) refers to stm32f1xx_it.o(i.HardFault_Handler) for HardFault_Handler
    startup_stm32f103xb.o(RESET) refers to stm32f1xx_it.o(i.MemManage_Handler) for MemManage_Handler
    startup_stm32f103xb.o(RESET) refers to stm32f1xx_it.o(i.BusFault_Handler) for BusFault_Handler
    startup_stm32f103xb.o(RESET) refers to stm32f1xx_it.o(i.UsageFault_Handler) for UsageFault_Handler
    startup_stm32f103xb.o(RESET) refers to port.o(.emb_text) for SVC_Handler
    startup_stm32f103xb.o(RESET) refers to stm32f1xx_it.o(i.DebugMon_Handler) for DebugMon_Handler
    startup_stm32f103xb.o(RESET) refers to port.o(i.SysTick_Handler) for SysTick_Handler
    startup_stm32f103xb.o(RESET) refers to stm32f1xx_it.o(i.TIM4_IRQHandler) for TIM4_IRQHandler
    startup_stm32f103xb.o(RESET) refers to stm32f1xx_it.o(i.EXTI15_10_IRQHandler) for EXTI15_10_IRQHandler
    startup_stm32f103xb.o(.text) refers (Special) to heapauxi.o(.text) for __use_two_region_memory
    startup_stm32f103xb.o(.text) refers to system_stm32f1xx.o(i.SystemInit) for SystemInit
    startup_stm32f103xb.o(.text) refers to __main.o(!!!main) for __main
    startup_stm32f103xb.o(.text) refers to startup_stm32f103xb.o(HEAP) for Heap_Mem
    startup_stm32f103xb.o(.text) refers to startup_stm32f103xb.o(STACK) for Stack_Mem
    main.o(i.HAL_TIM_PeriodElapsedCallback) refers to stm32f1xx_hal.o(i.HAL_IncTick) for HAL_IncTick
    main.o(i.SystemClock_Config) refers to rt_memclr_w.o(.text) for __aeabi_memclr4
    main.o(i.SystemClock_Config) refers to stm32f1xx_hal_rcc.o(i.HAL_RCC_OscConfig) for HAL_RCC_OscConfig
    main.o(i.SystemClock_Config) refers to stm32f1xx_hal_rcc.o(i.HAL_RCC_ClockConfig) for HAL_RCC_ClockConfig
    main.o(i.SystemClock_Config) refers to stm32f1xx_hal_rcc_ex.o(i.HAL_RCCEx_PeriphCLKConfig) for HAL_RCCEx_PeriphCLKConfig
    main.o(i.main) refers to stm32f1xx_hal.o(i.HAL_Init) for HAL_Init
    main.o(i.main) refers to main.o(i.SystemClock_Config) for SystemClock_Config
    main.o(i.main) refers to gpio.o(i.MX_GPIO_Init) for MX_GPIO_Init
    main.o(i.main) refers to i2c.o(i.MX_I2C1_Init) for MX_I2C1_Init
    main.o(i.main) refers to adc.o(i.MX_ADC1_Init) for MX_ADC1_Init
    main.o(i.main) refers to spi.o(i.MX_SPI1_Init) for MX_SPI1_Init
    main.o(i.main) refers to usb.o(i.MX_USB_PCD_Init) for MX_USB_PCD_Init
    main.o(i.main) refers to tim.o(i.MX_TIM1_Init) for MX_TIM1_Init
    main.o(i.main) refers to tim.o(i.MX_TIM2_Init) for MX_TIM2_Init
    main.o(i.main) refers to tim.o(i.MX_TIM3_Init) for MX_TIM3_Init
    main.o(i.main) refers to usart.o(i.MX_USART1_UART_Init) for MX_USART1_UART_Init
    main.o(i.main) refers to cmsis_os2.o(i.osKernelInitialize) for osKernelInitialize
    main.o(i.main) refers to freertos.o(i.MX_FREERTOS_Init) for MX_FREERTOS_Init
    main.o(i.main) refers to cmsis_os2.o(i.osKernelStart) for osKernelStart
    gpio.o(i.MX_GPIO_Init) refers to stm32f1xx_hal_gpio.o(i.HAL_GPIO_WritePin) for HAL_GPIO_WritePin
    gpio.o(i.MX_GPIO_Init) refers to stm32f1xx_hal_gpio.o(i.HAL_GPIO_Init) for HAL_GPIO_Init
    gpio.o(i.MX_GPIO_Init) refers to stm32f1xx_hal_cortex.o(i.HAL_NVIC_SetPriority) for HAL_NVIC_SetPriority
    gpio.o(i.MX_GPIO_Init) refers to stm32f1xx_hal_cortex.o(i.HAL_NVIC_EnableIRQ) for HAL_NVIC_EnableIRQ
    freertos.o(i.MX_FREERTOS_Init) refers to cmsis_os2.o(i.osThreadNew) for osThreadNew
    freertos.o(i.MX_FREERTOS_Init) refers to tasks.o(i.xTaskCreateStatic) for xTaskCreateStatic
    freertos.o(i.MX_FREERTOS_Init) refers to freertos.o(.constdata) for .constdata
    freertos.o(i.MX_FREERTOS_Init) refers to freertos.o(i.StartDefaultTask) for StartDefaultTask
    freertos.o(i.MX_FREERTOS_Init) refers to freertos.o(.data) for .data
    freertos.o(i.MX_FREERTOS_Init) refers to freertos.o(.bss) for .bss
    freertos.o(i.MX_FREERTOS_Init) refers to driver_led.o(i.Led_Test) for Led_Test
    freertos.o(i.MX_FREERTOS_Init) refers to driver_color_led.o(i.ColorLED_Test) for ColorLED_Test
    freertos.o(i.StartDefaultTask) refers to driver_lcd.o(i.LCD_Init) for LCD_Init
    freertos.o(i.StartDefaultTask) refers to driver_lcd.o(i.LCD_Clear) for LCD_Clear
    freertos.o(i.StartDefaultTask) refers to driver_ir_receiver.o(i.IRReceiver_Init) for IRReceiver_Init
[...]
    i.uxListRemove                           0x0800412c   Section        0  list.o(i.uxListRemove)
    i.vApplicationGetIdleTaskMemory          0x08004154   Section        0  cmsis_os2.o(i.vApplicationGetIdleTaskMemory)
    i.vApplicationGetTimerTaskMemory         0x08004168   Section        0  cmsis_os2.o(i.vApplicationGetTimerTaskMemory)
    i.vListInitialise                        0x08004180   Section        0  list.o(i.vListInitialise)
    i.vListInitialiseItem                    0x08004196   Section        0  list.o(i.vListInitialiseItem)
    i.vListInsert                            0x0800419c   Section        0  list.o(i.vListInsert)
    i.vListInsertEnd                         0x080041cc   Section        0  list.o(i.vListInsertEnd)
    i.vPortEnterCritical                     0x080041e4   Section        0  port.o(i.vPortEnterCritical)
    i.vPortExitCritical                      0x08004224   Section        0  port.o(i.vPortExitCritical)
    i.vPortFree                              0x0800424c   Section        0  heap_4.o(i.vPortFree)
    i.vPortSetupTimerInterrupt               0x080042a8   Section        0  port.o(i.vPortSetupTimerInterrupt)
    i.vPortValidateInterruptPriority         0x080042cc   Section        0  port.o(i.vPortValidateInterruptPriority)
    i.vQueueAddToRegistry                    0x08004320   Section        0  queue.o(i.vQueueAddToRegistry)
    i.vQueueWaitForMessageRestricted         0x08004348   Section        0  queue.o(i.vQueueWaitForMessageRestricted)
    i.vTaskDelay                             0x0800438c   Section        0  tasks.o(i.vTaskDelay)
    i.vTaskDelete                            0x080043d8   Section        0  tasks.o(i.vTaskDelete)
    i.vTaskInternalSetTimeOutState           0x08004468   Section        0  tasks.o(i.vTaskInternalSetTimeOutState)
    i.vTaskMissedYield                       0x08004478   Section        0  tasks.o(i.vTaskMissedYield)
    i.vTaskPlaceOnEventList                  0x08004484   Section        0  tasks.o(i.vTaskPlaceOnEventList)
    i.vTaskPlaceOnEventListRestricted        0x080044b4   Section        0  tasks.o(i.vTaskPlaceOnEventListRestricted)
    i.vTaskResume                            0x080044ec   Section        0  tasks.o(i.vTaskResume)
    i.vTaskStartScheduler                    0x08004568   Section        0  tasks.o(i.vTaskStartScheduler)
    i.vTaskSuspend                           0x080045f0   Section        0  tasks.o(i.vTaskSuspend)
    i.vTaskSuspendAll                        0x0800468c   Section        0  tasks.o(i.vTaskSuspendAll)
    i.vTaskSwitchContext                     0x0800469c   Section        0  tasks.o(i.vTaskSwitchContext)
    i.xPortStartScheduler                    0x08004700   Section        0  port.o(i.xPortStartScheduler)
    i.xQueueGenericCreateStatic              0x080047a8   Section        0  queue.o(i.xQueueGenericCreateStatic)
    i.xQueueGenericReset                     0x08004810   Section        0  queue.o(i.xQueueGenericReset)
    i.xQueueGenericSend                      0x08004898   Section        0  queue.o(i.xQueueGenericSend)
    i.xQueueGenericSendFromISR               0x080049f8   Section        0  queue.o(i.xQueueGenericSendFromISR)
    i.xQueueReceive                          0x08004ab4   Section        0  queue.o(i.xQueueReceive)
    i.xTaskCheckForTimeOut                   0x08004bec   Section        0  tasks.o(i.xTaskCheckForTimeOut)
    i.xTaskCreate                            0x08004c60   Section        0  tasks.o(i.xTaskCreate)
    i.xTaskCreateStatic                      0x08004cba   Section        0  tasks.o(i.xTaskCreateStatic)
    i.xTaskGetSchedulerState                 0x08004d10   Section        0  tasks.o(i.xTaskGetSchedulerState)
    i.xTaskGetTickCount                      0x08004d2c   Section        0  tasks.o(i.xTaskGetTickCount)
    i.xTaskIncrementTick                     0x08004d38   Section        0  tasks.o(i.xTaskIncrementTick)
    i.xTaskPriorityDisinherit                0x08004e00   Section        0  tasks.o(i.xTaskPriorityDisinherit)
    i.xTaskRemoveFromEventList               0x08004e80   Section        0  tasks.o(i.xTaskRemoveFromEventList)
    i.xTaskResumeAll                         0x08004ef0   Section        0  tasks.o(i.xTaskResumeAll)
    i.xTimerCreateTimerTask                  0x08004fb4   Section        0  timers.o(i.xTimerCreateTimerTask)
    i.xTimerGenericCommand                   0x08005014   Section        0  timers.o(i.xTimerGenericCommand)
    .constdata                               0x0800507c   Section       36  freertos.o(.constdata)
    .constdata                               0x080050a0   Section       18  stm32f1xx_hal_rcc.o(.constdata)
    aPredivFactorTable                       0x080050a0   Data           2  stm32f1xx_hal_rcc.o(.constdata)
    aPLLMULFactorTable                       0x080050a2   Data          16  stm32f1xx_hal_rcc.o(.constdata)
    .constdata                               0x080050b2   Section       16  system_stm32f1xx.o(.constdata)
    .constdata                               0x080050c2   Section        8  system_stm32f1xx.o(.constdata)
    .constdata                               0x080050ca   Section     2048  driver_oled.o(.constdata)
    .conststring                             0x080058cc   Section       12  freertos.o(.conststring)
    .data                                    0x20000000   Section       12  freertos.o(.data)
    xLightTaskHandle                         0x20000000   Data           4  freertos.o(.data)
    xColorTaskHandle                         0x20000004   Data           4  freertos.o(.data)
    .data                                    0x2000000c   Section     3990  music.o(.data)
    .data                                    0x20000fa4   Section       12  stm32f1xx_hal.o(.data)
    .data                                    0x20000fb0   Section        4  system_stm32f1xx.o(.data)
    .data                                    0x20000fb4   Section       60  tasks.o(.data)
    pxDelayedTaskList                        0x20000fb8   Data           4  tasks.o(.data)
    pxOverflowDelayedTaskList                0x20000fbc   Data           4  tasks.o(.data)
    uxDeletedTasksWaitingCleanUp             0x20000fc0   Data           4  tasks.o(.data)
    uxCurrentNumberOfTasks                   0x20000fc4   Data           4  tasks.o(.data)
    xTickCount                               0x20000fc8   Data           4  tasks.o(.data)
    uxTopReadyPriority                       0x20000fcc   Data           4  tasks.o(.data)
    xSchedulerRunning                        0x20000fd0   Data           4  tasks.o(.data)
    uxPendedTicks                            0x20000fd4   Data           4  tasks.o(.data)
    xYieldPending                            0x20000fd8   Data           4  tasks.o(.data)
    xNumOfOverflows                          0x20000fdc   Data           4  tasks.o(.data)
    uxTaskNumber                             0x20000fe0   Data           4  tasks.o(.data)
    xNextTaskUnblockTime                     0x20000fe4   Data           4  tasks.o(.data)
    xIdleTaskHandle                          0x20000fe8   Data           4  tasks.o(.data)
    uxSchedulerSuspended                     0x20000fec   Data           4  tasks.o(.data)
    .data                                    0x20000ff0   Section       20  timers.o(.data)
    pxCurrentTimerList                       0x20000ff0   Data           4  timers.o(.data)
    pxOverflowTimerList                      0x20000ff4   Data           4  timers.o(.data)
    xTimerQueue                              0x20000ff8   Data           4  timers.o(.data)
    xTimerTaskHandle                         0x20000ffc   Data           4  timers.o(.data)
    xLastTime                                0x20001000   Data           4  timers.o(.data)
    .data                                    0x20001004   Section        4  cmsis_os2.o(.data)
    KernelState                              0x20001004   Data           4  cmsis_os2.o(.data)
    .data                                    0x20001008   Section       24  heap_4.o(.data)
    pxEnd                                    0x20001008   Data           4  heap_4.o(.data)
    xFreeBytesRemaining                      0x2000100c   Data           4  heap_4.o(.data)
    xMinimumEverFreeBytesRemaining           0x20001010   Data           4  heap_4.o(.data)
    xBlockAllocatedBit                       0x20001014   Data           4  heap_4.o(.data)
    xStart                                   0x20001018   Data           8  heap_4.o(.data)
    .data                                    0x20001020   Section       12  port.o(.data)
    ucMaxSysCallPriority                     0x20001020   Data           1  port.o(.data)
    uxCriticalNesting                        0x20001024   Data           4  port.o(.data)
    ulMaxPRIGROUPValue                       0x20001028   Data           4  port.o(.data)
    .data                                    0x2000102c   Section        4  driver_color_led.o(.data)
    g_HPWM_ColorLED                          0x2000102c   Data           4  driver_color_led.o(.data)
    .data                                    0x20001030   Section       24  driver_ir_receiver.o(.data)
    g_IRReceiverIRQ_Cnt                      0x20001030   Data           4  driver_ir_receiver.o(.data)
    g_KeysBuf_R                              0x20001034   Data           4  driver_ir_receiver.o(.data)
    g_KeysBuf_W                              0x20001038   Data           4  driver_ir_receiver.o(.data)
    pre_time                                 0x20001040   Data           8  driver_ir_receiver.o(.data)
    .data                                    0x20001048   Section        8  driver_oled.o(.data)
    mem_mode                                 0x20001048   Data           1  driver_oled.o(.data)
    g_pHI2COLED                              0x2000104c   Data           4  driver_oled.o(.data)
    .data                                    0x20001050   Section        4  driver_passive_buzzer.o(.data)
    g_HPWM_PassiveBuzzer                     0x20001050   Data           4  driver_passive_buzzer.o(.data)
    .data                                    0x20001058   Section       24  driver_rotary_encoder.o(.data)
    g_count                                  0x20001058   Data           4  driver_rotary_encoder.o(.data)
    g_speed                                  0x2000105c   Data           4  driver_rotary_encoder.o(.data)
    pre_count                                0x20001060   Data           4  driver_rotary_encoder.o(.data)
    pre_time                                 0x20001068   Data           8  driver_rotary_encoder.o(.data)
    .bss                                     0x20001070   Section     1208  freertos.o(.bss)
    g_pucStackOfLightTask                    0x20001070   Data         512  freertos.o(.bss)
    g_TCBOfLightTask                         0x20001270   Data          92  freertos.o(.bss)
    g_pucStackOfColorTask                    0x200012cc   Data         512  freertos.o(.bss)
    g_TCBOfColorTask                         0x200014cc   Data          92  freertos.o(.bss)
    .bss                                     0x20001528   Section       48  adc.o(.bss)
    .bss                                     0x20001558   Section       84  i2c.o(.bss)
    .bss                                     0x200015ac   Section       88  spi.o(.bss)
    .bss                                     0x20001604   Section      216  tim.o(.bss)
    .bss                                     0x200016dc   Section       72  usart.o(.bss)
    .bss                                     0x20001724   Section      752  usb.o(.bss)
    .bss                                     0x20001a14   Section       72  stm32f1xx_hal_timebase_tim.o(.bss)
    .bss                                     0x20001a5c   Section       64  queue.o(.bss)
    .bss                                     0x20001a9c   Section     1220  tasks.o(.bss)
    pxReadyTasksLists                        0x20001a9c   Data        1120  tasks.o(.bss)
    xDelayedTaskList1                        0x20001efc   Data          20  tasks.o(.bss)
    xDelayedTaskList2                        0x20001f10   Data          20  tasks.o(.bss)
    xPendingReadyList                        0x20001f24   Data          20  tasks.o(.bss)
    xTasksWaitingTermination                 0x20001f38   Data          20  tasks.o(.bss)
    xSuspendedTaskList                       0x20001f4c   Data          20  tasks.o(.bss)
    .bss                                     0x20001f60   Section      280  timers.o(.bss)
    xActiveTimerList1                        0x20001f60   Data          20  timers.o(.bss)
    xActiveTimerList2                        0x20001f74   Data          20  timers.o(.bss)
    xStaticTimerQueue                        0x20001f88   Data          80  timers.o(.bss)
    ucStaticTimerQueueStorage                0x20001fd8   Data         160  timers.o(.bss)
    .bss                                     0x20002078   Section     1720  cmsis_os2.o(.bss)
    Idle_TCB                                 0x20002078   Data          92  cmsis_os2.o(.bss)
    Idle_Stack                               0x200020d4   Data         512  cmsis_os2.o(.bss)
    Timer_TCB                                0x200022d4   Data          92  cmsis_os2.o(.bss)
    Timer_Stack                              0x20002330   Data        1024  cmsis_os2.o(.bss)
    .bss                                     0x20002730   Section     3072  heap_4.o(.bss)
    ucHeap                                   0x20002730   Data        3072  heap_4.o(.bss)
    .bss                                     0x20003330   Section      672  driver_ir_receiver.o(.bss)
    g_KeysBuf                                0x20003330   Data         128  driver_ir_receiver.o(.bss)
    g_IRReceiverIRQ_Timers                   0x200033b0   Data         544  driver_ir_receiver.o(.bss)
    .bss                                     0x200035d0   Section       96  libspace.o(.bss)
    HEAP                                     0x20003630   Section      512  startup_stm32f103xb.o(HEAP)
    Heap_Mem                                 0x20003630   Data         512  startup_stm32f103xb.o(HEAP)
    STACK                                    0x20003830   Section     1024  startup_stm32f103xb.o(STACK)
    Stack_Mem                                0x20003830   Data        1024  startup_stm32f103xb.o(STACK)
    __initial_sp                             0x20003c30   Data           0  startup_stm32f103xb.o(STACK)

    Global Symbols

    Symbol Name                              Value     Ov Type        Size  Object(Section)

    BuildAttributes$$THM_ISAv4$P$D$K$B$S$PE$A:L22UL41UL21$X:L11$S22US41US21$IEEE1$IW$USESV6$~STKCKD$USESV7$~SHL$OTIME$ROPI$EBA8$UX$STANDARDLIB$REQ8$PRES8$EABIv2 0x00000000   Number         0  anon$$obj.o ABSOLUTE
    __ARM_use_no_argv                        0x00000000   Number         0  main.o ABSOLUTE
    __ARM_exceptions_init                     - Undefined Weak Reference
    __alloca_initialize                       - Undefined Weak Reference
    __arm_fini_                               - Undefined Weak Reference
    __arm_preinit_                            - Undefined Weak Reference
    __cpp_initialize__aeabi_                  - Undefined Weak Reference
    __cxa_finalize                            - Undefined Weak Reference
    __rt_locale                               - Undefined Weak Reference
    __sigvec_lookup                           - Undefined Weak Reference
    __user_heap_extent                        - Undefined Weak Reference
    _atexit_init                              - Undefined Weak Reference
    _call_atexit_fns                          - Undefined Weak Reference
    _clock_init                               - Undefined Weak Reference
    _fp_trap_init                             - Undefined Weak Reference
    _fp_trap_shutdown                         - Undefined Weak Reference
    _get_lc_collate                           - Undefined Weak Reference
    _get_lc_ctype                             - Undefined Weak Reference
    _get_lc_monetary                          - Undefined Weak Reference
    _get_lc_numeric                           - Undefined Weak Reference
    _get_lc_time                              - Undefined Weak Reference
    _getenv_init                              - Undefined Weak Reference
    _handle_redirection                       - Undefined Weak Reference
    _mutex_acquire                            - Undefined Weak Reference
    _mutex_free                               - Undefined Weak Reference
    _mutex_release                            - Undefined Weak Reference
    _printf_mbtowc                            - Undefined Weak Reference
    _printf_post_padding                      - Undefined Weak Reference
    _printf_pre_padding                       - Undefined Weak Reference
    _rand_init                                - Undefined Weak Reference
    _signal_finish                            - Undefined Weak Reference
    _signal_init                              - Undefined Weak Reference
    __Vectors_Size                           0x000000ec   Number         0  startup_stm32f103xb.o ABSOLUTE
    __Vectors                                0x08000000   Data           4  startup_stm32f103xb.o(RESET)
    __Vectors_End                            0x080000ec   Data           0  startup_stm32f103xb.o(RESET)
    __main                                   0x080000ed   Thumb Code     8  __main.o(!!!main)
    __scatterload                            0x080000f5   Thumb Code     0  __scatter.o(!!!scatter)
    __scatterload_rt2                        0x080000f5   Thumb Code    44  __scatter.o(!!!scatter)
    __scatterload_rt2_thumb_only             0x080000f5   Thumb Code     0  __scatter.o(!!!scatter)
    __scatterload_null                       0x08000103   Thumb Code     0  __scatter.o(!!!scatter)
    __decompress                             0x08000129   Thumb Code   100  __dclz77c.o(!!dclz77c)
    __decompress2                            0x08000129   Thumb Code     0  __dclz77c.o(!!dclz77c)
    __scatterload_zeroinit                   0x0800018d   Thumb Code    28  __scatter_zi.o(!!handler_zi)
    __rt_lib_init                            0x080001a9   Thumb Code     0  libinit.o(.ARM.Collect$$libinit$$00000000)
    __rt_lib_init_alloca_1                   0x080001ab   Thumb Code     0  libinit2.o(.ARM.Collect$$libinit$$0000002E)
    __rt_lib_init_argv_1                     0x080001ab   Thumb Code     0  libinit2.o(.ARM.Collect$$libinit$$0000002C)
    __rt_lib_init_atexit_1                   0x080001ab   Thumb Code     0  libinit2.o(.ARM.Collect$$libinit$$0000001B)
    __rt_lib_init_clock_1                    0x080001ab   Thumb Code     0  libinit2.o(.ARM.Collect$$libinit$$00000021)
    __rt_lib_init_cpp_1                      0x080001ab   Thumb Code     0  libinit2.o(.ARM.Collect$$libinit$$00000032)
    __rt_lib_init_exceptions_1               0x080001ab   Thumb Code     0  libinit2.o(.ARM.Collect$$libinit$$00000030)
    __rt_lib_init_fp_1                       0x080001ab   Thumb Code     0  libinit2.o(.ARM.Collect$$libinit$$00000002)
    __rt_lib_init_fp_trap_1                  0x080001ab   Thumb Code     0  libinit2.o(.ARM.Collect$$libinit$$0000001F)
    __rt_lib_init_getenv_1                   0x080001ab   Thumb Code     0  libinit2.o(.ARM.Collect$$libinit$$00000023)
    __rt_lib_init_heap_1                     0x080001ab   Thumb Code     0  libinit2.o(.ARM.Collect$$libinit$$0000000A)
    __rt_lib_init_lc_collate_1               0x080001ab   Thumb Code     0  libinit2.o(.ARM.Collect$$libinit$$00000011)
    __rt_lib_init_lc_ctype_1                 0x080001ab   Thumb Code     0  libinit2.o(.ARM.Collect$$libinit$$00000013)
    __rt_lib_init_lc_monetary_1              0x080001ab   Thumb Code     0  libinit2.o(.ARM.Collect$$libinit$$00000015)
    __rt_lib_init_lc_numeric_1               0x080001ab   Thumb Code     0  libinit2.o(.ARM.Collect$$libinit$$00000017)
    __rt_lib_init_lc_time_1                  0x080001ab   Thumb Code     0  libinit2.o(.ARM.Collect$$libinit$$00000019)
    __rt_lib_init_preinit_1                  0x080001ab   Thumb Code     0  libinit2.o(.ARM.Collect$$libinit$$00000004)
    __rt_lib_init_rand_1                     0x080001ab   Thumb Code     0  libinit2.o(.ARM.Collect$$libinit$$0000000E)
    __rt_lib_init_return                     0x080001ab   Thumb Code     0  libinit2.o(.ARM.Collect$$libinit$$00000033)
    __rt_lib_init_signal_1                   0x080001ab   Thumb Code     0  libinit2.o(.ARM.Collect$$libinit$$0000001D)
    __rt_lib_init_stdio_1                    0x080001ab   Thumb Code     0  libinit2.o(.ARM.Collect$$libinit$$00000025)
    __rt_lib_init_user_alloc_1               0x080001ab   Thumb Code     0  libinit2.o(.ARM.Collect$$libinit$$0000000C)
    __rt_lib_shutdown                        0x080001ad   Thumb Code     0  libshutdown.o(.ARM.Collect$$libshutdown$$00000000)
    __rt_lib_shutdown_cpp_1                  0x080001af   Thumb Code     0  libshutdown2.o(.ARM.Collect$$libshutdown$$00000004)
    __rt_lib_shutdown_fini_1                 0x080001af   Thumb Code     0  libshutdown2.o(.ARM.Collect$$libshutdown$$00000002)
    __rt_lib_shutdown_fp_trap_1              0x080001af   Thumb Code     0  libshutdown2.o(.ARM.Collect$$libshutdown$$00000009)
    __rt_lib_shutdown_heap_1                 0x080001af   Thumb Code     0  libshutdown2.o(.ARM.Collect$$libshutdown$$00000011)
    __rt_lib_shutdown_return                 0x080001af   Thumb Code     0  libshutdown2.o(.ARM.Collect$$libshutdown$$00000012)
    __rt_lib_shutdown_signal_1               0x080001af   Thumb Code     0  libshutdown2.o(.ARM.Collect$$libshutdown$$0000000C)
    __rt_lib_shutdown_stdio_1                0x080001af   Thumb Code     0  libshutdown2.o(.ARM.Collect$$libshutdown$$00000006)
    __rt_lib_shutdown_user_alloc_1           0x080001af   Thumb Code     0  libshutdown2.o(.ARM.Collect$$libshutdown$$0000000E)
    __rt_entry                               0x080001b1   Thumb Code     0  __rtentry.o(.ARM.Collect$$rtentry$$00000000)
    __rt_entry_presh_1                       0x080001b1   Thumb Code     0  __rtentry2.o(.ARM.Collect$$rtentry$$00000002)
    __rt_entry_sh                            0x080001b1   Thumb Code     0  __rtentry4.o(.ARM.Collect$$rtentry$$00000004)
    __rt_entry_li                            0x080001b7   Thumb Code     0  __rtentry2.o(.ARM.Collect$$rtentry$$0000000A)
    __rt_entry_postsh_1                      0x080001b7   Thumb Code     0  __rtentry2.o(.ARM.Collect$$rtentry$$00000009)
    __rt_entry_main                          0x080001bb   Thumb Code     0  __rtentry2.o(.ARM.Collect$$rtentry$$0000000D)
    __rt_entry_postli_1                      0x080001bb   Thumb Code     0  __rtentry2.o(.ARM.Collect$$rtentry$$0000000C)
    __rt_exit                                0x080001c3   Thumb Code     0  rtexit.o(.ARM.Collect$$rtexit$$00000000)
    __rt_exit_ls                             0x080001c5   Thumb Code     0  rtexit2.o(.ARM.Collect$$rtexit$$00000003)
    __rt_exit_prels_1                        0x080001c5   Thumb Code     0  rtexit2.o(.ARM.Collect$$rtexit$$00000002)
    __rt_exit_exit                           0x080001c9   Thumb Code     0  rtexit2.o(.ARM.Collect$$rtexit$$00000004)
    SVC_Handler                              0x080001d1   Thumb Code    32  port.o(.emb_text)
    __asm___6_port_c_39a90d8d__prvStartFirstTask 0x080001f5   Thumb Code    28  port.o(.emb_text)
    PendSV_Handler                           0x08000215   Thumb Code    72  port.o(.emb_text)
    vPortGetIPSR                             0x08000261   Thumb Code     6  port.o(.emb_text)
    Reset_Handler                            0x08000269   Thumb Code     8  startup_stm32f103xb.o(.text)
    ADC1_2_IRQHandler                        0x08000283   Thumb Code     0  startup_stm32f103xb.o(.text)
    CAN1_RX1_IRQHandler                      0x08000283   Thumb Code     0  startup_stm32f103xb.o(.text)
    CAN1_SCE_IRQHandler                      0x08000283   Thumb Code     0  startup_stm32f103xb.o(.text)
    DMA1_Channel1_IRQHandler                 0x08000283   Thumb Code     0  startup_stm32f103xb.o(.text)
    DMA1_Channel2_IRQHandler                 0x08000283   Thumb Code     0  startup_stm32f103xb.o(.text)
    DMA1_Channel3_IRQHandler                 0x08000283   Thumb Code     0  startup_stm32f103xb.o(.text)
    DMA1_Channel4_IRQHandler                 0x08000283   Thumb Code     0  startup_stm32f103xb.o(.text)
    DMA1_Channel5_IRQHandler                 0x08000283   Thumb Code     0  startup_stm32f103xb.o(.text)
    DMA1_Channel6_IRQHandler                 0x08000283   Thumb Code     0  startup_stm32f103xb.o(.text)
    DMA1_Channel7_IRQHandler                 0x08000283   Thumb Code     0  startup_stm32f103xb.o(.text)
    EXTI0_IRQHandler                         0x08000283   Thumb Code     0  startup_stm32f103xb.o(.text)
    EXTI1_IRQHandler                         0x08000283   Thumb Code     0  startup_stm32f103xb.o(.text)
    EXTI2_IRQHandler                         0x08000283   Thumb Code     0  startup_stm32f103xb.o(.text)
    EXTI3_IRQHandler                         0x08000283   Thumb Code     0  startup_stm32f103xb.o(.text)
    EXTI4_IRQHandler                         0x08000283   Thumb Code     0  startup_stm32f103xb.o(.text)
    EXTI9_5_IRQHandler                       0x08000283   Thumb Code     0  startup_stm32f103xb.o(.text)
    FLASH_IRQHandler                         0x08000283   Thumb Code     0  startup_stm32f103xb.o(.text)
    I2C1_ER_IRQHandler                       0x08000283   Thumb Code     0  startup_stm32f103xb.o(.text)
    I2C1_EV_IRQHandler                       0x08000283   Thumb Code     0  startup_stm32f103xb.o(.text)
    I2C2_ER_IRQHandler                       0x08000283   Thumb Code     0  startup_stm32f103xb.o(.text)
    I2C2_EV_IRQHandler                       0x08000283   Thumb Code     0  startup_stm32f103xb.o(.text)
    PVD_IRQHandler                           0x08000283   Thumb Code     0  startup_stm32f103xb.o(.text)
    RCC_IRQHandler                           0x08000283   Thumb Code     0  startup_stm32f103xb.o(.text)
    RTC_Alarm_IRQHandler                     0x08000283   Thumb Code     0  startup_stm32f103xb.o(.text)
    RTC_IRQHandler                           0x08000283   Thumb Code     0  startup_stm32f103xb.o(.text)
    SPI1_IRQHandler                          0x08000283   Thumb Code     0  startup_stm32f103xb.o(.text)
    SPI2_IRQHandler                          0x08000283   Thumb Code     0  startup_stm32f103xb.o(.text)
    TAMPER_IRQHandler                        0x08000283   Thumb Code     0  startup_stm32f103xb.o(.text)
    TIM1_BRK_IRQHandler                      0x08000283   Thumb Code     0  startup_stm32f103xb.o(.text)
    TIM1_CC_IRQHandler                       0x08000283   Thumb Code     0  startup_stm32f103xb.o(.text)
    TIM1_TRG_COM_IRQHandler                  0x08000283   Thumb Code     0  startup_stm32f103xb.o(.text)
    TIM1_UP_IRQHandler                       0x08000283   Thumb Code     0  startup_stm32f103xb.o(.text)
    TIM2_IRQHandler                          0x08000283   Thumb Code     0  startup_stm32f103xb.o(.text)
    TIM3_IRQHandler                          0x08000283   Thumb Code     0  startup_stm32f103xb.o(.text)
    USART1_IRQHandler                        0x08000283   Thumb Code     0  startup_stm32f103xb.o(.text)
    USART2_IRQHandler                        0x08000283   Thumb Code     0  startup_stm32f103xb.o(.text)
    USART3_IRQHandler                        0x08000283   Thumb Code     0  startup_stm32f103xb.o(.text)
    USBWakeUp_IRQHandler                     0x08000283   Thumb Code     0  startup_stm32f103xb.o(.text)
    USB_HP_CAN1_TX_IRQHandler                0x08000283   Thumb Code     0  startup_stm32f103xb.o(.text)
    USB_LP_CAN1_RX0_IRQHandler               0x08000283   Thumb Code     0  startup_stm32f103xb.o(.text)
    WWDG_IRQHandler                          0x08000283   Thumb Code     0  startup_stm32f103xb.o(.text)
    __user_initial_stackheap                 0x08000285   Thumb Code     0  startup_stm32f103xb.o(.text)
    __aeabi_uldivmod                         0x080002a9   Thumb Code     0  lludivv7m.o(.text)
    _ll_udiv                                 0x080002a9   Thumb Code   238  lludivv7m.o(.text)
    __aeabi_memcpy                           0x08000397   Thumb Code     0  rt_memcpy_v6.o(.text)
    __rt_memcpy                              0x08000397   Thumb Code   138  rt_memcpy_v6.o(.text)
    _memcpy_lastbytes                        0x080003fd   Thumb Code     0  rt_memcpy_v6.o(.text)
    __aeabi_memcpy4                          0x08000421   Thumb Code     0  rt_memcpy_w.o(.text)
    __aeabi_memcpy8                          0x08000421   Thumb Code     0  rt_memcpy_w.o(.text)
    __rt_memcpy_w                            0x08000421   Thumb Code   100  rt_memcpy_w.o(.text)
    _memcpy_lastbytes_aligned                0x08000469   Thumb Code     0  rt_memcpy_w.o(.text)
    __aeabi_memset                           0x08000485   Thumb Code    16  aeabi_memset.o(.text)
    __aeabi_memclr4                          0x08000495   Thumb Code     0  rt_memclr_w.o(.text)
    __aeabi_memclr8                          0x08000495   Thumb Code     0  rt_memclr_w.o(.text)
    __rt_memclr_w                            0x08000495   Thumb Code    78  rt_memclr_w.o(.text)
    _memset_w                                0x08000499   Thumb Code     0  rt_memclr_w.o(.text)
    __use_two_region_memory                  0x080004e3   Thumb Code     2  heapauxi.o(.text)
    __rt_heap_escrow                         0x080004e5   Thumb Code     2  heapauxi.o(.text)
    __rt_heap_expand                         0x080004e7   Thumb Code     2  heapauxi.o(.text)
    __aeabi_memclr                           0x080004e9   Thumb Code     0  rt_memclr.o(.text)
    __rt_memclr                              0x080004e9   Thumb Code    68  rt_memclr.o(.text)
    _memset                                  0x080004ed   Thumb Code     0  rt_memclr.o(.text)
    __user_setup_stackheap                   0x0800052d   Thumb Code    74  sys_stackheap_outer.o(.text)
    exit                                     0x08000577   Thumb Code    18  exit.o(.text)
    __user_libspace                          0x08000589   Thumb Code     8  libspace.o(.text)
    __user_perproc_libspace                  0x08000589   Thumb Code     0  libspace.o(.text)
    __user_perthread_libspace                0x08000589   Thumb Code     0  libspace.o(.text)
    __I$use$semihosting                      0x08000591   Thumb Code     0  use_no_semi.o(.text)
    __use_no_semihosting_swi                 0x08000591   Thumb Code     2  use_no_semi.o(.text)
    __semihosting_library_function           0x08000593   Thumb Code     0  indicate_semi.o(.text)
    _sys_exit                                0x08000595   Thumb Code     8  sys_exit.o(.text)
    ADC_ConversionStop_Disable               0x080005a1   Thumb Code    86  stm32f1xx_hal_adc.o(i.ADC_ConversionStop_Disable)
    BusFault_Handler                         0x080005f7   Thumb Code     2  stm32f1xx_it.o(i.BusFault_Handler)
    ColorLED_Set                             0x080005f9   Thumb Code   158  driver_color_led.o(i.ColorLED_Set)
    ColorLED_Test                            0x0800069d   Thumb Code    32  driver_color_led.o(i.ColorLED_Test)
    DebugMon_Handler                         0x080006c1   Thumb Code     2  stm32f1xx_it.o(i.DebugMon_Handler)
    EXTI15_10_IRQHandler                     0x080006c3   Thumb Code    30  stm32f1xx_it.o(i.EXTI15_10_IRQHandler)
    Error_Handler                            0x080006e1   Thumb Code     4  main.o(i.Error_Handler)
    HAL_ADC_ConfigChannel                    0x08000711   Thumb Code   240  stm32f1xx_hal_adc.o(i.HAL_ADC_ConfigChannel)
    HAL_ADC_Init                             0x0800080d   Thumb Code   272  stm32f1xx_hal_adc.o(i.HAL_ADC_Init)
    HAL_ADC_MspInit                          0x08000929   Thumb Code    76  adc.o(i.HAL_ADC_MspInit)
    HAL_GPIO_EXTI_Callback                   0x08000981   Thumb Code    22  driver_irq.o(i.HAL_GPIO_EXTI_Callback)
    HAL_GPIO_EXTI_IRQHandler                 0x08000999   Thumb Code    18  stm32f1xx_hal_gpio.o(i.HAL_GPIO_EXTI_IRQHandler)
    HAL_GPIO_Init                            0x080009b1   Thumb Code   446  stm32f1xx_hal_gpio.o(i.HAL_GPIO_Init)
    HAL_GPIO_ReadPin                         0x08000b91   Thumb Code    10  stm32f1xx_hal_gpio.o(i.HAL_GPIO_ReadPin)
    HAL_GPIO_WritePin                        0x08000b9b   Thumb Code    10  stm32f1xx_hal_gpio.o(i.HAL_GPIO_WritePin)
    HAL_GetTick                              0x08000ba5   Thumb Code     6  stm32f1xx_hal.o(i.HAL_GetTick)
    HAL_I2C_Init                             0x08000bb1   Thumb Code   376  stm32f1xx_hal_i2c.o(i.HAL_I2C_Init)
    HAL_I2C_Master_Transmit                  0x08000d39   Thumb Code   290  stm32f1xx_hal_i2c.o(i.HAL_I2C_Master_Transmit)
    HAL_I2C_Mem_Write                        0x08000e65   Thumb Code   294  stm32f1xx_hal_i2c.o(i.HAL_I2C_Mem_Write)
    HAL_I2C_MspInit                          0x08000f95   Thumb Code    80  i2c.o(i.HAL_I2C_MspInit)
    HAL_IncTick                              0x08000ff1   Thumb Code    12  stm32f1xx_hal.o(i.HAL_IncTick)
    HAL_Init                                 0x08001001   Thumb Code    32  stm32f1xx_hal.o(i.HAL_Init)
    HAL_InitTick                             0x08001025   Thumb Code   132  stm32f1xx_hal_timebase_tim.o(i.HAL_InitTick)
    HAL_MspInit                              0x080010bd   Thumb Code    62  stm32f1xx_hal_msp.o(i.HAL_MspInit)
    HAL_NVIC_EnableIRQ                       0x08001105   Thumb Code    26  stm32f1xx_hal_cortex.o(i.HAL_NVIC_EnableIRQ)
    HAL_NVIC_SetPriority                     0x08001121   Thumb Code    60  stm32f1xx_hal_cortex.o(i.HAL_NVIC_SetPriority)
    HAL_NVIC_SetPriorityGrouping             0x08001161   Thumb Code    26  stm32f1xx_hal_cortex.o(i.HAL_NVIC_SetPriorityGrouping)
    HAL_PCD_Init                             0x08001185   Thumb Code   218  stm32f1xx_hal_pcd.o(i.HAL_PCD_Init)
    HAL_PCD_MspInit                          0x08001261   Thumb Code    30  usb.o(i.HAL_PCD_MspInit)
    HAL_RCCEx_PeriphCLKConfig                0x08001289   Thumb Code   224  stm32f1xx_hal_rcc_ex.o(i.HAL_RCCEx_PeriphCLKConfig)
    HAL_RCC_ClockConfig                      0x08001375   Thumb Code   280  stm32f1xx_hal_rcc.o(i.HAL_RCC_ClockConfig)
    HAL_RCC_GetClockConfig                   0x080014a1   Thumb Code    54  stm32f1xx_hal_rcc.o(i.HAL_RCC_GetClockConfig)
    HAL_RCC_GetPCLK1Freq                     0x080014e1   Thumb Code    20  stm32f1xx_hal_rcc.o(i.HAL_RCC_GetPCLK1Freq)
    HAL_RCC_GetPCLK2Freq                     0x08001501   Thumb Code    20  stm32f1xx_hal_rcc.o(i.HAL_RCC_GetPCLK2Freq)
    HAL_RCC_GetSysClockFreq                  0x08001521   Thumb Code    58  stm32f1xx_hal_rcc.o(i.HAL_RCC_GetSysClockFreq)
    HAL_RCC_OscConfig                        0x0800156d   Thumb Code   778  stm32f1xx_hal_rcc.o(i.HAL_RCC_OscConfig)
    HAL_SPI_Init                             0x0800188d   Thumb Code   178  stm32f1xx_hal_spi.o(i.HAL_SPI_Init)
    HAL_SPI_MspInit                          0x08001941   Thumb Code    98  spi.o(i.HAL_SPI_MspInit)
    HAL_TIMEx_BreakCallback                  0x080019b1   Thumb Code     2  stm32f1xx_hal_tim_ex.o(i.HAL_TIMEx_BreakCallback)
    HAL_TIMEx_CommutCallback                 0x080019b3   Thumb Code     2  stm32f1xx_hal_tim_ex.o(i.HAL_TIMEx_CommutCallback)
    HAL_TIMEx_ConfigBreakDeadTime            0x080019b5   Thumb Code    84  stm32f1xx_hal_tim_ex.o(i.HAL_TIMEx_ConfigBreakDeadTime)
    HAL_TIMEx_MasterConfigSynchronization    0x08001a09   Thumb Code    92  stm32f1xx_hal_tim_ex.o(i.HAL_TIMEx_MasterConfigSynchronization)
    HAL_TIM_Base_DeInit                      0x08001a71   Thumb Code    92  stm32f1xx_hal_tim.o(i.HAL_TIM_Base_DeInit)
    HAL_TIM_Base_Init                        0x08001acd   Thumb Code    90  stm32f1xx_hal_tim.o(i.HAL_TIM_Base_Init)
    HAL_TIM_Base_MspDeInit                   0x08001b29   Thumb Code    36  tim.o(i.HAL_TIM_Base_MspDeInit)
    HAL_TIM_Base_MspInit                     0x08001b55   Thumb Code    52  tim.o(i.HAL_TIM_Base_MspInit)
    HAL_TIM_Base_Start_IT                    0x08001b91   Thumb Code    76  stm32f1xx_hal_tim.o(i.HAL_TIM_Base_Start_IT)
    HAL_TIM_ConfigClockSource                0x08001be9   Thumb Code   220  stm32f1xx_hal_tim.o(i.HAL_TIM_ConfigClockSource)
    HAL_TIM_IC_CaptureCallback               0x08001cc5   Thumb Code     2  stm32f1xx_hal_tim.o(i.HAL_TIM_IC_CaptureCallback)
    HAL_TIM_IRQHandler                       0x08001cc7   Thumb Code   358  stm32f1xx_hal_tim.o(i.HAL_TIM_IRQHandler)
    HAL_TIM_MspPostInit                      0x08001e2d   Thumb Code   212  tim.o(i.HAL_TIM_MspPostInit)
    HAL_TIM_OC_DelayElapsedCallback          0x08001f19   Thumb Code     2  stm32f1xx_hal_tim.o(i.HAL_TIM_OC_DelayElapsedCallback)
    HAL_TIM_PWM_ConfigChannel                0x08001f1b   Thumb Code   204  stm32f1xx_hal_tim.o(i.HAL_TIM_PWM_ConfigChannel)
    HAL_TIM_PWM_Init                         0x08001fe7   Thumb Code    90  stm32f1xx_hal_tim.o(i.HAL_TIM_PWM_Init)
    HAL_TIM_PWM_MspInit                      0x08002041   Thumb Code    30  tim.o(i.HAL_TIM_PWM_MspInit)
    HAL_TIM_PWM_PulseFinishedCallback        0x08002069   Thumb Code     2  stm32f1xx_hal_tim.o(i.HAL_TIM_PWM_PulseFinishedCallback)
    HAL_TIM_PWM_Start                        0x0800206d   Thumb Code   144  stm32f1xx_hal_tim.o(i.HAL_TIM_PWM_Start)
    HAL_TIM_PWM_Stop                         0x08002109   Thumb Code   108  stm32f1xx_hal_tim.o(i.HAL_TIM_PWM_Stop)
    HAL_TIM_PeriodElapsedCallback            0x08002179   Thumb Code    14  main.o(i.HAL_TIM_PeriodElapsedCallback)
    HAL_TIM_TriggerCallback                  0x0800218d   Thumb Code     2  stm32f1xx_hal_tim.o(i.HAL_TIM_TriggerCallback)
    HAL_UART_Init                            0x0800218f   Thumb Code   100  stm32f1xx_hal_uart.o(i.HAL_UART_Init)
    HAL_UART_MspInit                         0x080021f5   Thumb Code   100  usart.o(i.HAL_UART_MspInit)
    HardFault_Handler                        0x08002265   Thumb Code     2  stm32f1xx_it.o(i.HardFault_Handler)
    IRReceiver_IRQ_Callback                  0x080026f5   Thumb Code   158  driver_ir_receiver.o(i.IRReceiver_IRQ_Callback)
    IRReceiver_Init                          0x080027ad   Thumb Code     2  driver_ir_receiver.o(i.IRReceiver_Init)
    IRReceiver_Read                          0x080027b1   Thumb Code    38  driver_ir_receiver.o(i.IRReceiver_Read)
    LCD_Clear                                0x080027dd   Thumb Code     4  driver_lcd.o(i.LCD_Clear)
    LCD_ClearLine                            0x080027e1   Thumb Code     4  driver_lcd.o(i.LCD_ClearLine)
    LCD_Init                                 0x080027e5   Thumb Code     4  driver_lcd.o(i.LCD_Init)
    LCD_PrintString                          0x080027e9   Thumb Code     4  driver_lcd.o(i.LCD_PrintString)
    Led_Control                              0x080027ed   Thumb Code    26  driver_led.o(i.Led_Control)
    Led_Init                                 0x0800280d   Thumb Code    74  driver_led.o(i.Led_Init)
    Led_Test                                 0x08002861   Thumb Code    56  driver_led.o(i.Led_Test)
    MUSIC_Analysis                           0x08002899   Thumb Code    74  music.o(i.MUSIC_Analysis)
    MX_ADC1_Init                             0x080028e9   Thumb Code    70  adc.o(i.MX_ADC1_Init)
    MX_FREERTOS_Init                         0x08002939   Thumb Code    72  freertos.o(i.MX_FREERTOS_Init)
    MX_GPIO_Init                             0x080029b5   Thumb Code   310  gpio.o(i.MX_GPIO_Init)
    MX_I2C1_Init                             0x08002b05   Thumb Code    50  i2c.o(i.MX_I2C1_Init)
    MX_SPI1_Init                             0x08002b45   Thumb Code    62  spi.o(i.MX_SPI1_Init)
    MX_TIM1_Init                             0x08002b8d   Thumb Code   198  tim.o(i.MX_TIM1_Init)
    MX_TIM2_Init                             0x08002c5d   Thumb Code   182  tim.o(i.MX_TIM2_Init)
    MX_TIM3_Init                             0x08002d19   Thumb Code   110  tim.o(i.MX_TIM3_Init)
    MX_USART1_UART_Init                      0x08002d91   Thumb Code    48  usart.o(i.MX_USART1_UART_Init)
    MX_USB_PCD_Init                          0x08002dc9   Thumb Code    42  usb.o(i.MX_USB_PCD_Init)
    MemManage_Handler                        0x08002dfd   Thumb Code     2  stm32f1xx_it.o(i.MemManage_Handler)
    NMI_Handler                              0x08002dff   Thumb Code     2  stm32f1xx_it.o(i.NMI_Handler)
    OLED_Clear                               0x08002e01   Thumb Code    42  driver_oled.o(i.OLED_Clear)
    OLED_ClearLine                           0x08002e2b   Thumb Code    28  driver_oled.o(i.OLED_ClearLine)
    OLED_Init                                0x08002e49   Thumb Code   142  driver_oled.o(i.OLED_Init)
    OLED_PrintString                         0x08002edd   Thumb Code    50  driver_oled.o(i.OLED_PrintString)
    OLED_PutChar                             0x08002f11   Thumb Code    66  driver_oled.o(i.OLED_PutChar)
    OLED_SetPosition                         0x08002f85   Thumb Code    58  driver_oled.o(i.OLED_SetPosition)
    PassiveBuzzer_Control                    0x0800300d   Thumb Code    20  driver_passive_buzzer.o(i.PassiveBuzzer_Control)
    PassiveBuzzer_Init                       0x08003025   Thumb Code    92  driver_passive_buzzer.o(i.PassiveBuzzer_Init)
    PassiveBuzzer_Set_Freq_Duty              0x0800308d   Thumb Code   122  driver_passive_buzzer.o(i.PassiveBuzzer_Set_Freq_Duty)
    PlayMusic                                0x08003115   Thumb Code    10  music.o(i.PlayMusic)
    RotaryEncoder_IRQ_Callback               0x0800314d   Thumb Code    96  driver_rotary_encoder.o(i.RotaryEncoder_IRQ_Callback)
    StartDefaultTask                         0x080031b9   Thumb Code   198  freertos.o(i.StartDefaultTask)
    SysTick_Handler                          0x080032d5   Thumb Code    38  port.o(i.SysTick_Handler)
    SystemClock_Config                       0x08003301   Thumb Code   124  main.o(i.SystemClock_Config)
    SystemInit                               0x0800337d   Thumb Code     2  system_stm32f1xx.o(i.SystemInit)
    TIM4_IRQHandler                          0x08003381   Thumb Code     6  stm32f1xx_it.o(i.TIM4_IRQHandler)
    TIM_Base_SetConfig                       0x0800338d   Thumb Code    94  stm32f1xx_hal_tim.o(i.TIM_Base_SetConfig)
    TIM_CCxChannelCmd                        0x080033f9   Thumb Code    26  stm32f1xx_hal_tim.o(i.TIM_CCxChannelCmd)
    TIM_ETR_SetConfig                        0x08003413   Thumb Code    20  stm32f1xx_hal_tim.o(i.TIM_ETR_SetConfig)
    TIM_OC2_SetConfig                        0x08003489   Thumb Code    84  stm32f1xx_hal_tim.o(i.TIM_OC2_SetConfig)
    USB_CoreInit                             0x0800367d   Thumb Code     4  stm32f1xx_ll_usb.o(i.USB_CoreInit)
    USB_DevDisconnect                        0x08003681   Thumb Code     4  stm32f1xx_ll_usb.o(i.USB_DevDisconnect)
    USB_DevInit                              0x08003685   Thumb Code    18  stm32f1xx_ll_usb.o(i.USB_DevInit)
    USB_DisableGlobalInt                     0x08003697   Thumb Code    14  stm32f1xx_ll_usb.o(i.USB_DisableGlobalInt)
    USB_SetCurrentMode                       0x080036a5   Thumb Code     4  stm32f1xx_ll_usb.o(i.USB_SetCurrentMode)
    UsageFault_Handler                       0x080036a9   Thumb Code     2  stm32f1xx_it.o(i.UsageFault_Handler)
    main                                     0x080036cb   Thumb Code    58  main.o(i.main)
    mdelay                                   0x08003705   Thumb Code    26  driver_timer.o(i.mdelay)
    osKernelInitialize                       0x08003721   Thumb Code    50  cmsis_os2.o(i.osKernelInitialize)
    osKernelStart                            0x08003759   Thumb Code    58  cmsis_os2.o(i.osKernelStart)
    osThreadNew                              0x08003799   Thumb Code   160  cmsis_os2.o(i.osThreadNew)
    pvPortMalloc                             0x08003fb5   Thumb Code   210  heap_4.o(i.pvPortMalloc)
    pxPortInitialiseStack                    0x0800408d   Thumb Code    32  port.o(i.pxPortInitialiseStack)
    system_get_ns                            0x080040b1   Thumb Code    58  driver_timer.o(i.system_get_ns)
    udelay                                   0x080040f5   Thumb Code    52  driver_timer.o(i.udelay)
    uxListRemove                             0x0800412d   Thumb Code    38  list.o(i.uxListRemove)
    vApplicationGetIdleTaskMemory            0x08004155   Thumb Code    16  cmsis_os2.o(i.vApplicationGetIdleTaskMemory)
    vApplicationGetTimerTaskMemory           0x08004169   Thumb Code    18  cmsis_os2.o(i.vApplicationGetTimerTaskMemory)
    vListInitialise                          0x08004181   Thumb Code    22  list.o(i.vListInitialise)
    vListInitialiseItem                      0x08004197   Thumb Code     6  list.o(i.vListInitialiseItem)
    vListInsert                              0x0800419d   Thumb Code    48  list.o(i.vListInsert)
    vListInsertEnd                           0x080041cd   Thumb Code    24  list.o(i.vListInsertEnd)
    vPortEnterCritical                       0x080041e5   Thumb Code    54  port.o(i.vPortEnterCritical)
    vPortExitCritical                        0x08004225   Thumb Code    34  port.o(i.vPortExitCritical)
    vPortFree                                0x0800424d   Thumb Code    88  heap_4.o(i.vPortFree)
    vPortSetupTimerInterrupt                 0x080042a9   Thumb Code    32  port.o(i.vPortSetupTimerInterrupt)
    vPortValidateInterruptPriority           0x080042cd   Thumb Code    74  port.o(i.vPortValidateInterruptPriority)
    vQueueAddToRegistry                      0x08004321   Thumb Code    34  queue.o(i.vQueueAddToRegistry)
    vQueueWaitForMessageRestricted           0x08004349   Thumb Code    68  queue.o(i.vQueueWaitForMessageRestricted)
    vTaskDelay                               0x0800438d   Thumb Code    66  tasks.o(i.vTaskDelay)
    vTaskDelete                              0x080043d9   Thumb Code   130  tasks.o(i.vTaskDelete)
    vTaskInternalSetTimeOutState             0x08004469   Thumb Code    12  tasks.o(i.vTaskInternalSetTimeOutState)
    vTaskMissedYield                         0x08004479   Thumb Code     8  tasks.o(i.vTaskMissedYield)
    vTaskPlaceOnEventList                    0x08004485   Thumb Code    44  tasks.o(i.vTaskPlaceOnEventList)
    vTaskPlaceOnEventListRestricted          0x080044b5   Thumb Code    52  tasks.o(i.vTaskPlaceOnEventListRestricted)
    vTaskResume                              0x080044ed   Thumb Code   110  tasks.o(i.vTaskResume)
    vTaskStartScheduler                      0x08004569   Thumb Code   118  tasks.o(i.vTaskStartScheduler)
    vTaskSuspend                             0x080045f1   Thumb Code   144  tasks.o(i.vTaskSuspend)
    vTaskSuspendAll                          0x0800468d   Thumb Code    10  tasks.o(i.vTaskSuspendAll)
    vTaskSwitchContext                       0x0800469d   Thumb Code    90  tasks.o(i.vTaskSwitchContext)
    xPortStartScheduler                      0x08004701   Thumb Code   154  port.o(i.xPortStartScheduler)
    xQueueGenericCreateStatic                0x080047a9   Thumb Code   102  queue.o(i.xQueueGenericCreateStatic)
    xQueueGenericReset                       0x08004811   Thumb Code   132  queue.o(i.xQueueGenericReset)
    xQueueGenericSend                        0x08004899   Thumb Code   346  queue.o(i.xQueueGenericSend)
    xQueueGenericSendFromISR                 0x080049f9   Thumb Code   188  queue.o(i.xQueueGenericSendFromISR)
    xQueueReceive                            0x08004ab5   Thumb Code   308  queue.o(i.xQueueReceive)
    xTaskCheckForTimeOut                     0x08004bed   Thumb Code   112  tasks.o(i.xTaskCheckForTimeOut)
    xTaskCreate                              0x08004c61   Thumb Code    90  tasks.o(i.xTaskCreate)
    xTaskCreateStatic                        0x08004cbb   Thumb Code    86  tasks.o(i.xTaskCreateStatic)
    xTaskGetSchedulerState                   0x08004d11   Thumb Code    22  tasks.o(i.xTaskGetSchedulerState)
    xTaskGetTickCount                        0x08004d2d   Thumb Code     6  tasks.o(i.xTaskGetTickCount)
    xTaskIncrementTick                       0x08004d39   Thumb Code   190  tasks.o(i.xTaskIncrementTick)
    xTaskPriorityDisinherit                  0x08004e01   Thumb Code   118  tasks.o(i.xTaskPriorityDisinherit)
    xTaskRemoveFromEventList                 0x08004e81   Thumb Code    98  tasks.o(i.xTaskRemoveFromEventList)
    xTaskResumeAll                           0x08004ef1   Thumb Code   182  tasks.o(i.xTaskResumeAll)
    xTimerCreateTimerTask                    0x08004fb5   Thumb Code    78  timers.o(i.xTimerCreateTimerTask)
    xTimerGenericCommand                     0x08005015   Thumb Code    98  timers.o(i.xTimerGenericCommand)
    defaultTask_attributes                   0x0800507c   Data          36  freertos.o(.constdata)
    AHBPrescTable                            0x080050b2   Data          16  system_stm32f1xx.o(.constdata)
    APBPrescTable                            0x080050c2   Data           8  system_stm32f1xx.o(.constdata)
    ascii_font                               0x080050ca   Data        2048  driver_oled.o(.constdata)
    Region$$Table$$Base                      0x080058d8   Number         0  anon$$obj.o(Region$$Table)
    Region$$Table$$Limit                     0x080058f8   Number         0  anon$$obj.o(Region$$Table)
    defaultTaskHandle                        0x20000008   Data           4  freertos.o(.data)
    Tone_Index                               0x2000000c   Data          48  music.o(.data)
    Music_Lone_Brave                         0x2000003c   Data        3942  music.o(.data)
    uwTickFreq                               0x20000fa4   Data           1  stm32f1xx_hal.o(.data)
    uwTickPrio                               0x20000fa8   Data           4  stm32f1xx_hal.o(.data)
    uwTick                                   0x20000fac   Data           4  stm32f1xx_hal.o(.data)
    SystemCoreClock                          0x20000fb0   Data           4  system_stm32f1xx.o(.data)
    pxCurrentTCB                             0x20000fb4   Data           4  tasks.o(.data)
    hadc1                                    0x20001528   Data          48  adc.o(.bss)
    hi2c1                                    0x20001558   Data          84  i2c.o(.bss)
    hspi1                                    0x200015ac   Data          88  spi.o(.bss)
    htim1                                    0x20001604   Data          72  tim.o(.bss)
    htim2                                    0x2000164c   Data          72  tim.o(.bss)
    htim3                                    0x20001694   Data          72  tim.o(.bss)
    huart1                                   0x200016dc   Data          72  usart.o(.bss)
    hpcd_USB_FS                              0x20001724   Data         752  usb.o(.bss)
    htim4                                    0x20001a14   Data          72  stm32f1xx_hal_timebase_tim.o(.bss)
    xQueueRegistry                           0x20001a5c   Data          64  queue.o(.bss)
    __libspace_start                         0x200035d0   Data          96  libspace.o(.bss)
    __temporary_stack_top$libspace           0x20003630   Data           0  libspace.o(.bss)



==============================================================================

Memory Map of the image

  Image Entry point : 0x080000ed

  Load Region LR_IROM1 (Base: 0x08000000, Size: 0x00006968, Max: 0x00010000, ABSOLUTE, COMPRESSED[0x00005ad0])

    Execution Region ER_IROM1 (Exec base: 0x08000000, Load base: 0x08000000, Size: 0x000058f8, Max: 0x00010000, ABSOLUTE)

    Exec Addr    Load Addr    Size         Type   Attr      Idx    E Section Name        Object

    0x08000000   0x08000000   0x000000ec   Data   RO            3    RESET               startup_stm32f103xb.o
    0x080000ec   0x080000ec   0x00000008   Code   RO         7798  * !!!main             c_w.l(__main.o)
    0x080000f4   0x080000f4   0x00000034   Code   RO         8156    !!!scatter          c_w.l(__scatter.o)
    0x08000128   0x08000128   0x00000064   Code   RO         8154    !!dclz77c           c_w.l(__dclz77c.o)
    0x0800018c   0x0800018c   0x0000001c   Code   RO         8158    !!handler_zi        c_w.l(__scatter_zi.o)
    0x080001a8   0x080001a8   0x00000002   Code   RO         7961    .ARM.Collect$$libinit$$00000000  c_w.l(libinit.o)
    0x080001aa   0x080001aa   0x00000000   Code   RO         7963    .ARM.Collect$$libinit$$00000002  c_w.l(libinit2.o)
    0x080001aa   0x080001aa   0x00000000   Code   RO         7965    .ARM.Collect$$libinit$$00000004  c_w.l(libinit2.o)
    0x080001aa   0x080001aa   0x00000000   Code   RO         7968    .ARM.Collect$$libinit$$0000000A  c_w.l(libinit2.o)
    0x080001aa   0x080001aa   0x00000000   Code   RO         7970    .ARM.Collect$$libinit$$0000000C  c_w.l(libinit2.o)
    0x080001aa   0x080001aa   0x00000000   Code   RO         7972    .ARM.Collect$$libinit$$0000000E  c_w.l(libinit2.o)
    0x080001aa   0x080001aa   0x00000000   Code   RO         7975    .ARM.Collect$$libinit$$00000011  c_w.l(libinit2.o)
    0x080001aa   0x080001aa   0x00000000   Code   RO         7977    .ARM.Collect$$libinit$$00000013  c_w.l(libinit2.o)
    0x080001aa   0x080001aa   0x00000000   Code   RO         7979    .ARM.Collect$$libinit$$00000015  c_w.l(libinit2.o)
    0x080001aa   0x080001aa   0x00000000   Code   RO         7981    .ARM.Collect$$libinit$$00000017  c_w.l(libinit2.o)
    0x080001aa   0x080001aa   0x00000000   Code   RO         7983    .ARM.Collect$$libinit$$00000019  c_w.l(libinit2.o)
    0x080001aa   0x080001aa   0x00000000   Code   RO         7985    .ARM.Collect$$libinit$$0000001B  c_w.l(libinit2.o)
    0x080001aa   0x080001aa   0x00000000   Code   RO         7987    .ARM.Collect$$libinit$$0000001D  c_w.l(libinit2.o)
    0x080001aa   0x080001aa   0x00000000   Code   RO         7989    .ARM.Collect$$libinit$$0000001F  c_w.l(libinit2.o)
    0x080001aa   0x080001aa   0x00000000   Code   RO         7991    .ARM.Collect$$libinit$$00000021  c_w.l(libinit2.o)
    0x080001aa   0x080001aa   0x00000000   Code   RO         7993    .ARM.Collect$$libinit$$00000023  c_w.l(libinit2.o)
    0x080001aa   0x080001aa   0x00000000   Code   RO         7995    .ARM.Collect$$libinit$$00000025  c_w.l(libinit2.o)
    0x080001aa   0x080001aa   0x00000000   Code   RO         7999    .ARM.Collect$$libinit$$0000002C  c_w.l(libinit2.o)
    0x080001aa   0x080001aa   0x00000000   Code   RO         8001    .ARM.Collect$$libinit$$0000002E  c_w.l(libinit2.o)
    0x080001aa   0x080001aa   0x00000000   Code   RO         8003    .ARM.Collect$$libinit$$00000030  c_w.l(libinit2.o)
    0x080001aa   0x080001aa   0x00000000   Code   RO         8005    .ARM.Collect$$libinit$$00000032  c_w.l(libinit2.o)
    0x080001aa   0x080001aa   0x00000002   Code   RO         8006    .ARM.Collect$$libinit$$00000033  c_w.l(libinit2.o)
    0x080001ac   0x080001ac   0x00000002   Code   RO         8135    .ARM.Collect$$libshutdown$$00000000  c_w.l(libshutdown.o)
    0x080001ae   0x080001ae   0x00000000   Code   RO         8008    .ARM.Collect$$libshutdown$$00000002  c_w.l(libshutdown2.o)
    0x080001ae   0x080001ae   0x00000000   Code   RO         8010    .ARM.Collect$$libshutdown$$00000004  c_w.l(libshutdown2.o)
    0x080001ae   0x080001ae   0x00000000   Code   RO         8012    .ARM.Collect$$libshutdown$$00000006  c_w.l(libshutdown2.o)
    0x080001ae   0x080001ae   0x00000000   Code   RO         8015    .ARM.Collect$$libshutdown$$00000009  c_w.l(libshutdown2.o)
    0x080001ae   0x080001ae   0x00000000   Code   RO         8018    .ARM.Collect$$libshutdown$$0000000C  c_w.l(libshutdown2.o)
    0x080001ae   0x080001ae   0x00000000   Code   RO         8020    .ARM.Collect$$libshutdown$$0000000E  c_w.l(libshutdown2.o)
    0x080001ae   0x080001ae   0x00000000   Code   RO         8023    .ARM.Collect$$libshutdown$$00000011  c_w.l(libshutdown2.o)
    0x080001ae   0x080001ae   0x00000002   Code   RO         8024    .ARM.Collect$$libshutdown$$00000012  c_w.l(libshutdown2.o)
    0x080001b0   0x080001b0   0x00000000   Code   RO         7818    .ARM.Collect$$rtentry$$00000000  c_w.l(__rtentry.o)
    0x080001b0   0x080001b0   0x00000000   Code   RO         7842    .ARM.Collect$$rtentry$$00000002  c_w.l(__rtentry2.o)
    0x080001b0   0x080001b0   0x00000006   Code   RO         7854    .ARM.Collect$$rtentry$$00000004  c_w.l(__rtentry4.o)
    0x080001b6   0x080001b6   0x00000000   Code   RO         7844    .ARM.Collect$$rtentry$$00000009  c_w.l(__rtentry2.o)
    0x080001b6   0x080001b6   0x00000004   Code   RO         7845    .ARM.Collect$$rtentry$$0000000A  c_w.l(__rtentry2.o)
    0x080001ba   0x080001ba   0x00000000   Code   RO         7847    .ARM.Collect$$rtentry$$0000000C  c_w.l(__rtentry2.o)
    0x080001ba   0x080001ba   0x00000008   Code   RO         7848    .ARM.Collect$$rtentry$$0000000D  c_w.l(__rtentry2.o)
    0x080001c2   0x080001c2   0x00000002   Code   RO         8031    .ARM.Collect$$rtexit$$00000000  c_w.l(rtexit.o)
    0x080001c4   0x080001c4   0x00000000   Code   RO         8081    .ARM.Collect$$rtexit$$00000002  c_w.l(rtexit2.o)
    0x080001c4   0x080001c4   0x00000004   Code   RO         8082    .ARM.Collect$$rtexit$$00000003  c_w.l(rtexit2.o)
    0x080001c8   0x080001c8   0x00000006   Code   RO         8083    .ARM.Collect$$rtexit$$00000004  c_w.l(rtexit2.o)
    0x080001ce   0x080001ce   0x00000002   PAD
    0x080001d0   0x080001d0   0x00000096   Code   RO         6473    .emb_text           port.o
    0x08000266   0x08000266   0x00000002   PAD
    0x08000268   0x08000268   0x00000040   Code   RO            4    .text               startup_stm32f103xb.o
    0x080002a8   0x080002a8   0x000000ee   Code   RO         7752    .text               c_w.l(lludivv7m.o)
    0x08000396   0x08000396   0x0000008a   Code   RO         7786    .text               c_w.l(rt_memcpy_v6.o)
    0x08000420   0x08000420   0x00000064   Code   RO         7788    .text               c_w.l(rt_memcpy_w.o)
    0x08000484   0x08000484   0x00000010   Code   RO         7792    .text               c_w.l(aeabi_memset.o)
    0x08000494   0x08000494   0x0000004e   Code   RO         7794    .text               c_w.l(rt_memclr_w.o)
    0x080004e2   0x080004e2   0x00000006   Code   RO         7796    .text               c_w.l(heapauxi.o)
    0x080004e8   0x080004e8   0x00000044   Code   RO         7834    .text               c_w.l(rt_memclr.o)
    0x0800052c   0x0800052c   0x0000004a   Code   RO         7875    .text               c_w.l(sys_stackheap_outer.o)
    0x08000576   0x08000576   0x00000012   Code   RO         7946    .text               c_w.l(exit.o)
    0x08000588   0x08000588   0x00000008   Code   RO         8025    .text               c_w.l(libspace.o)
    0x08000590   0x08000590   0x00000002   Code   RO         8028    .text               c_w.l(use_no_semi.o)
    0x08000592   0x08000592   0x00000000   Code   RO         8030    .text               c_w.l(indicate_semi.o)
    0x08000592   0x08000592   0x00000002   PAD
    0x08000594   0x08000594   0x0000000c   Code   RO         8078    .text               c_w.l(sys_exit.o)
    0x080005a0   0x080005a0   0x00000056   Code   RO         2028    i.ADC_ConversionStop_Disable  stm32f1xx_hal_adc.o
    0x080005f6   0x080005f6   0x00000002   Code   RO          858    i.BusFault_Handler  stm32f1xx_it.o
    0x080005f8   0x080005f8   0x000000a4   Code   RO         6598    i.ColorLED_Set      driver_color_led.o
    0x0800069c   0x0800069c   0x00000024   Code   RO         6599    i.ColorLED_Test     driver_color_led.o
    0x080006c0   0x080006c0   0x00000002   Code   RO          859    i.DebugMon_Handler  stm32f1xx_it.o
    0x080006c2   0x080006c2   0x0000001e   Code   RO          860    i.EXTI15_10_IRQHandler  stm32f1xx_it.o
    0x080006e0   0x080006e0   0x00000004   Code   RO           13    i.Error_Handler     main.o
    0x080006e4   0x080006e4   0x0000002c   Code   RO         6935    i.GetKeyFromBuf     driver_ir_receiver.o
    0x08000710   0x08000710   0x000000fc   Code   RO         2034    i.HAL_ADC_ConfigChannel  stm32f1xx_hal_adc.o
    0x0800080c   0x0800080c   0x0000011c   Code   RO         2043    i.HAL_ADC_Init      stm32f1xx_hal_adc.o
    0x08000928   0x08000928   0x00000058   Code   RO          577    i.HAL_ADC_MspInit   adc.o
    0x08000980   0x08000980   0x00000016   Code   RO         7048    i.HAL_GPIO_EXTI_Callback  driver_irq.o
    0x08000996   0x08000996   0x00000002   PAD
    0x08000998   0x08000998   0x00000018   Code   RO         2620    i.HAL_GPIO_EXTI_IRQHandler  stm32f1xx_hal_gpio.o
    0x080009b0   0x080009b0   0x000001e0   Code   RO         2621    i.HAL_GPIO_Init     stm32f1xx_hal_gpio.o
    0x08000b90   0x08000b90   0x0000000a   Code   RO         2623    i.HAL_GPIO_ReadPin  stm32f1xx_hal_gpio.o
    0x08000b9a   0x08000b9a   0x0000000a   Code   RO         2625    i.HAL_GPIO_WritePin  stm32f1xx_hal_gpio.o
    0x08000ba4   0x08000ba4   0x0000000c   Code   RO         2315    i.HAL_GetTick       stm32f1xx_hal.o
    0x08000bb0   0x08000bb0   0x00000188   Code   RO         3292    i.HAL_I2C_Init      stm32f1xx_hal_i2c.o
    0x08000d38   0x08000d38   0x0000012c   Code   RO         3305    i.HAL_I2C_Master_Transmit  stm32f1xx_hal_i2c.o
    0x08000e64   0x08000e64   0x00000130   Code   RO         3313    i.HAL_I2C_Mem_Write  stm32f1xx_hal_i2c.o
    0x08000f94   0x08000f94   0x0000005c   Code   RO          619    i.HAL_I2C_MspInit   i2c.o
    0x08000ff0   0x08000ff0   0x00000010   Code   RO         2321    i.HAL_IncTick       stm32f1xx_hal.o
    0x08001000   0x08001000   0x00000024   Code   RO         2322    i.HAL_Init          stm32f1xx_hal.o
    0x08001024   0x08001024   0x00000098   Code   RO          952    i.HAL_InitTick      stm32f1xx_hal_timebase_tim.o
    0x080010bc   0x080010bc   0x00000048   Code   RO          928    i.HAL_MspInit       stm32f1xx_hal_msp.o
    0x08001104   0x08001104   0x0000001a   Code   RO         2781    i.HAL_NVIC_EnableIRQ  stm32f1xx_hal_cortex.o
    0x0800111e   0x0800111e   0x00000002   PAD
    0x08001120   0x08001120   0x00000040   Code   RO         2787    i.HAL_NVIC_SetPriority  stm32f1xx_hal_cortex.o
    0x08001160   0x08001160   0x00000024   Code   RO         2788    i.HAL_NVIC_SetPriorityGrouping  stm32f1xx_hal_cortex.o
    0x08001184   0x08001184   0x000000da   Code   RO         4427    i.HAL_PCD_Init      stm32f1xx_hal_pcd.o
    0x0800125e   0x0800125e   0x00000002   PAD
    0x08001260   0x08001260   0x00000028   Code   RO          817    i.HAL_PCD_MspInit   usb.o
    0x08001288   0x08001288   0x000000ec   Code   RO         2583    i.HAL_RCCEx_PeriphCLKConfig  stm32f1xx_hal_rcc_ex.o
    0x08001374   0x08001374   0x0000012c   Code   RO         2479    i.HAL_RCC_ClockConfig  stm32f1xx_hal_rcc.o
    0x080014a0   0x080014a0   0x00000040   Code   RO         2483    i.HAL_RCC_GetClockConfig  stm32f1xx_hal_rcc.o
    0x080014e0   0x080014e0   0x00000020   Code   RO         2486    i.HAL_RCC_GetPCLK1Freq  stm32f1xx_hal_rcc.o
    0x08001500   0x08001500   0x00000020   Code   RO         2487    i.HAL_RCC_GetPCLK2Freq  stm32f1xx_hal_rcc.o
    0x08001520   0x08001520   0x0000004c   Code   RO         2488    i.HAL_RCC_GetSysClockFreq  stm32f1xx_hal_rcc.o
    0x0800156c   0x0800156c   0x00000320   Code   RO         2491    i.HAL_RCC_OscConfig  stm32f1xx_hal_rcc.o
    0x0800188c   0x0800188c   0x000000b2   Code   RO         3729    i.HAL_SPI_Init      stm32f1xx_hal_spi.o
    0x0800193e   0x0800193e   0x00000002   PAD
    0x08001940   0x08001940   0x00000070   Code   RO          661    i.HAL_SPI_MspInit   spi.o
    0x080019b0   0x080019b0   0x00000002   Code   RO         1761    i.HAL_TIMEx_BreakCallback  stm32f1xx_hal_tim_ex.o
    0x080019b2   0x080019b2   0x00000002   Code   RO         1762    i.HAL_TIMEx_CommutCallback  stm32f1xx_hal_tim_ex.o
    0x080019b4   0x080019b4   0x00000054   Code   RO         1764    i.HAL_TIMEx_ConfigBreakDeadTime  stm32f1xx_hal_tim_ex.o
    0x08001a08   0x08001a08   0x00000068   Code   RO         1780    i.HAL_TIMEx_MasterConfigSynchronization  stm32f1xx_hal_tim_ex.o
    0x08001a70   0x08001a70   0x0000005c   Code   RO         1055    i.HAL_TIM_Base_DeInit  stm32f1xx_hal_tim.o
    0x08001acc   0x08001acc   0x0000005a   Code   RO         1057    i.HAL_TIM_Base_Init  stm32f1xx_hal_tim.o
    0x08001b26   0x08001b26   0x00000002   PAD
    0x08001b28   0x08001b28   0x0000002c   Code   RO          702    i.HAL_TIM_Base_MspDeInit  tim.o
    0x08001b54   0x08001b54   0x0000003c   Code   RO          703    i.HAL_TIM_Base_MspInit  tim.o
    0x08001b90   0x08001b90   0x00000058   Code   RO         1062    i.HAL_TIM_Base_Start_IT  stm32f1xx_hal_tim.o
    0x08001be8   0x08001be8   0x000000dc   Code   RO         1066    i.HAL_TIM_ConfigClockSource  stm32f1xx_hal_tim.o
    0x08001cc4   0x08001cc4   0x00000002   Code   RO         1091    i.HAL_TIM_IC_CaptureCallback  stm32f1xx_hal_tim.o
    0x08001cc6   0x08001cc6   0x00000166   Code   RO         1105    i.HAL_TIM_IRQHandler  stm32f1xx_hal_tim.o
    0x08001e2c   0x08001e2c   0x000000ec   Code   RO          704    i.HAL_TIM_MspPostInit  tim.o
    0x08001f18   0x08001f18   0x00000002   Code   RO         1108    i.HAL_TIM_OC_DelayElapsedCallback  stm32f1xx_hal_tim.o
    0x08001f1a   0x08001f1a   0x000000cc   Code   RO         1129    i.HAL_TIM_PWM_ConfigChannel  stm32f1xx_hal_tim.o
    0x08001fe6   0x08001fe6   0x0000005a   Code   RO         1132    i.HAL_TIM_PWM_Init  stm32f1xx_hal_tim.o
    0x08002040   0x08002040   0x00000028   Code   RO          706    i.HAL_TIM_PWM_MspInit  tim.o
    0x08002068   0x08002068   0x00000002   Code   RO         1135    i.HAL_TIM_PWM_PulseFinishedCallback  stm32f1xx_hal_tim.o
    0x0800206a   0x0800206a   0x00000002   PAD
    0x0800206c   0x0800206c   0x0000009c   Code   RO         1137    i.HAL_TIM_PWM_Start  stm32f1xx_hal_tim.o
    0x08002108   0x08002108   0x00000070   Code   RO         1140    i.HAL_TIM_PWM_Stop  stm32f1xx_hal_tim.o
    0x08002178   0x08002178   0x00000014   Code   RO           14    i.HAL_TIM_PeriodElapsedCallback  main.o
    0x0800218c   0x0800218c   0x00000002   Code   RO         1148    i.HAL_TIM_TriggerCallback  stm32f1xx_hal_tim.o
    0x0800218e   0x0800218e   0x00000064   Code   RO         4070    i.HAL_UART_Init     stm32f1xx_hal_uart.o
    0x080021f2   0x080021f2   0x00000002   PAD
    0x080021f4   0x080021f4   0x00000070   Code   RO          775    i.HAL_UART_MspInit  usart.o
    0x08002264   0x08002264   0x00000002   Code   RO          861    i.HardFault_Handler  stm32f1xx_it.o
    0x08002266   0x08002266   0x0000002e   Code   RO         3335    i.I2C_IsAcknowledgeFailed  stm32f1xx_hal_i2c.o
    0x08002294   0x08002294   0x0000009c   Code   RO         3339    i.I2C_MasterRequestWrite  stm32f1xx_hal_i2c.o
    0x08002330   0x08002330   0x000000a8   Code   RO         3346    i.I2C_RequestMemoryWrite  stm32f1xx_hal_i2c.o
    0x080023d8   0x080023d8   0x00000056   Code   RO         3350    i.I2C_WaitOnBTFFlagUntilTimeout  stm32f1xx_hal_i2c.o
    0x0800242e   0x0800242e   0x00000002   PAD
    0x08002430   0x08002430   0x00000090   Code   RO         3351    i.I2C_WaitOnFlagUntilTimeout  stm32f1xx_hal_i2c.o
    0x080024c0   0x080024c0   0x000000bc   Code   RO         3352    i.I2C_WaitOnMasterAddressFlagUntilTimeout  stm32f1xx_hal_i2c.o
    0x0800257c   0x0800257c   0x00000056   Code   RO         3354    i.I2C_WaitOnTXEFlagUntilTimeout  stm32f1xx_hal_i2c.o
    0x080025d2   0x080025d2   0x00000002   PAD
    0x080025d4   0x080025d4   0x00000120   Code   RO         6937    i.IRReceiver_IRQTimes_Parse  driver_ir_receiver.o
    0x080026f4   0x080026f4   0x000000b8   Code   RO         6938    i.IRReceiver_IRQ_Callback  driver_ir_receiver.o
    0x080027ac   0x080027ac   0x00000002   Code   RO         6939    i.IRReceiver_Init   driver_ir_receiver.o
    0x080027ae   0x080027ae   0x00000002   PAD
    0x080027b0   0x080027b0   0x0000002c   Code   RO         6940    i.IRReceiver_Read   driver_ir_receiver.o
    0x080027dc   0x080027dc   0x00000004   Code   RO         7110    i.LCD_Clear         driver_lcd.o
    0x080027e0   0x080027e0   0x00000004   Code   RO         7111    i.LCD_ClearLine     driver_lcd.o
    0x080027e4   0x080027e4   0x00000004   Code   RO         7112    i.LCD_Init          driver_lcd.o
    0x080027e8   0x080027e8   0x00000004   Code   RO         7115    i.LCD_PrintString   driver_lcd.o
    0x080027ec   0x080027ec   0x00000020   Code   RO         7170    i.Led_Control       driver_led.o
    0x0800280c   0x0800280c   0x00000054   Code   RO         7171    i.Led_Init          driver_led.o
    0x08002860   0x08002860   0x00000038   Code   RO         7172    i.Led_Test          driver_led.o
    0x08002898   0x08002898   0x00000050   Code   RO          988    i.MUSIC_Analysis    music.o
    0x080028e8   0x080028e8   0x00000050   Code   RO          578    i.MX_ADC1_Init      adc.o
    0x08002938   0x08002938   0x0000007c   Code   RO          347    i.MX_FREERTOS_Init  freertos.o
    0x080029b4   0x080029b4   0x00000150   Code   RO          218    i.MX_GPIO_Init      gpio.o
    0x08002b04   0x08002b04   0x00000040   Code   RO          620    i.MX_I2C1_Init      i2c.o
    0x08002b44   0x08002b44   0x00000048   Code   RO          662    i.MX_SPI1_Init      spi.o
    0x08002b8c   0x08002b8c   0x000000d0   Code   RO          707    i.MX_TIM1_Init      tim.o
    0x08002c5c   0x08002c5c   0x000000bc   Code   RO          708    i.MX_TIM2_Init      tim.o
    0x08002d18   0x08002d18   0x00000078   Code   RO          709    i.MX_TIM3_Init      tim.o
    0x08002d90   0x08002d90   0x00000038   Code   RO          776    i.MX_USART1_UART_Init  usart.o
    0x08002dc8   0x08002dc8   0x00000034   Code   RO          818    i.MX_USB_PCD_Init   usb.o
    0x08002dfc   0x08002dfc   0x00000002   Code   RO          862    i.MemManage_Handler  stm32f1xx_it.o
    0x08002dfe   0x08002dfe   0x00000002   Code   RO          863    i.NMI_Handler       stm32f1xx_it.o
    0x08002e00   0x08002e00   0x0000002a   Code   RO         7356    i.OLED_Clear        driver_oled.o
    0x08002e2a   0x08002e2a   0x0000001c   Code   RO         7357    i.OLED_ClearLine    driver_oled.o
    0x08002e46   0x08002e46   0x00000002   PAD
    0x08002e48   0x08002e48   0x00000094   Code   RO         7358    i.OLED_Init         driver_oled.o
    0x08002edc   0x08002edc   0x00000032   Code   RO         7361    i.OLED_PrintString  driver_oled.o
    0x08002f0e   0x08002f0e   0x00000002   PAD
    0x08002f10   0x08002f10   0x00000048   Code   RO         7362    i.OLED_PutChar      driver_oled.o
    0x08002f58   0x08002f58   0x0000002c   Code   RO         7363    i.OLED_SetComConfig  driver_oled.o
    0x08002f84   0x08002f84   0x00000040   Code   RO         7364    i.OLED_SetPosition  driver_oled.o
    0x08002fc4   0x08002fc4   0x00000028   Code   RO         7366    i.OLED_WriteCmd     driver_oled.o
    0x08002fec   0x08002fec   0x00000020   Code   RO         7367    i.OLED_WriteNBytes  driver_oled.o
    0x0800300c   0x0800300c   0x00000018   Code   RO         7450    i.PassiveBuzzer_Control  driver_passive_buzzer.o
    0x08003024   0x08003024   0x00000068   Code   RO         7451    i.PassiveBuzzer_Init  driver_passive_buzzer.o
    0x0800308c   0x0800308c   0x00000088   Code   RO         7452    i.PassiveBuzzer_Set_Freq_Duty  driver_passive_buzzer.o
    0x08003114   0x08003114   0x0000000a   Code   RO          989    i.PlayMusic         music.o
    0x0800311e   0x0800311e   0x00000002   PAD
    0x08003120   0x08003120   0x0000002c   Code   RO         6942    i.PutKeyToBuf       driver_ir_receiver.o
    0x0800314c   0x0800314c   0x0000006c   Code   RO         7497    i.RotaryEncoder_IRQ_Callback  driver_rotary_encoder.o
    0x080031b8   0x080031b8   0x0000011c   Code   RO          348    i.StartDefaultTask  freertos.o
    0x080032d4   0x080032d4   0x0000002c   Code   RO         6474    i.SysTick_Handler   port.o
    0x08003300   0x08003300   0x0000007c   Code   RO           15    i.SystemClock_Config  main.o
    0x0800337c   0x0800337c   0x00000002   Code   RO         4869    i.SystemInit        system_stm32f1xx.o
    0x0800337e   0x0800337e   0x00000002   PAD
    0x08003380   0x08003380   0x0000000c   Code   RO          864    i.TIM4_IRQHandler   stm32f1xx_it.o
    0x0800338c   0x0800338c   0x0000006c   Code   RO         1150    i.TIM_Base_SetConfig  stm32f1xx_hal_tim.o
    0x080033f8   0x080033f8   0x0000001a   Code   RO         1151    i.TIM_CCxChannelCmd  stm32f1xx_hal_tim.o
    0x08003412   0x08003412   0x00000014   Code   RO         1161    i.TIM_ETR_SetConfig  stm32f1xx_hal_tim.o
    0x08003426   0x08003426   0x00000010   Code   RO         1162    i.TIM_ITRx_SetConfig  stm32f1xx_hal_tim.o
    0x08003436   0x08003436   0x00000002   PAD
    0x08003438   0x08003438   0x00000050   Code   RO         1163    i.TIM_OC1_SetConfig  stm32f1xx_hal_tim.o
    0x08003488   0x08003488   0x00000058   Code   RO         1164    i.TIM_OC2_SetConfig  stm32f1xx_hal_tim.o
    0x080034e0   0x080034e0   0x00000058   Code   RO         1165    i.TIM_OC3_SetConfig  stm32f1xx_hal_tim.o
    0x08003538   0x08003538   0x00000044   Code   RO         1166    i.TIM_OC4_SetConfig  stm32f1xx_hal_tim.o
    0x0800357c   0x0800357c   0x00000022   Code   RO         1168    i.TIM_TI1_ConfigInputStage  stm32f1xx_hal_tim.o
    0x0800359e   0x0800359e   0x00000024   Code   RO         1170    i.TIM_TI2_ConfigInputStage  stm32f1xx_hal_tim.o
    0x080035c2   0x080035c2   0x00000002   PAD
    0x080035c4   0x080035c4   0x000000b8   Code   RO         4096    i.UART_SetConfig    stm32f1xx_hal_uart.o
    0x0800367c   0x0800367c   0x00000004   Code   RO         4685    i.USB_CoreInit      stm32f1xx_ll_usb.o
    0x08003680   0x08003680   0x00000004   Code   RO         4689    i.USB_DevDisconnect  stm32f1xx_ll_usb.o
    0x08003684   0x08003684   0x00000012   Code   RO         4690    i.USB_DevInit       stm32f1xx_ll_usb.o
    0x08003696   0x08003696   0x0000000e   Code   RO         4691    i.USB_DisableGlobalInt  stm32f1xx_ll_usb.o
    0x080036a4   0x080036a4   0x00000004   Code   RO         4706    i.USB_SetCurrentMode  stm32f1xx_ll_usb.o
    0x080036a8   0x080036a8   0x00000002   Code   RO          865    i.UsageFault_Handler  stm32f1xx_it.o
    0x080036aa   0x080036aa   0x00000020   Code   RO         2794    i.__NVIC_SetPriority  stm32f1xx_hal_cortex.o
    0x080036ca   0x080036ca   0x0000003a   Code   RO           16    i.main              main.o
    0x08003704   0x08003704   0x0000001a   Code   RO         7622    i.mdelay            driver_timer.o
    0x0800371e   0x0800371e   0x00000002   PAD
    0x08003720   0x08003720   0x00000038   Code   RO         6017    i.osKernelInitialize  cmsis_os2.o
    0x08003758   0x08003758   0x00000040   Code   RO         6020    i.osKernelStart     cmsis_os2.o
    0x08003798   0x08003798   0x000000a4   Code   RO         6054    i.osThreadNew       cmsis_os2.o
    0x0800383c   0x0800383c   0x0000005c   Code   RO         5499    i.prvAddCurrentTaskToDelayedList  tasks.o
    0x08003898   0x08003898   0x000000d0   Code   RO         5500    i.prvAddNewTaskToReadyList  tasks.o
    0x08003968   0x08003968   0x00000058   Code   RO         5849    i.prvCheckForValidListAndQueue  timers.o
    0x080039c0   0x080039c0   0x00000026   Code   RO         5102    i.prvCopyDataFromQueue  queue.o
    0x080039e6   0x080039e6   0x0000006c   Code   RO         5103    i.prvCopyDataToQueue  queue.o
    0x08003a52   0x08003a52   0x00000034   Code   RO         5501    i.prvDeleteTCB      tasks.o
    0x08003a86   0x08003a86   0x00000002   PAD
    0x08003a88   0x08003a88   0x0000004c   Code   RO         6424    i.prvHeapInit       heap_4.o
    0x08003ad4   0x08003ad4   0x00000060   Code   RO         5502    i.prvIdleTask       tasks.o
    0x08003b34   0x08003b34   0x00000022   Code   RO         5105    i.prvInitialiseNewQueue  queue.o
    0x08003b56   0x08003b56   0x0000009c   Code   RO         5503    i.prvInitialiseNewTask  tasks.o
    0x08003bf2   0x08003bf2   0x00000002   PAD
    0x08003bf4   0x08003bf4   0x0000004c   Code   RO         6425    i.prvInsertBlockIntoFreeList  heap_4.o
    0x08003c40   0x08003c40   0x00000038   Code   RO         5851    i.prvInsertTimerInActiveList  timers.o
    0x08003c78   0x08003c78   0x0000001c   Code   RO         5106    i.prvIsQueueEmpty   queue.o
    0x08003c94   0x08003c94   0x000000cc   Code   RO         5852    i.prvProcessReceivedCommands  timers.o
    0x08003d60   0x08003d60   0x000000b4   Code   RO         5853    i.prvProcessTimerOrBlockTask  timers.o
    0x08003e14   0x08003e14   0x00000020   Code   RO         5505    i.prvResetNextTaskUnblockTime  tasks.o
    0x08003e34   0x08003e34   0x00000028   Code   RO         5854    i.prvSampleTimeNow  timers.o
    0x08003e5c   0x08003e5c   0x0000006c   Code   RO         5855    i.prvSwitchTimerLists  timers.o
    0x08003ec8   0x08003ec8   0x00000028   Code   RO         6475    i.prvTaskExitError  port.o
    0x08003ef0   0x08003ef0   0x00000034   Code   RO         5507    i.prvTaskIsTaskSuspended  tasks.o
    0x08003f24   0x08003f24   0x00000024   Code   RO         5856    i.prvTimerTask      timers.o
    0x08003f48   0x08003f48   0x0000006a   Code   RO         5107    i.prvUnlockQueue    queue.o
    0x08003fb2   0x08003fb2   0x00000002   PAD
    0x08003fb4   0x08003fb4   0x000000d8   Code   RO         6426    i.pvPortMalloc      heap_4.o
    0x0800408c   0x0800408c   0x00000024   Code   RO         6476    i.pxPortInitialiseStack  port.o
    0x080040b0   0x080040b0   0x00000044   Code   RO         7623    i.system_get_ns     driver_timer.o
    0x080040f4   0x080040f4   0x00000038   Code   RO         7624    i.udelay            driver_timer.o
    0x0800412c   0x0800412c   0x00000026   Code   RO         5062    i.uxListRemove      list.o
    0x08004152   0x08004152   0x00000002   PAD
    0x08004154   0x08004154   0x00000014   Code   RO         6066    i.vApplicationGetIdleTaskMemory  cmsis_os2.o
    0x08004168   0x08004168   0x00000018   Code   RO         6067    i.vApplicationGetTimerTaskMemory  cmsis_os2.o
    0x08004180   0x08004180   0x00000016   Code   RO         5063    i.vListInitialise   list.o
    0x08004196   0x08004196   0x00000006   Code   RO         5064    i.vListInitialiseItem  list.o
    0x0800419c   0x0800419c   0x00000030   Code   RO         5065    i.vListInsert       list.o
    0x080041cc   0x080041cc   0x00000018   Code   RO         5066    i.vListInsertEnd    list.o
    0x080041e4   0x080041e4   0x00000040   Code   RO         6478    i.vPortEnterCritical  port.o
    0x08004224   0x08004224   0x00000028   Code   RO         6479    i.vPortExitCritical  port.o
    0x0800424c   0x0800424c   0x0000005c   Code   RO         6427    i.vPortFree         heap_4.o
    0x080042a8   0x080042a8   0x00000024   Code   RO         6480    i.vPortSetupTimerInterrupt  port.o
    0x080042cc   0x080042cc   0x00000054   Code   RO         6481    i.vPortValidateInterruptPriority  port.o
    0x08004320   0x08004320   0x00000028   Code   RO         5113    i.vQueueAddToRegistry  queue.o
    0x08004348   0x08004348   0x00000044   Code   RO         5117    i.vQueueWaitForMessageRestricted  queue.o
    0x0800438c   0x0800438c   0x0000004c   Code   RO         5517    i.vTaskDelay        tasks.o
    0x080043d8   0x080043d8   0x00000090   Code   RO         5519    i.vTaskDelete       tasks.o
    0x08004468   0x08004468   0x00000010   Code   RO         5522    i.vTaskInternalSetTimeOutState  tasks.o
    0x08004478   0x08004478   0x0000000c   Code   RO         5523    i.vTaskMissedYield  tasks.o
    0x08004484   0x08004484   0x00000030   Code   RO         5525    i.vTaskPlaceOnEventList  tasks.o
    0x080044b4   0x080044b4   0x00000038   Code   RO         5526    i.vTaskPlaceOnEventListRestricted  tasks.o
    0x080044ec   0x080044ec   0x0000007c   Code   RO         5531    i.vTaskResume       tasks.o
    0x08004568   0x08004568   0x00000088   Code   RO         5534    i.vTaskStartScheduler  tasks.o
    0x080045f0   0x080045f0   0x0000009c   Code   RO         5535    i.vTaskSuspend      tasks.o
    0x0800468c   0x0800468c   0x00000010   Code   RO         5536    i.vTaskSuspendAll   tasks.o
    0x0800469c   0x0800469c   0x00000064   Code   RO         5537    i.vTaskSwitchContext  tasks.o
    0x08004700   0x08004700   0x000000a8   Code   RO         6482    i.xPortStartScheduler  port.o
    0x080047a8   0x080047a8   0x00000066   Code   RO         5123    i.xQueueGenericCreateStatic  queue.o
    0x0800480e   0x0800480e   0x00000002   PAD
    0x08004810   0x08004810   0x00000088   Code   RO         5124    i.xQueueGenericReset  queue.o
    0x08004898   0x08004898   0x00000160   Code   RO         5125    i.xQueueGenericSend  queue.o
    0x080049f8   0x080049f8   0x000000bc   Code   RO         5126    i.xQueueGenericSendFromISR  queue.o
    0x08004ab4   0x08004ab4   0x00000138   Code   RO         5135    i.xQueueReceive     queue.o
    0x08004bec   0x08004bec   0x00000074   Code   RO         5538    i.xTaskCheckForTimeOut  tasks.o
    0x08004c60   0x08004c60   0x0000005a   Code   RO         5539    i.xTaskCreate       tasks.o
    0x08004cba   0x08004cba   0x00000056   Code   RO         5540    i.xTaskCreateStatic  tasks.o
    0x08004d10   0x08004d10   0x0000001c   Code   RO         5544    i.xTaskGetSchedulerState  tasks.o
    0x08004d2c   0x08004d2c   0x0000000c   Code   RO         5545    i.xTaskGetTickCount  tasks.o
    0x08004d38   0x08004d38   0x000000c8   Code   RO         5547    i.xTaskIncrementTick  tasks.o
    0x08004e00   0x08004e00   0x00000080   Code   RO         5550    i.xTaskPriorityDisinherit  tasks.o
    0x08004e80   0x08004e80   0x00000070   Code   RO         5552    i.xTaskRemoveFromEventList  tasks.o
    0x08004ef0   0x08004ef0   0x000000c4   Code   RO         5553    i.xTaskResumeAll    tasks.o
    0x08004fb4   0x08004fb4   0x00000060   Code   RO         5863    i.xTimerCreateTimerTask  timers.o
    0x08005014   0x08005014   0x00000068   Code   RO         5864    i.xTimerGenericCommand  timers.o
    0x0800507c   0x0800507c   0x00000024   Data   RO          350    .constdata          freertos.o
    0x080050a0   0x080050a0   0x00000012   Data   RO         2492    .constdata          stm32f1xx_hal_rcc.o
    0x080050b2   0x080050b2   0x00000010   Data   RO         4870    .constdata          system_stm32f1xx.o
    0x080050c2   0x080050c2   0x00000008   Data   RO         4871    .constdata          system_stm32f1xx.o
    0x080050ca   0x080050ca   0x00000800   Data   RO         7368    .constdata          driver_oled.o
    0x080058ca   0x080058ca   0x00000002   PAD
    0x080058cc   0x080058cc   0x0000000c   Data   RO          351    .conststring        freertos.o
    0x080058d8   0x080058d8   0x00000020   Data   RO         8152    Region$$Table       anon$$obj.o


    Execution Region RW_IRAM1 (Exec base: 0x20000000, Load base: 0x080058f8, Size: 0x00003c30, Max: 0x00005000, ABSOLUTE, COMPRESSED[0x000001d8])

    Exec Addr    Load Addr    Size         Type   Attr      Idx    E Section Name        Object

    0x20000000   COMPRESSED   0x0000000c   Data   RW          352    .data               freertos.o
    0x2000000c   COMPRESSED   0x00000f96   Data   RW          990    .data               music.o
    0x20000fa2   COMPRESSED   0x00000002   PAD
    0x20000fa4   COMPRESSED   0x0000000c   Data   RW         2329    .data               stm32f1xx_hal.o
    0x20000fb0   COMPRESSED   0x00000004   Data   RW         4872    .data               system_stm32f1xx.o
    0x20000fb4   COMPRESSED   0x0000003c   Data   RW         5556    .data               tasks.o
    0x20000ff0   COMPRESSED   0x00000014   Data   RW         5872    .data               timers.o
    0x20001004   COMPRESSED   0x00000004   Data   RW         6069    .data               cmsis_os2.o
    0x20001008   COMPRESSED   0x00000018   Data   RW         6432    .data               heap_4.o
    0x20001020   COMPRESSED   0x0000000c   Data   RW         6483    .data               port.o
    0x2000102c   COMPRESSED   0x00000004   Data   RW         6600    .data               driver_color_led.o
    0x20001030   COMPRESSED   0x00000018   Data   RW         6946    .data               driver_ir_receiver.o
    0x20001048   COMPRESSED   0x00000008   Data   RW         7369    .data               driver_oled.o
    0x20001050   COMPRESSED   0x00000004   Data   RW         7454    .data               driver_passive_buzzer.o
    0x20001054   COMPRESSED   0x00000004   PAD
    0x20001058   COMPRESSED   0x00000018   Data   RW         7501    .data               driver_rotary_encoder.o
    0x20001070        -       0x000004b8   Zero   RW          349    .bss                freertos.o
    0x20001528        -       0x00000030   Zero   RW          579    .bss                adc.o
    0x20001558        -       0x00000054   Zero   RW          621    .bss                i2c.o
    0x200015ac        -       0x00000058   Zero   RW          663    .bss                spi.o
    0x20001604        -       0x000000d8   Zero   RW          710    .bss                tim.o
    0x200016dc        -       0x00000048   Zero   RW          777    .bss                usart.o
    0x20001724        -       0x000002f0   Zero   RW          819    .bss                usb.o
    0x20001a14        -       0x00000048   Zero   RW          955    .bss                stm32f1xx_hal_timebase_tim.o
    0x20001a5c        -       0x00000040   Zero   RW         5139    .bss                queue.o
    0x20001a9c        -       0x000004c4   Zero   RW         5555    .bss                tasks.o
    0x20001f60        -       0x00000118   Zero   RW         5871    .bss                timers.o
    0x20002078        -       0x000006b8   Zero   RW         6068    .bss                cmsis_os2.o
    0x20002730        -       0x00000c00   Zero   RW         6431    .bss                heap_4.o
    0x20003330        -       0x000002a0   Zero   RW         6943    .bss                driver_ir_receiver.o
    0x200035d0        -       0x00000060   Zero   RW         8026    .bss                c_w.l(libspace.o)
    0x20003630        -       0x00000200   Zero   RW            2    HEAP                startup_stm32f103xb.o
    0x20003830        -       0x00000400   Zero   RW            1    STACK               startup_stm32f103xb.o


==============================================================================

Image component sizes


      Code (inc. data)   RO Data    RW Data    ZI Data      Debug   Object Name

       168         22          0          0         48       1673   adc.o
       328         26          0          4       1720      13596   cmsis_os2.o
         0          0          0          0          0       7112   croutine.o
       200         10          0          4          0     380123   driver_color_led.o
       606         78          0         24        672       5092   driver_ir_receiver.o
        22          0          0          0          0        541   driver_irq.o
        16          0          0          0          0       2013   driver_lcd.o
       172         16          0          0          0       2220   driver_led.o
       520         30       2048          8          0       8962   driver_oled.o
       264         30          0          4          0       2735   driver_passive_buzzer.o
       108         12          0         24          0       2587   driver_rotary_encoder.o
       150         14          0          0          0       2430   driver_timer.o
         0          0          0          0          0      20204   event_groups.o
       408        138         48         12       1208      22549   freertos.o
       336         26          0          0          0     465467   gpio.o
       460         24          0         24       3072       4715   heap_4.o
       156         26          0          0         84       1661   i2c.o
       138          0          0          0          0       3438   list.o
       206          6          0          0          0     414148   main.o
        90          6          0       3990          0       1904   music.o
       662         70          0         12          0      10905   port.o
      1512         20          0          0         64      17016   queue.o
       184         24          0          0         88       1685   spi.o
        64         26        236          0       1536        820   startup_stm32f103xb.o
        64         14          0         12          0       4686   stm32f1xx_hal.o
       622         24          0          0          0       3332   stm32f1xx_hal_adc.o
       158         14          0          0          0      28218   stm32f1xx_hal_cortex.o
       524         40          0          0          0       4154   stm32f1xx_hal_gpio.o
      1870         48          0          0          0      11449   stm32f1xx_hal_i2c.o
        72         10          0          0          0        886   stm32f1xx_hal_msp.o
       218          0          0          0          0       1524   stm32f1xx_hal_pcd.o
      1304         94         18          0          0       5793   stm32f1xx_hal_rcc.o
       236         12          0          0          0       1396   stm32f1xx_hal_rcc_ex.o
       178          0          0          0          0       1247   stm32f1xx_hal_spi.o
      1982         62          0          0          0      17093   stm32f1xx_hal_tim.o
       192         12          0          0          0       3229   stm32f1xx_hal_tim_ex.o
       152         20          0          0         72       1499   stm32f1xx_hal_timebase_tim.o
       284          6          0          0          0       1952   stm32f1xx_hal_uart.o
        54          6          0          0          0       3566   stm32f1xx_it.o
        44          0          0          0          0       3376   stm32f1xx_ll_usb.o
         0          0          0          0          0       8900   stream_buffer.o
         2          0         24          4          0       1143   system_stm32f1xx.o
      2540        214          0         60       1220      26779   tasks.o
       896         76          0          0        216       5137   tim.o
       912         82          0         20        280      26103   timers.o
       168         20          0          0         72       1710   usart.o
        92         20          0          0        752       1562   usb.o

    ----------------------------------------------------------------------
     19380       1378       2408       4208      11104    1558330   Object Totals
         0          0         32          0          0          0   (incl. Generated)
        46          0          2          6          0          0   (incl. Padding)

    ----------------------------------------------------------------------

      Code (inc. data)   RO Data    RW Data    ZI Data      Debug   Library Member Name

       100          0          0          0          0          0   __dclz77c.o
         8          0          0          0          0         68   __main.o
         0          0          0          0          0          0   __rtentry.o
        12          0          0          0          0          0   __rtentry2.o
         6          0          0          0          0          0   __rtentry4.o
        52          8          0          0          0          0   __scatter.o
        28          0          0          0          0          0   __scatter_zi.o
        16          0          0          0          0         68   aeabi_memset.o
        18          0          0          0          0         80   exit.o
         6          0          0          0          0        152   heapauxi.o
         0          0          0          0          0          0   indicate_semi.o
         2          0          0          0          0          0   libinit.o
         2          0          0          0          0          0   libinit2.o
         2          0          0          0          0          0   libshutdown.o
         2          0          0          0          0          0   libshutdown2.o
         8          4          0          0         96         68   libspace.o
       238          0          0          0          0        100   lludivv7m.o
        68          0          0          0          0         68   rt_memclr.o
        78          0          0          0          0         80   rt_memclr_w.o
       138          0          0          0          0         68   rt_memcpy_v6.o
       100          0          0          0          0         80   rt_memcpy_w.o
         2          0          0          0          0          0   rtexit.o
        10          0          0          0          0          0   rtexit2.o
        12          4          0          0          0         68   sys_exit.o
        74          0          0          0          0         80   sys_stackheap_outer.o
         2          0          0          0          0         68   use_no_semi.o

    ----------------------------------------------------------------------
       988         16          0          0         96       1048   Library Totals
         4          0          0          0          0          0   (incl. Padding)

    ----------------------------------------------------------------------

      Code (inc. data)   RO Data    RW Data    ZI Data      Debug   Library Name

       984         16          0          0         96       1048   c_w.l

    ----------------------------------------------------------------------
       988         16          0          0         96       1048   Library Totals

    ----------------------------------------------------------------------

==============================================================================


      Code (inc. data)   RO Data    RW Data    ZI Data      Debug   

     20368       1394       2408       4208      11200    1548454   Grand Totals
     20368       1394       2408        472      11200    1548454   ELF Image Totals (compressed)
     20368       1394       2408        472          0          0   ROM Totals

==============================================================================

    Total RO  Size (Code + RO Data)                22776 (  22.24kB)
    Total RW  Size (RW Data + ZI Data)             15408 (  15.05kB)
    Total ROM Size (Code + RO Data + RW Data)      23248 (  22.70kB)

==============================================================================

