Component: ARM Compiler 5.06 update 7 (build 960) Tool: armlink [4d3601]

==============================================================================

Section Cross References

    startup_stm32f103xb.o(RESET) refers to startup_stm32f103xb.o(STACK) for __initial_sp
    startup_stm32f103xb.o(RESET) refers to startup_stm32f103xb.o(.text) for Reset_Handler
    startup_stm32f103xb.o(RESET) refers to stm32f1xx_it.o(i.NMI_Handler) for NMI_Handler
    startup_stm32f103xb.o(RESET) refers to stm32f1xx_it.o(i.HardFault_Handler) for HardFault_Handler
    startup_stm32f103xb.o(RESET) refers to stm32f1xx_it.o(i.MemManage_Handler) for MemManage_Handler
    startup_stm32f103xb.o(RESET) refers to stm32f1xx_it.o(i.BusFault_Handler) for BusFault_Handler
    startup_stm32f103xb.o(RESET) refers to stm32f1xx_it.o(i.UsageFault_Handler) for UsageFault_Handler
    startup_stm32f103xb.o(RESET) refers to port.o(.emb_text) for SVC_Handler
    startup_stm32f103xb.o(RESET) refers to stm32f1xx_it.o(i.DebugMon_Handler) for DebugMon_Handler
    startup_stm32f103xb.o(RESET) refers to port.o(i.SysTick_Handler) for SysTick_Handler
    startup_stm32f103xb.o(RESET) refers to stm32f1xx_it.o(i.TIM4_IRQHandler) for TIM4_IRQHandler
    startup_stm32f103xb.o(RESET) refers to stm32f1xx_it.o(i.EXTI15_10_IRQHandler) for EXTI15_10_IRQHandler
    startup_stm32f103xb.o(.text) refers to system_stm32f1xx.o(i.SystemInit) for SystemInit
    startup_stm32f103xb.o(.text) refers to entry.o(.ARM.Collect$$$$00000000) for __main
    music.o(i.MUSIC_Analysis) refers to driver_passive_buzzer.o(i.PassiveBuzzer_Set_Freq_Duty) for PassiveBuzzer_Set_Freq_Duty
    music.o(i.MUSIC_Analysis) refers to tasks.o(i.vTaskDelay) for vTaskDelay
    music.o(i.MUSIC_Analysis) refers to music.o(.data) for .data
    music.o(i.PlayMusic) refers to driver_passive_buzzer.o(i.PassiveBuzzer_Init) for PassiveBuzzer_Init
    music.o(i.PlayMusic) refers to music.o(i.MUSIC_Analysis) for MUSIC_Analysis
    main.o(i.HAL_TIM_PeriodElapsedCallback) refers to stm32f1xx_hal.o(i.HAL_IncTick) for HAL_IncTick
    main.o(i.SystemClock_Config) refers to memseta.o(.text) for __aeabi_memclr4
    main.o(i.SystemClock_Config) refers to stm32f1xx_hal_rcc.o(i.HAL_RCC_OscConfig) for HAL_RCC_OscConfig
    main.o(i.SystemClock_Config) refers to stm32f1xx_hal_rcc.o(i.HAL_RCC_ClockConfig) for HAL_RCC_ClockConfig
    main.o(i.SystemClock_Config) refers to stm32f1xx_hal_rcc_ex.o(i.HAL_RCCEx_PeriphCLKConfig) for HAL_RCCEx_PeriphCLKConfig
    main.o(i.main) refers to stm32f1xx_hal.o(i.HAL_Init) for HAL_Init
    main.o(i.main) refers to main.o(i.SystemClock_Config) for SystemClock_Config
    main.o(i.main) refers to gpio.o(i.MX_GPIO_Init) for MX_GPIO_Init
    main.o(i.main) refers to i2c.o(i.MX_I2C1_Init) for MX_I2C1_Init
    main.o(i.main) refers to adc.o(i.MX_ADC1_Init) for MX_ADC1_Init
    main.o(i.main) refers to spi.o(i.MX_SPI1_Init) for MX_SPI1_Init
    main.o(i.main) refers to usb.o(i.MX_USB_PCD_Init) for MX_USB_PCD_Init
    main.o(i.main) refers to tim.o(i.MX_TIM1_Init) for MX_TIM1_Init
    main.o(i.main) refers to tim.o(i.MX_TIM2_Init) for MX_TIM2_Init
    main.o(i.main) refers to tim.o(i.MX_TIM3_Init) for MX_TIM3_Init
    main.o(i.main) refers to usart.o(i.MX_USART1_UART_Init) for MX_USART1_UART_Init
    main.o(i.main) refers to cmsis_os2.o(i.osKernelInitialize) for osKernelInitialize
    main.o(i.main) refers to freertos.o(i.MX_FREERTOS_Init) for MX_FREERTOS_Init
    main.o(i.main) refers to cmsis_os2.o(i.osKernelStart) for osKernelStart
    gpio.o(i.MX_GPIO_Init) refers to stm32f1xx_hal_gpio.o(i.HAL_GPIO_WritePin) for HAL_GPIO_WritePin
    gpio.o(i.MX_GPIO_Init) refers to stm32f1xx_hal_gpio.o(i.HAL_GPIO_Init) for HAL_GPIO_Init
    gpio.o(i.MX_GPIO_Init) refers to stm32f1xx_hal_cortex.o(i.HAL_NVIC_SetPriority) for HAL_NVIC_SetPriority
    gpio.o(i.MX_GPIO_Init) refers to stm32f1xx_hal_cortex.o(i.HAL_NVIC_EnableIRQ) for HAL_NVIC_EnableIRQ
    freertos.o(i.GetI2C) refers to queue.o(i.xQueueSemaphoreTake) for xQueueSemaphoreTake
    freertos.o(i.GetI2C) refers to freertos.o(.data) for .data
    freertos.o(i.MX_FREERTOS_Init) refers to queue.o(i.xQueueCreateMutex) for xQueueCreateMutex
    freertos.o(i.MX_FREERTOS_Init) refers to driver_lcd.o(i.LCD_Init) for LCD_Init
    freertos.o(i.MX_FREERTOS_Init) refers to driver_lcd.o(i.LCD_Clear) for LCD_Clear
    freertos.o(i.MX_FREERTOS_Init) refers to driver_rotary_encoder.o(i.RotaryEncoder_Init) for RotaryEncoder_Init
    freertos.o(i.MX_FREERTOS_Init) refers to driver_ir_receiver.o(i.IRReceiver_Init) for IRReceiver_Init
    freertos.o(i.MX_FREERTOS_Init) refers to driver_mpu6050.o(i.MPU6050_Init) for MPU6050_Init
    freertos.o(i.MX_FREERTOS_Init) refers to driver_lcd.o(i.LCD_PrintString) for LCD_PrintString
    freertos.o(i.MX_FREERTOS_Init) refers to cmsis_os2.o(i.osThreadNew) for osThreadNew
    freertos.o(i.MX_FREERTOS_Init) refers to game2.o(i.car_game) for car_game
    freertos.o(i.MX_FREERTOS_Init) refers to freertos.o(.data) for .data
[...]
    i.udelay                                 0x0800443c   Section        0  driver_timer.o(i.udelay)
    i.uxListRemove                           0x08004474   Section        0  list.o(i.uxListRemove)
    i.uxTaskResetEventItemValue              0x0800449c   Section        0  tasks.o(i.uxTaskResetEventItemValue)
    i.vApplicationGetIdleTaskMemory          0x080044b4   Section        0  cmsis_os2.o(i.vApplicationGetIdleTaskMemory)
    i.vApplicationGetTimerTaskMemory         0x080044c8   Section        0  cmsis_os2.o(i.vApplicationGetTimerTaskMemory)
    i.vListInitialise                        0x080044e0   Section        0  list.o(i.vListInitialise)
    i.vListInitialiseItem                    0x080044f6   Section        0  list.o(i.vListInitialiseItem)
    i.vListInsert                            0x080044fc   Section        0  list.o(i.vListInsert)
    i.vListInsertEnd                         0x0800452c   Section        0  list.o(i.vListInsertEnd)
    i.vPortEnterCritical                     0x08004544   Section        0  port.o(i.vPortEnterCritical)
    i.vPortExitCritical                      0x08004584   Section        0  port.o(i.vPortExitCritical)
    i.vPortFree                              0x080045ac   Section        0  heap_4.o(i.vPortFree)
    i.vPortSetupTimerInterrupt               0x08004608   Section        0  port.o(i.vPortSetupTimerInterrupt)
    i.vPortValidateInterruptPriority         0x0800462c   Section        0  port.o(i.vPortValidateInterruptPriority)
    i.vQueueAddToRegistry                    0x08004680   Section        0  queue.o(i.vQueueAddToRegistry)
    i.vQueueWaitForMessageRestricted         0x080046a8   Section        0  queue.o(i.vQueueWaitForMessageRestricted)
    i.vTaskDelay                             0x080046ec   Section        0  tasks.o(i.vTaskDelay)
    i.vTaskDelete                            0x08004738   Section        0  tasks.o(i.vTaskDelete)
    i.vTaskInternalSetTimeOutState           0x080047c8   Section        0  tasks.o(i.vTaskInternalSetTimeOutState)
    i.vTaskMissedYield                       0x080047d8   Section        0  tasks.o(i.vTaskMissedYield)
    i.vTaskPlaceOnEventList                  0x080047e4   Section        0  tasks.o(i.vTaskPlaceOnEventList)
    i.vTaskPlaceOnEventListRestricted        0x08004814   Section        0  tasks.o(i.vTaskPlaceOnEventListRestricted)
    i.vTaskPlaceOnUnorderedEventList         0x0800484c   Section        0  tasks.o(i.vTaskPlaceOnUnorderedEventList)
    i.vTaskPriorityDisinheritAfterTimeout    0x0800489c   Section        0  tasks.o(i.vTaskPriorityDisinheritAfterTimeout)
    i.vTaskRemoveFromUnorderedEventList      0x0800492c   Section        0  tasks.o(i.vTaskRemoveFromUnorderedEventList)
    i.vTaskResume                            0x0800499c   Section        0  tasks.o(i.vTaskResume)
    i.vTaskStartScheduler                    0x08004a18   Section        0  tasks.o(i.vTaskStartScheduler)
    i.vTaskSuspend                           0x08004aa0   Section        0  tasks.o(i.vTaskSuspend)
    i.vTaskSuspendAll                        0x08004b3c   Section        0  tasks.o(i.vTaskSuspendAll)
    i.vTaskSwitchContext                     0x08004b4c   Section        0  tasks.o(i.vTaskSwitchContext)
    i.xEventGroupCreate                      0x08004bb0   Section        0  event_groups.o(i.xEventGroupCreate)
    i.xEventGroupSetBits                     0x08004bcc   Section        0  event_groups.o(i.xEventGroupSetBits)
    i.xEventGroupWaitBits                    0x08004c58   Section        0  event_groups.o(i.xEventGroupWaitBits)
    i.xPortStartScheduler                    0x08004d60   Section        0  port.o(i.xPortStartScheduler)
    i.xQueueCreateMutex                      0x08004e08   Section        0  queue.o(i.xQueueCreateMutex)
    i.xQueueGenericCreate                    0x08004e1e   Section        0  queue.o(i.xQueueGenericCreate)
    i.xQueueGenericCreateStatic              0x08004e66   Section        0  queue.o(i.xQueueGenericCreateStatic)
    i.xQueueGenericReset                     0x08004ecc   Section        0  queue.o(i.xQueueGenericReset)
    i.xQueueGenericSend                      0x08004f54   Section        0  queue.o(i.xQueueGenericSend)
    i.xQueueGenericSendFromISR               0x080050c0   Section        0  queue.o(i.xQueueGenericSendFromISR)
    i.xQueueReceive                          0x0800518c   Section        0  queue.o(i.xQueueReceive)
    i.xQueueSemaphoreTake                    0x080052c4   Section        0  queue.o(i.xQueueSemaphoreTake)
    i.xTaskCheckForTimeOut                   0x0800543c   Section        0  tasks.o(i.xTaskCheckForTimeOut)
    i.xTaskCreate                            0x080054b0   Section        0  tasks.o(i.xTaskCreate)
    i.xTaskCreateStatic                      0x0800550a   Section        0  tasks.o(i.xTaskCreateStatic)
    i.xTaskGetSchedulerState                 0x08005560   Section        0  tasks.o(i.xTaskGetSchedulerState)
    i.xTaskGetTickCount                      0x0800557c   Section        0  tasks.o(i.xTaskGetTickCount)
    i.xTaskIncrementTick                     0x08005588   Section        0  tasks.o(i.xTaskIncrementTick)
    i.xTaskPriorityDisinherit                0x08005650   Section        0  tasks.o(i.xTaskPriorityDisinherit)
    i.xTaskPriorityInherit                   0x080056d0   Section        0  tasks.o(i.xTaskPriorityInherit)
    i.xTaskRemoveFromEventList               0x08005748   Section        0  tasks.o(i.xTaskRemoveFromEventList)
    i.xTaskResumeAll                         0x080057b8   Section        0  tasks.o(i.xTaskResumeAll)
    i.xTimerCreateTimerTask                  0x0800587c   Section        0  timers.o(i.xTimerCreateTimerTask)
    i.xTimerGenericCommand                   0x080058dc   Section        0  timers.o(i.xTimerGenericCommand)
    .constdata                               0x08005944   Section       36  freertos.o(.constdata)
    .constdata                               0x08005968   Section       18  stm32f1xx_hal_rcc.o(.constdata)
    aPredivFactorTable                       0x08005968   Data           2  stm32f1xx_hal_rcc.o(.constdata)
    aPLLMULFactorTable                       0x0800596a   Data          16  stm32f1xx_hal_rcc.o(.constdata)
    .constdata                               0x0800597a   Section       16  system_stm32f1xx.o(.constdata)
    .constdata                               0x0800598a   Section        8  system_stm32f1xx.o(.constdata)
    .constdata                               0x08005992   Section     2048  driver_oled.o(.constdata)
    .constdata                               0x08006192   Section       68  game2.o(.constdata)
    roadMarking                              0x08006192   Data           8  game2.o(.constdata)
    carImg                                   0x0800619a   Data          30  game2.o(.constdata)
    clearImg                                 0x080061b8   Data          30  game2.o(.constdata)
    .conststring                             0x080061d8   Section       12  freertos.o(.conststring)
    .data                                    0x20000000   Section     3990  music.o(.data)
    .data                                    0x20000f98   Section        8  freertos.o(.data)
    g_xI2CMutex                              0x20000f98   Data           4  freertos.o(.data)
    .data                                    0x20000fa0   Section       12  stm32f1xx_hal.o(.data)
    .data                                    0x20000fac   Section        4  system_stm32f1xx.o(.data)
    .data                                    0x20000fb0   Section       60  tasks.o(.data)
    pxDelayedTaskList                        0x20000fb4   Data           4  tasks.o(.data)
    pxOverflowDelayedTaskList                0x20000fb8   Data           4  tasks.o(.data)
    uxDeletedTasksWaitingCleanUp             0x20000fbc   Data           4  tasks.o(.data)
    uxCurrentNumberOfTasks                   0x20000fc0   Data           4  tasks.o(.data)
    xTickCount                               0x20000fc4   Data           4  tasks.o(.data)
    uxTopReadyPriority                       0x20000fc8   Data           4  tasks.o(.data)
    xSchedulerRunning                        0x20000fcc   Data           4  tasks.o(.data)
    uxPendedTicks                            0x20000fd0   Data           4  tasks.o(.data)
    xYieldPending                            0x20000fd4   Data           4  tasks.o(.data)
    xNumOfOverflows                          0x20000fd8   Data           4  tasks.o(.data)
    uxTaskNumber                             0x20000fdc   Data           4  tasks.o(.data)
    xNextTaskUnblockTime                     0x20000fe0   Data           4  tasks.o(.data)
    xIdleTaskHandle                          0x20000fe4   Data           4  tasks.o(.data)
    uxSchedulerSuspended                     0x20000fe8   Data           4  tasks.o(.data)
    .data                                    0x20000fec   Section       20  timers.o(.data)
    pxCurrentTimerList                       0x20000fec   Data           4  timers.o(.data)
    pxOverflowTimerList                      0x20000ff0   Data           4  timers.o(.data)
    xTimerQueue                              0x20000ff4   Data           4  timers.o(.data)
    xTimerTaskHandle                         0x20000ff8   Data           4  timers.o(.data)
    xLastTime                                0x20000ffc   Data           4  timers.o(.data)
    .data                                    0x20001000   Section        4  cmsis_os2.o(.data)
    KernelState                              0x20001000   Data           4  cmsis_os2.o(.data)
    .data                                    0x20001004   Section       24  heap_4.o(.data)
    pxEnd                                    0x20001004   Data           4  heap_4.o(.data)
    xFreeBytesRemaining                      0x20001008   Data           4  heap_4.o(.data)
    xMinimumEverFreeBytesRemaining           0x2000100c   Data           4  heap_4.o(.data)
    xBlockAllocatedBit                       0x20001010   Data           4  heap_4.o(.data)
    xStart                                   0x20001014   Data           8  heap_4.o(.data)
    .data                                    0x2000101c   Section       12  port.o(.data)
    ucMaxSysCallPriority                     0x2000101c   Data           1  port.o(.data)
    uxCriticalNesting                        0x20001020   Data           4  port.o(.data)
    ulMaxPRIGROUPValue                       0x20001024   Data           4  port.o(.data)
    .data                                    0x20001028   Section        8  driver_oled.o(.data)
    mem_mode                                 0x20001028   Data           1  driver_oled.o(.data)
    g_pHI2COLED                              0x2000102c   Data           4  driver_oled.o(.data)
    .data                                    0x20001030   Section        8  driver_mpu6050.o(.data)
    g_pHI2C_MPU6050                          0x20001030   Data           4  driver_mpu6050.o(.data)
    g_xQueueMPU6050                          0x20001034   Data           4  driver_mpu6050.o(.data)
    .data                                    0x20001038   Section        4  driver_passive_buzzer.o(.data)
    g_HPWM_PassiveBuzzer                     0x20001038   Data           4  driver_passive_buzzer.o(.data)
    .data                                    0x20001040   Section       32  driver_ir_receiver.o(.data)
    g_IRReceiverIRQ_Cnt                      0x20001040   Data           4  driver_ir_receiver.o(.data)
    g_queue_cnt                              0x20001044   Data           4  driver_ir_receiver.o(.data)
    g_KeysBuf_R                              0x20001048   Data           4  driver_ir_receiver.o(.data)
    g_KeysBuf_W                              0x2000104c   Data           4  driver_ir_receiver.o(.data)
    g_xQueueIR                               0x20001050   Data           4  driver_ir_receiver.o(.data)
    pre_time                                 0x20001058   Data           8  driver_ir_receiver.o(.data)
    .data                                    0x20001060   Section       24  driver_rotary_encoder.o(.data)
    g_count                                  0x20001060   Data           4  driver_rotary_encoder.o(.data)
    g_speed                                  0x20001064   Data           4  driver_rotary_encoder.o(.data)
    pre_count                                0x20001068   Data           4  driver_rotary_encoder.o(.data)
    g_xQueueRotary                           0x2000106c   Data           4  driver_rotary_encoder.o(.data)
    pre_time                                 0x20001070   Data           8  driver_rotary_encoder.o(.data)
    .data                                    0x20001078   Section       16  draw.o(.data)
    oledBuffer                               0x20001078   Data           4  draw.o(.data)
    g_xres                                   0x2000107c   Data           4  draw.o(.data)
    g_yres                                   0x20001080   Data           4  draw.o(.data)
    g_bpp                                    0x20001084   Data           4  draw.o(.data)
    .data                                    0x20001088   Section       56  game2.o(.data)
    g_xres                                   0x20001088   Data           4  game2.o(.data)
    g_yres                                   0x2000108c   Data           4  game2.o(.data)
    g_bpp                                    0x20001090   Data           4  game2.o(.data)
    g_framebuffer                            0x20001094   Data           4  game2.o(.data)
    g_xEventCar                              0x20001098   Data           4  game2.o(.data)
    .bss                                     0x200010c0   Section       48  adc.o(.bss)
    .bss                                     0x200010f0   Section       84  i2c.o(.bss)
    .bss                                     0x20001144   Section       88  spi.o(.bss)
    .bss                                     0x2000119c   Section      216  tim.o(.bss)
    .bss                                     0x20001274   Section       72  usart.o(.bss)
    .bss                                     0x200012bc   Section      752  usb.o(.bss)
    .bss                                     0x200015ac   Section       72  stm32f1xx_hal_timebase_tim.o(.bss)
    .bss                                     0x200015f4   Section       64  queue.o(.bss)
    .bss                                     0x20001634   Section     1220  tasks.o(.bss)
    pxReadyTasksLists                        0x20001634   Data        1120  tasks.o(.bss)
    xDelayedTaskList1                        0x20001a94   Data          20  tasks.o(.bss)
    xDelayedTaskList2                        0x20001aa8   Data          20  tasks.o(.bss)
    xPendingReadyList                        0x20001abc   Data          20  tasks.o(.bss)
    xTasksWaitingTermination                 0x20001ad0   Data          20  tasks.o(.bss)
    xSuspendedTaskList                       0x20001ae4   Data          20  tasks.o(.bss)
    .bss                                     0x20001af8   Section      284  timers.o(.bss)
    xActiveTimerList1                        0x20001af8   Data          20  timers.o(.bss)
    xActiveTimerList2                        0x20001b0c   Data          20  timers.o(.bss)
    xStaticTimerQueue                        0x20001b20   Data          84  timers.o(.bss)
    ucStaticTimerQueueStorage                0x20001b74   Data         160  timers.o(.bss)
    .bss                                     0x20001c14   Section     1720  cmsis_os2.o(.bss)
    Idle_TCB                                 0x20001c14   Data          92  cmsis_os2.o(.bss)
    Idle_Stack                               0x20001c70   Data         512  cmsis_os2.o(.bss)
    Timer_TCB                                0x20001e70   Data          92  cmsis_os2.o(.bss)
    Timer_Stack                              0x20001ecc   Data        1024  cmsis_os2.o(.bss)
    .bss                                     0x200022cc   Section     8000  heap_4.o(.bss)
    ucHeap                                   0x200022cc   Data        8000  heap_4.o(.bss)
    .bss                                     0x2000420c   Section     1024  driver_oled.o(.bss)
    oledBuffer                               0x2000420c   Data        1024  driver_oled.o(.bss)
    .bss                                     0x20004610   Section      712  driver_ir_receiver.o(.bss)
    g_KeysBuf                                0x20004610   Data         128  driver_ir_receiver.o(.bss)
    g_IRReceiverIRQ_Timers                   0x20004690   Data         544  driver_ir_receiver.o(.bss)
    g_xQueues                                0x200048b0   Data          40  driver_ir_receiver.o(.bss)
    .bss                                     0x200048d8   Section      164  driver_rotary_encoder.o(.bss)
    g_ucQueueRotaryBuf                       0x200048d8   Data          80  driver_rotary_encoder.o(.bss)
    g_xQueueRotaryStaticStructure            0x20004928   Data          84  driver_rotary_encoder.o(.bss)
    STACK                                    0x20004980   Section     1024  startup_stm32f103xb.o(STACK)

    Global Symbols

    Symbol Name                              Value     Ov Type        Size  Object(Section)

    BuildAttributes$$THM_ISAv4$P$D$K$B$S$PE$A:L22UL41UL21$X:L11$S22US41US21$IEEE1$IW$USESV6$~STKCKD$USESV7$~SHL$OTIME$ROPI$IEEEX$EBA8$MICROLIB$REQ8$PRES8$EABIv2 0x00000000   Number         0  anon$$obj.o ABSOLUTE
    __ARM_use_no_argv                        0x00000000   Number         0  main.o ABSOLUTE
    _printf_a                                0x00000000   Number         0  stubs.o ABSOLUTE
    _printf_c                                0x00000000   Number         0  stubs.o ABSOLUTE
    _printf_charcount                        0x00000000   Number         0  stubs.o ABSOLUTE
    _printf_d                                0x00000000   Number         0  stubs.o ABSOLUTE
    _printf_e                                0x00000000   Number         0  stubs.o ABSOLUTE
    _printf_f                                0x00000000   Number         0  stubs.o ABSOLUTE
    _printf_flags                            0x00000000   Number         0  stubs.o ABSOLUTE
    _printf_fp_dec                           0x00000000   Number         0  stubs.o ABSOLUTE
    _printf_fp_hex                           0x00000000   Number         0  stubs.o ABSOLUTE
    _printf_g                                0x00000000   Number         0  stubs.o ABSOLUTE
    _printf_i                                0x00000000   Number         0  stubs.o ABSOLUTE
    _printf_int_dec                          0x00000000   Number         0  stubs.o ABSOLUTE
    _printf_l                                0x00000000   Number         0  stubs.o ABSOLUTE
    _printf_lc                               0x00000000   Number         0  stubs.o ABSOLUTE
    _printf_ll                               0x00000000   Number         0  stubs.o ABSOLUTE
    _printf_lld                              0x00000000   Number         0  stubs.o ABSOLUTE
    _printf_lli                              0x00000000   Number         0  stubs.o ABSOLUTE
    _printf_llo                              0x00000000   Number         0  stubs.o ABSOLUTE
    _printf_llu                              0x00000000   Number         0  stubs.o ABSOLUTE
    _printf_llx                              0x00000000   Number         0  stubs.o ABSOLUTE
    _printf_longlong_dec                     0x00000000   Number         0  stubs.o ABSOLUTE
    _printf_longlong_hex                     0x00000000   Number         0  stubs.o ABSOLUTE
    _printf_longlong_oct                     0x00000000   Number         0  stubs.o ABSOLUTE
    _printf_ls                               0x00000000   Number         0  stubs.o ABSOLUTE
    _printf_mbtowc                           0x00000000   Number         0  stubs.o ABSOLUTE
    _printf_n                                0x00000000   Number         0  stubs.o ABSOLUTE
    _printf_o                                0x00000000   Number         0  stubs.o ABSOLUTE
    _printf_p                                0x00000000   Number         0  stubs.o ABSOLUTE
    _printf_percent                          0x00000000   Number         0  stubs.o ABSOLUTE
    _printf_pre_padding                      0x00000000   Number         0  stubs.o ABSOLUTE
    _printf_return_value                     0x00000000   Number         0  stubs.o ABSOLUTE
    _printf_s                                0x00000000   Number         0  stubs.o ABSOLUTE
    _printf_sizespec                         0x00000000   Number         0  stubs.o ABSOLUTE
    _printf_str                              0x00000000   Number         0  stubs.o ABSOLUTE
    _printf_truncate_signed                  0x00000000   Number         0  stubs.o ABSOLUTE
    _printf_truncate_unsigned                0x00000000   Number         0  stubs.o ABSOLUTE
    _printf_u                                0x00000000   Number         0  stubs.o ABSOLUTE
    _printf_wc                               0x00000000   Number         0  stubs.o ABSOLUTE
    _printf_wctomb                           0x00000000   Number         0  stubs.o ABSOLUTE
    _printf_widthprec                        0x00000000   Number         0  stubs.o ABSOLUTE
    _printf_x                                0x00000000   Number         0  stubs.o ABSOLUTE
    __arm_fini_                               - Undefined Weak Reference
    __cpp_initialize__aeabi_                  - Undefined Weak Reference
    __cxa_finalize                            - Undefined Weak Reference
    _clock_init                               - Undefined Weak Reference
    _microlib_exit                            - Undefined Weak Reference
    __Vectors_Size                           0x000000ec   Number         0  startup_stm32f103xb.o ABSOLUTE
    __Vectors                                0x08000000   Data           4  startup_stm32f103xb.o(RESET)
    __Vectors_End                            0x080000ec   Data           0  startup_stm32f103xb.o(RESET)
    __main                                   0x080000ed   Thumb Code     0  entry.o(.ARM.Collect$$$$00000000)
    _main_stk                                0x080000ed   Thumb Code     0  entry2.o(.ARM.Collect$$$$00000001)
    _main_scatterload                        0x080000f1   Thumb Code     0  entry5.o(.ARM.Collect$$$$00000004)
    __main_after_scatterload                 0x080000f5   Thumb Code     0  entry5.o(.ARM.Collect$$$$00000004)
    _main_clock                              0x080000f5   Thumb Code     0  entry7b.o(.ARM.Collect$$$$00000008)
    _main_cpp_init                           0x080000f5   Thumb Code     0  entry8b.o(.ARM.Collect$$$$0000000A)
    _main_init                               0x080000f5   Thumb Code     0  entry9a.o(.ARM.Collect$$$$0000000B)
    __rt_lib_shutdown_fini                   0x080000fd   Thumb Code     0  entry12b.o(.ARM.Collect$$$$0000000E)
    __rt_final_cpp                           0x08000101   Thumb Code     0  entry10a.o(.ARM.Collect$$$$0000000F)
    __rt_final_exit                          0x08000101   Thumb Code     0  entry11a.o(.ARM.Collect$$$$00000011)
    SVC_Handler                              0x08000105   Thumb Code    32  port.o(.emb_text)
    __asm___6_port_c_39a90d8d__prvStartFirstTask 0x08000129   Thumb Code    28  port.o(.emb_text)
    PendSV_Handler                           0x08000149   Thumb Code    72  port.o(.emb_text)
    vPortGetIPSR                             0x08000195   Thumb Code     6  port.o(.emb_text)
    Reset_Handler                            0x0800019d   Thumb Code     8  startup_stm32f103xb.o(.text)
    ADC1_2_IRQHandler                        0x080001b7   Thumb Code     0  startup_stm32f103xb.o(.text)
    CAN1_RX1_IRQHandler                      0x080001b7   Thumb Code     0  startup_stm32f103xb.o(.text)
    CAN1_SCE_IRQHandler                      0x080001b7   Thumb Code     0  startup_stm32f103xb.o(.text)
    DMA1_Channel1_IRQHandler                 0x080001b7   Thumb Code     0  startup_stm32f103xb.o(.text)
    DMA1_Channel2_IRQHandler                 0x080001b7   Thumb Code     0  startup_stm32f103xb.o(.text)
    DMA1_Channel3_IRQHandler                 0x080001b7   Thumb Code     0  startup_stm32f103xb.o(.text)
    DMA1_Channel4_IRQHandler                 0x080001b7   Thumb Code     0  startup_stm32f103xb.o(.text)
    DMA1_Channel5_IRQHandler                 0x080001b7   Thumb Code     0  startup_stm32f103xb.o(.text)
    DMA1_Channel6_IRQHandler                 0x080001b7   Thumb Code     0  startup_stm32f103xb.o(.text)
    DMA1_Channel7_IRQHandler                 0x080001b7   Thumb Code     0  startup_stm32f103xb.o(.text)
    EXTI0_IRQHandler                         0x080001b7   Thumb Code     0  startup_stm32f103xb.o(.text)
    EXTI1_IRQHandler                         0x080001b7   Thumb Code     0  startup_stm32f103xb.o(.text)
    EXTI2_IRQHandler                         0x080001b7   Thumb Code     0  startup_stm32f103xb.o(.text)
    EXTI3_IRQHandler                         0x080001b7   Thumb Code     0  startup_stm32f103xb.o(.text)
    EXTI4_IRQHandler                         0x080001b7   Thumb Code     0  startup_stm32f103xb.o(.text)
    EXTI9_5_IRQHandler                       0x080001b7   Thumb Code     0  startup_stm32f103xb.o(.text)
    FLASH_IRQHandler                         0x080001b7   Thumb Code     0  startup_stm32f103xb.o(.text)
    I2C1_ER_IRQHandler                       0x080001b7   Thumb Code     0  startup_stm32f103xb.o(.text)
    I2C1_EV_IRQHandler                       0x080001b7   Thumb Code     0  startup_stm32f103xb.o(.text)
    I2C2_ER_IRQHandler                       0x080001b7   Thumb Code     0  startup_stm32f103xb.o(.text)
    I2C2_EV_IRQHandler                       0x080001b7   Thumb Code     0  startup_stm32f103xb.o(.text)
    PVD_IRQHandler                           0x080001b7   Thumb Code     0  startup_stm32f103xb.o(.text)
    RCC_IRQHandler                           0x080001b7   Thumb Code     0  startup_stm32f103xb.o(.text)
    RTC_Alarm_IRQHandler                     0x080001b7   Thumb Code     0  startup_stm32f103xb.o(.text)
    RTC_IRQHandler                           0x080001b7   Thumb Code     0  startup_stm32f103xb.o(.text)
    SPI1_IRQHandler                          0x080001b7   Thumb Code     0  startup_stm32f103xb.o(.text)
    SPI2_IRQHandler                          0x080001b7   Thumb Code     0  startup_stm32f103xb.o(.text)
    TAMPER_IRQHandler                        0x080001b7   Thumb Code     0  startup_stm32f103xb.o(.text)
    TIM1_BRK_IRQHandler                      0x080001b7   Thumb Code     0  startup_stm32f103xb.o(.text)
    TIM1_CC_IRQHandler                       0x080001b7   Thumb Code     0  startup_stm32f103xb.o(.text)
    TIM1_TRG_COM_IRQHandler                  0x080001b7   Thumb Code     0  startup_stm32f103xb.o(.text)
    TIM1_UP_IRQHandler                       0x080001b7   Thumb Code     0  startup_stm32f103xb.o(.text)
    TIM2_IRQHandler                          0x080001b7   Thumb Code     0  startup_stm32f103xb.o(.text)
    TIM3_IRQHandler                          0x080001b7   Thumb Code     0  startup_stm32f103xb.o(.text)
    USART1_IRQHandler                        0x080001b7   Thumb Code     0  startup_stm32f103xb.o(.text)
    USART2_IRQHandler                        0x080001b7   Thumb Code     0  startup_stm32f103xb.o(.text)
    USART3_IRQHandler                        0x080001b7   Thumb Code     0  startup_stm32f103xb.o(.text)
    USBWakeUp_IRQHandler                     0x080001b7   Thumb Code     0  startup_stm32f103xb.o(.text)
    USB_HP_CAN1_TX_IRQHandler                0x080001b7   Thumb Code     0  startup_stm32f103xb.o(.text)
    USB_LP_CAN1_RX0_IRQHandler               0x080001b7   Thumb Code     0  startup_stm32f103xb.o(.text)
    WWDG_IRQHandler                          0x080001b7   Thumb Code     0  startup_stm32f103xb.o(.text)
    __aeabi_uldivmod                         0x080001c1   Thumb Code    98  uldiv.o(.text)
    __aeabi_llsr                             0x08000223   Thumb Code    32  llushr.o(.text)
    _ll_ushift_r                             0x08000223   Thumb Code     0  llushr.o(.text)
    __aeabi_memcpy                           0x08000243   Thumb Code    36  memcpya.o(.text)
    __aeabi_memcpy4                          0x08000243   Thumb Code     0  memcpya.o(.text)
    __aeabi_memcpy8                          0x08000243   Thumb Code     0  memcpya.o(.text)
    __aeabi_memset                           0x08000267   Thumb Code    14  memseta.o(.text)
    __aeabi_memset4                          0x08000267   Thumb Code     0  memseta.o(.text)
    __aeabi_memset8                          0x08000267   Thumb Code     0  memseta.o(.text)
    __aeabi_memclr                           0x08000275   Thumb Code     4  memseta.o(.text)
    __aeabi_memclr4                          0x08000275   Thumb Code     0  memseta.o(.text)
    __aeabi_memclr8                          0x08000275   Thumb Code     0  memseta.o(.text)
    memset                                   0x08000279   Thumb Code    18  memseta.o(.text)
    __aeabi_llsl                             0x0800028b   Thumb Code    30  llshl.o(.text)
    _ll_shift_l                              0x0800028b   Thumb Code     0  llshl.o(.text)
    __scatterload                            0x080002a9   Thumb Code    28  init.o(.text)
    __scatterload_rt2                        0x080002a9   Thumb Code     0  init.o(.text)
    __decompress                             0x080002cd   Thumb Code     0  __dclz77c.o(.text)
    __decompress2                            0x080002cd   Thumb Code    94  __dclz77c.o(.text)
    ADC_ConversionStop_Disable               0x0800032d   Thumb Code    86  stm32f1xx_hal_adc.o(i.ADC_ConversionStop_Disable)
    BusFault_Handler                         0x08000383   Thumb Code     2  stm32f1xx_it.o(i.BusFault_Handler)
    DebugMon_Handler                         0x080004c9   Thumb Code     2  stm32f1xx_it.o(i.DebugMon_Handler)
    DispatchKey                              0x080004cd   Thumb Code    42  driver_ir_receiver.o(i.DispatchKey)
    EXTI15_10_IRQHandler                     0x08000501   Thumb Code    30  stm32f1xx_it.o(i.EXTI15_10_IRQHandler)
    Error_Handler                            0x0800051f   Thumb Code     4  main.o(i.Error_Handler)
    GetI2C                                   0x08000525   Thumb Code    12  freertos.o(i.GetI2C)
    HAL_ADC_ConfigChannel                    0x08000561   Thumb Code   240  stm32f1xx_hal_adc.o(i.HAL_ADC_ConfigChannel)
    HAL_ADC_Init                             0x0800065d   Thumb Code   272  stm32f1xx_hal_adc.o(i.HAL_ADC_Init)
    HAL_ADC_MspInit                          0x08000779   Thumb Code    76  adc.o(i.HAL_ADC_MspInit)
    HAL_GPIO_EXTI_Callback                   0x080007d1   Thumb Code    22  driver_irq.o(i.HAL_GPIO_EXTI_Callback)
    HAL_GPIO_EXTI_IRQHandler                 0x080007e9   Thumb Code    18  stm32f1xx_hal_gpio.o(i.HAL_GPIO_EXTI_IRQHandler)
    HAL_GPIO_Init                            0x08000801   Thumb Code   446  stm32f1xx_hal_gpio.o(i.HAL_GPIO_Init)
    HAL_GPIO_ReadPin                         0x080009e1   Thumb Code    10  stm32f1xx_hal_gpio.o(i.HAL_GPIO_ReadPin)
    HAL_GPIO_WritePin                        0x080009eb   Thumb Code    10  stm32f1xx_hal_gpio.o(i.HAL_GPIO_WritePin)
    HAL_GetTick                              0x080009f5   Thumb Code     6  stm32f1xx_hal.o(i.HAL_GetTick)
    HAL_I2C_Init                             0x08000a01   Thumb Code   376  stm32f1xx_hal_i2c.o(i.HAL_I2C_Init)
    HAL_I2C_Master_Transmit                  0x08000b89   Thumb Code   290  stm32f1xx_hal_i2c.o(i.HAL_I2C_Master_Transmit)
    HAL_I2C_Mem_Write                        0x08000cb5   Thumb Code   294  stm32f1xx_hal_i2c.o(i.HAL_I2C_Mem_Write)
    HAL_I2C_MspInit                          0x08000de5   Thumb Code    80  i2c.o(i.HAL_I2C_MspInit)
    HAL_IncTick                              0x08000e41   Thumb Code    12  stm32f1xx_hal.o(i.HAL_IncTick)
    HAL_Init                                 0x08000e51   Thumb Code    32  stm32f1xx_hal.o(i.HAL_Init)
    HAL_InitTick                             0x08000e75   Thumb Code   132  stm32f1xx_hal_timebase_tim.o(i.HAL_InitTick)
    HAL_MspInit                              0x08000f0d   Thumb Code    62  stm32f1xx_hal_msp.o(i.HAL_MspInit)
    HAL_NVIC_EnableIRQ                       0x08000f55   Thumb Code    26  stm32f1xx_hal_cortex.o(i.HAL_NVIC_EnableIRQ)
    HAL_NVIC_SetPriority                     0x08000f71   Thumb Code    60  stm32f1xx_hal_cortex.o(i.HAL_NVIC_SetPriority)
    HAL_NVIC_SetPriorityGrouping             0x08000fb1   Thumb Code    26  stm32f1xx_hal_cortex.o(i.HAL_NVIC_SetPriorityGrouping)
    HAL_PCD_Init                             0x08000fd5   Thumb Code   218  stm32f1xx_hal_pcd.o(i.HAL_PCD_Init)
    HAL_PCD_MspInit                          0x080010b1   Thumb Code    30  usb.o(i.HAL_PCD_MspInit)
    HAL_RCCEx_PeriphCLKConfig                0x080010d9   Thumb Code   224  stm32f1xx_hal_rcc_ex.o(i.HAL_RCCEx_PeriphCLKConfig)
    HAL_RCC_ClockConfig                      0x080011c5   Thumb Code   280  stm32f1xx_hal_rcc.o(i.HAL_RCC_ClockConfig)
    HAL_RCC_GetClockConfig                   0x080012f1   Thumb Code    54  stm32f1xx_hal_rcc.o(i.HAL_RCC_GetClockConfig)
    HAL_RCC_GetPCLK1Freq                     0x08001331   Thumb Code    20  stm32f1xx_hal_rcc.o(i.HAL_RCC_GetPCLK1Freq)
    HAL_RCC_GetPCLK2Freq                     0x08001351   Thumb Code    20  stm32f1xx_hal_rcc.o(i.HAL_RCC_GetPCLK2Freq)
    HAL_RCC_GetSysClockFreq                  0x08001371   Thumb Code    58  stm32f1xx_hal_rcc.o(i.HAL_RCC_GetSysClockFreq)
    HAL_RCC_OscConfig                        0x080013bd   Thumb Code   778  stm32f1xx_hal_rcc.o(i.HAL_RCC_OscConfig)
    HAL_SPI_Init                             0x080016dd   Thumb Code   178  stm32f1xx_hal_spi.o(i.HAL_SPI_Init)
    HAL_SPI_MspInit                          0x08001791   Thumb Code    98  spi.o(i.HAL_SPI_MspInit)
    HAL_TIMEx_BreakCallback                  0x08001801   Thumb Code     2  stm32f1xx_hal_tim_ex.o(i.HAL_TIMEx_BreakCallback)
    HAL_TIMEx_CommutCallback                 0x08001803   Thumb Code     2  stm32f1xx_hal_tim_ex.o(i.HAL_TIMEx_CommutCallback)
    HAL_TIMEx_ConfigBreakDeadTime            0x08001805   Thumb Code    84  stm32f1xx_hal_tim_ex.o(i.HAL_TIMEx_ConfigBreakDeadTime)
    HAL_TIMEx_MasterConfigSynchronization    0x08001859   Thumb Code    92  stm32f1xx_hal_tim_ex.o(i.HAL_TIMEx_MasterConfigSynchronization)
    HAL_TIM_Base_DeInit                      0x080018c1   Thumb Code    92  stm32f1xx_hal_tim.o(i.HAL_TIM_Base_DeInit)
    HAL_TIM_Base_Init                        0x0800191d   Thumb Code    90  stm32f1xx_hal_tim.o(i.HAL_TIM_Base_Init)
    HAL_TIM_Base_MspDeInit                   0x08001979   Thumb Code    36  tim.o(i.HAL_TIM_Base_MspDeInit)
    HAL_TIM_Base_MspInit                     0x080019a5   Thumb Code    52  tim.o(i.HAL_TIM_Base_MspInit)
    HAL_TIM_Base_Start_IT                    0x080019e1   Thumb Code    76  stm32f1xx_hal_tim.o(i.HAL_TIM_Base_Start_IT)
    HAL_TIM_ConfigClockSource                0x08001a39   Thumb Code   220  stm32f1xx_hal_tim.o(i.HAL_TIM_ConfigClockSource)
    HAL_TIM_IC_CaptureCallback               0x08001b15   Thumb Code     2  stm32f1xx_hal_tim.o(i.HAL_TIM_IC_CaptureCallback)
    HAL_TIM_IRQHandler                       0x08001b17   Thumb Code   358  stm32f1xx_hal_tim.o(i.HAL_TIM_IRQHandler)
    HAL_TIM_MspPostInit                      0x08001c7d   Thumb Code   212  tim.o(i.HAL_TIM_MspPostInit)
    HAL_TIM_OC_DelayElapsedCallback          0x08001d69   Thumb Code     2  stm32f1xx_hal_tim.o(i.HAL_TIM_OC_DelayElapsedCallback)
    HAL_TIM_PWM_ConfigChannel                0x08001d6b   Thumb Code   204  stm32f1xx_hal_tim.o(i.HAL_TIM_PWM_ConfigChannel)
    HAL_TIM_PWM_Init                         0x08001e37   Thumb Code    90  stm32f1xx_hal_tim.o(i.HAL_TIM_PWM_Init)
    HAL_TIM_PWM_MspInit                      0x08001e91   Thumb Code    30  tim.o(i.HAL_TIM_PWM_MspInit)
    HAL_TIM_PWM_PulseFinishedCallback        0x08001eb9   Thumb Code     2  stm32f1xx_hal_tim.o(i.HAL_TIM_PWM_PulseFinishedCallback)
    HAL_TIM_PWM_Start                        0x08001ebd   Thumb Code   144  stm32f1xx_hal_tim.o(i.HAL_TIM_PWM_Start)
    HAL_TIM_PWM_Stop                         0x08001f59   Thumb Code   108  stm32f1xx_hal_tim.o(i.HAL_TIM_PWM_Stop)
    HAL_TIM_PeriodElapsedCallback            0x08001fc9   Thumb Code    14  main.o(i.HAL_TIM_PeriodElapsedCallback)
    HAL_TIM_TriggerCallback                  0x08001fdd   Thumb Code     2  stm32f1xx_hal_tim.o(i.HAL_TIM_TriggerCallback)
    HAL_UART_Init                            0x08001fdf   Thumb Code   100  stm32f1xx_hal_uart.o(i.HAL_UART_Init)
    HAL_UART_MspInit                         0x08002045   Thumb Code   100  usart.o(i.HAL_UART_MspInit)
    HardFault_Handler                        0x080020b5   Thumb Code     2  stm32f1xx_it.o(i.HardFault_Handler)
    IRReceiver_IRQ_Callback                  0x08002575   Thumb Code   156  driver_ir_receiver.o(i.IRReceiver_IRQ_Callback)
    IRReceiver_Init                          0x08002629   Thumb Code    24  driver_ir_receiver.o(i.IRReceiver_Init)
    IRReceiver_Read                          0x08002645   Thumb Code    38  driver_ir_receiver.o(i.IRReceiver_Read)
    LCD_Clear                                0x08002671   Thumb Code     4  driver_lcd.o(i.LCD_Clear)
    LCD_ClearLine                            0x08002675   Thumb Code     4  driver_lcd.o(i.LCD_ClearLine)
    LCD_Flush                                0x08002679   Thumb Code     4  driver_lcd.o(i.LCD_Flush)
    LCD_FlushRegion                          0x0800267d   Thumb Code     4  driver_lcd.o(i.LCD_FlushRegion)
    LCD_GetFrameBuffer                       0x08002681   Thumb Code     4  driver_lcd.o(i.LCD_GetFrameBuffer)
    LCD_Init                                 0x08002685   Thumb Code     4  driver_lcd.o(i.LCD_Init)
    LCD_PrintString                          0x08002689   Thumb Code     4  driver_lcd.o(i.LCD_PrintString)
    MPU6050_Init                             0x0800268d   Thumb Code    54  driver_mpu6050.o(i.MPU6050_Init)
    MUSIC_Analysis                           0x080026e9   Thumb Code    74  music.o(i.MUSIC_Analysis)
    MX_ADC1_Init                             0x08002739   Thumb Code    70  adc.o(i.MX_ADC1_Init)
    MX_FREERTOS_Init                         0x08002789   Thumb Code    62  freertos.o(i.MX_FREERTOS_Init)
    MX_GPIO_Init                             0x080027e1   Thumb Code   310  gpio.o(i.MX_GPIO_Init)
    MX_I2C1_Init                             0x08002931   Thumb Code    50  i2c.o(i.MX_I2C1_Init)
    MX_SPI1_Init                             0x08002971   Thumb Code    62  spi.o(i.MX_SPI1_Init)
    MX_TIM1_Init                             0x080029b9   Thumb Code   198  tim.o(i.MX_TIM1_Init)
    MX_TIM2_Init                             0x08002a89   Thumb Code   182  tim.o(i.MX_TIM2_Init)
    MX_TIM3_Init                             0x08002b45   Thumb Code   110  tim.o(i.MX_TIM3_Init)
    MX_USART1_UART_Init                      0x08002bbd   Thumb Code    48  usart.o(i.MX_USART1_UART_Init)
    MX_USB_PCD_Init                          0x08002bf5   Thumb Code    42  usb.o(i.MX_USB_PCD_Init)
    MemManage_Handler                        0x08002c29   Thumb Code     2  stm32f1xx_it.o(i.MemManage_Handler)
    NMI_Handler                              0x08002c2b   Thumb Code     2  stm32f1xx_it.o(i.NMI_Handler)
    OLED_Clear                               0x08002c2d   Thumb Code    42  driver_oled.o(i.OLED_Clear)
    OLED_ClearLine                           0x08002c57   Thumb Code    28  driver_oled.o(i.OLED_ClearLine)
    OLED_Flush                               0x08002c75   Thumb Code    50  driver_oled.o(i.OLED_Flush)
    OLED_FlushRegion                         0x08002cad   Thumb Code    90  driver_oled.o(i.OLED_FlushRegion)
    OLED_GetFrameBuffer                      0x08002d0d   Thumb Code    16  driver_oled.o(i.OLED_GetFrameBuffer)
    OLED_Init                                0x08002d21   Thumb Code   142  driver_oled.o(i.OLED_Init)
    OLED_PrintString                         0x08002db5   Thumb Code    50  driver_oled.o(i.OLED_PrintString)
    OLED_PutChar                             0x08002de9   Thumb Code    66  driver_oled.o(i.OLED_PutChar)
    OLED_SetPosition                         0x08002e5d   Thumb Code    58  driver_oled.o(i.OLED_SetPosition)
    PassiveBuzzer_Control                    0x08002ee5   Thumb Code    20  driver_passive_buzzer.o(i.PassiveBuzzer_Control)
    PassiveBuzzer_Init                       0x08002efd   Thumb Code    92  driver_passive_buzzer.o(i.PassiveBuzzer_Init)
    PassiveBuzzer_Set_Freq_Duty              0x08002f65   Thumb Code   122  driver_passive_buzzer.o(i.PassiveBuzzer_Set_Freq_Duty)
    PlayMusic                                0x08002fed   Thumb Code    10  music.o(i.PlayMusic)
    PutI2C                                   0x08002ff9   Thumb Code    14  freertos.o(i.PutI2C)
    RegisterQueueHandle                      0x0800300d   Thumb Code    20  driver_ir_receiver.o(i.RegisterQueueHandle)
    RotaryEncoder_IRQ_Callback               0x08003029   Thumb Code   142  driver_rotary_encoder.o(i.RotaryEncoder_IRQ_Callback)
    RotaryEncoder_Init                       0x080030c9   Thumb Code    26  driver_rotary_encoder.o(i.RotaryEncoder_Init)
    StartDefaultTask                         0x0800311d   Thumb Code   204  freertos.o(i.StartDefaultTask)
    SysTick_Handler                          0x0800323d   Thumb Code    38  port.o(i.SysTick_Handler)
    SystemClock_Config                       0x08003269   Thumb Code   124  main.o(i.SystemClock_Config)
    SystemInit                               0x080032e5   Thumb Code     2  system_stm32f1xx.o(i.SystemInit)
    TIM4_IRQHandler                          0x080032e9   Thumb Code     6  stm32f1xx_it.o(i.TIM4_IRQHandler)
    TIM_Base_SetConfig                       0x080032f5   Thumb Code    94  stm32f1xx_hal_tim.o(i.TIM_Base_SetConfig)
    TIM_CCxChannelCmd                        0x08003361   Thumb Code    26  stm32f1xx_hal_tim.o(i.TIM_CCxChannelCmd)
    TIM_ETR_SetConfig                        0x0800337b   Thumb Code    20  stm32f1xx_hal_tim.o(i.TIM_ETR_SetConfig)
    TIM_OC2_SetConfig                        0x080033f1   Thumb Code    84  stm32f1xx_hal_tim.o(i.TIM_OC2_SetConfig)
    USB_CoreInit                             0x080035e5   Thumb Code     4  stm32f1xx_ll_usb.o(i.USB_CoreInit)
    USB_DevDisconnect                        0x080035e9   Thumb Code     4  stm32f1xx_ll_usb.o(i.USB_DevDisconnect)
    USB_DevInit                              0x080035ed   Thumb Code    18  stm32f1xx_ll_usb.o(i.USB_DevInit)
    USB_DisableGlobalInt                     0x080035ff   Thumb Code    14  stm32f1xx_ll_usb.o(i.USB_DisableGlobalInt)
    USB_SetCurrentMode                       0x0800360d   Thumb Code     4  stm32f1xx_ll_usb.o(i.USB_SetCurrentMode)
    UsageFault_Handler                       0x08003611   Thumb Code     2  stm32f1xx_it.o(i.UsageFault_Handler)
    __scatterload_copy                       0x08003633   Thumb Code    14  handlers.o(i.__scatterload_copy)
    __scatterload_null                       0x08003641   Thumb Code     2  handlers.o(i.__scatterload_null)
    __scatterload_zeroinit                   0x08003643   Thumb Code    14  handlers.o(i.__scatterload_zeroinit)
    car_game                                 0x08003651   Thumb Code   162  game2.o(i.car_game)
    draw_bitmap                              0x08003721   Thumb Code   458  draw.o(i.draw_bitmap)
    draw_end                                 0x080038f1   Thumb Code     4  draw.o(i.draw_end)
    draw_flushArea                           0x080038f5   Thumb Code    36  draw.o(i.draw_flushArea)
    draw_init                                0x08003919   Thumb Code    20  draw.o(i.draw_init)
    main                                     0x08003931   Thumb Code    58  main.o(i.main)
    mdelay                                   0x0800396b   Thumb Code    26  driver_timer.o(i.mdelay)
    osKernelInitialize                       0x08003985   Thumb Code    50  cmsis_os2.o(i.osKernelInitialize)
    osKernelStart                            0x080039bd   Thumb Code    58  cmsis_os2.o(i.osKernelStart)
    osThreadNew                              0x080039fd   Thumb Code   160  cmsis_os2.o(i.osThreadNew)
    pvPortMalloc                             0x080042c1   Thumb Code   210  heap_4.o(i.pvPortMalloc)
    pvTaskIncrementMutexHeldCount            0x08004399   Thumb Code    18  tasks.o(i.pvTaskIncrementMutexHeldCount)
    pxPortInitialiseStack                    0x080043b1   Thumb Code    32  port.o(i.pxPortInitialiseStack)
    system_get_ns                            0x080043f9   Thumb Code    58  driver_timer.o(i.system_get_ns)
    udelay                                   0x0800443d   Thumb Code    52  driver_timer.o(i.udelay)
    uxListRemove                             0x08004475   Thumb Code    38  list.o(i.uxListRemove)
    uxTaskResetEventItemValue                0x0800449d   Thumb Code    20  tasks.o(i.uxTaskResetEventItemValue)
    vApplicationGetIdleTaskMemory            0x080044b5   Thumb Code    16  cmsis_os2.o(i.vApplicationGetIdleTaskMemory)
    vApplicationGetTimerTaskMemory           0x080044c9   Thumb Code    18  cmsis_os2.o(i.vApplicationGetTimerTaskMemory)
    vListInitialise                          0x080044e1   Thumb Code    22  list.o(i.vListInitialise)
    vListInitialiseItem                      0x080044f7   Thumb Code     6  list.o(i.vListInitialiseItem)
    vListInsert                              0x080044fd   Thumb Code    48  list.o(i.vListInsert)
    vListInsertEnd                           0x0800452d   Thumb Code    24  list.o(i.vListInsertEnd)
    vPortEnterCritical                       0x08004545   Thumb Code    54  port.o(i.vPortEnterCritical)
    vPortExitCritical                        0x08004585   Thumb Code    34  port.o(i.vPortExitCritical)
    vPortFree                                0x080045ad   Thumb Code    88  heap_4.o(i.vPortFree)
    vPortSetupTimerInterrupt                 0x08004609   Thumb Code    32  port.o(i.vPortSetupTimerInterrupt)
    vPortValidateInterruptPriority           0x0800462d   Thumb Code    74  port.o(i.vPortValidateInterruptPriority)
    vQueueAddToRegistry                      0x08004681   Thumb Code    34  queue.o(i.vQueueAddToRegistry)
    vQueueWaitForMessageRestricted           0x080046a9   Thumb Code    68  queue.o(i.vQueueWaitForMessageRestricted)
    vTaskDelay                               0x080046ed   Thumb Code    66  tasks.o(i.vTaskDelay)
    vTaskDelete                              0x08004739   Thumb Code   130  tasks.o(i.vTaskDelete)
    vTaskInternalSetTimeOutState             0x080047c9   Thumb Code    12  tasks.o(i.vTaskInternalSetTimeOutState)
    vTaskMissedYield                         0x080047d9   Thumb Code     8  tasks.o(i.vTaskMissedYield)
    vTaskPlaceOnEventList                    0x080047e5   Thumb Code    44  tasks.o(i.vTaskPlaceOnEventList)
    vTaskPlaceOnEventListRestricted          0x08004815   Thumb Code    52  tasks.o(i.vTaskPlaceOnEventListRestricted)
    vTaskPlaceOnUnorderedEventList           0x0800484d   Thumb Code    76  tasks.o(i.vTaskPlaceOnUnorderedEventList)
    vTaskPriorityDisinheritAfterTimeout      0x0800489d   Thumb Code   134  tasks.o(i.vTaskPriorityDisinheritAfterTimeout)
    vTaskRemoveFromUnorderedEventList        0x0800492d   Thumb Code   102  tasks.o(i.vTaskRemoveFromUnorderedEventList)
    vTaskResume                              0x0800499d   Thumb Code   110  tasks.o(i.vTaskResume)
    vTaskStartScheduler                      0x08004a19   Thumb Code   118  tasks.o(i.vTaskStartScheduler)
    vTaskSuspend                             0x08004aa1   Thumb Code   144  tasks.o(i.vTaskSuspend)
    vTaskSuspendAll                          0x08004b3d   Thumb Code    10  tasks.o(i.vTaskSuspendAll)
    vTaskSwitchContext                       0x08004b4d   Thumb Code    90  tasks.o(i.vTaskSwitchContext)
    xEventGroupCreate                        0x08004bb1   Thumb Code    28  event_groups.o(i.xEventGroupCreate)
    xEventGroupSetBits                       0x08004bcd   Thumb Code   140  event_groups.o(i.xEventGroupSetBits)
    xEventGroupWaitBits                      0x08004c59   Thumb Code   260  event_groups.o(i.xEventGroupWaitBits)
    xPortStartScheduler                      0x08004d61   Thumb Code   154  port.o(i.xPortStartScheduler)
    xQueueCreateMutex                        0x08004e09   Thumb Code    22  queue.o(i.xQueueCreateMutex)
    xQueueGenericCreate                      0x08004e1f   Thumb Code    72  queue.o(i.xQueueGenericCreate)
    xQueueGenericCreateStatic                0x08004e67   Thumb Code   102  queue.o(i.xQueueGenericCreateStatic)
    xQueueGenericReset                       0x08004ecd   Thumb Code   132  queue.o(i.xQueueGenericReset)
    xQueueGenericSend                        0x08004f55   Thumb Code   360  queue.o(i.xQueueGenericSend)
    xQueueGenericSendFromISR                 0x080050c1   Thumb Code   202  queue.o(i.xQueueGenericSendFromISR)
    xQueueReceive                            0x0800518d   Thumb Code   308  queue.o(i.xQueueReceive)
    xQueueSemaphoreTake                      0x080052c5   Thumb Code   372  queue.o(i.xQueueSemaphoreTake)
    xTaskCheckForTimeOut                     0x0800543d   Thumb Code   112  tasks.o(i.xTaskCheckForTimeOut)
    xTaskCreate                              0x080054b1   Thumb Code    90  tasks.o(i.xTaskCreate)
    xTaskCreateStatic                        0x0800550b   Thumb Code    86  tasks.o(i.xTaskCreateStatic)
    xTaskGetSchedulerState                   0x08005561   Thumb Code    22  tasks.o(i.xTaskGetSchedulerState)
    xTaskGetTickCount                        0x0800557d   Thumb Code     6  tasks.o(i.xTaskGetTickCount)
    xTaskIncrementTick                       0x08005589   Thumb Code   190  tasks.o(i.xTaskIncrementTick)
    xTaskPriorityDisinherit                  0x08005651   Thumb Code   118  tasks.o(i.xTaskPriorityDisinherit)
    xTaskPriorityInherit                     0x080056d1   Thumb Code   112  tasks.o(i.xTaskPriorityInherit)
    xTaskRemoveFromEventList                 0x08005749   Thumb Code    98  tasks.o(i.xTaskRemoveFromEventList)
    xTaskResumeAll                           0x080057b9   Thumb Code   182  tasks.o(i.xTaskResumeAll)
    xTimerCreateTimerTask                    0x0800587d   Thumb Code    78  timers.o(i.xTimerCreateTimerTask)
    xTimerGenericCommand                     0x080058dd   Thumb Code    98  timers.o(i.xTimerGenericCommand)
    defaultTask_attributes                   0x08005944   Data          36  freertos.o(.constdata)
    AHBPrescTable                            0x0800597a   Data          16  system_stm32f1xx.o(.constdata)
    APBPrescTable                            0x0800598a   Data           8  system_stm32f1xx.o(.constdata)
    ascii_font                               0x08005992   Data        2048  driver_oled.o(.constdata)
    Region$$Table$$Base                      0x080061e4   Number         0  anon$$obj.o(Region$$Table)
    Region$$Table$$Limit                     0x08006204   Number         0  anon$$obj.o(Region$$Table)
    Tone_Index                               0x20000000   Data          48  music.o(.data)
    Music_Lone_Brave                         0x20000030   Data        3942  music.o(.data)
    defaultTaskHandle                        0x20000f9c   Data           4  freertos.o(.data)
    uwTickFreq                               0x20000fa0   Data           1  stm32f1xx_hal.o(.data)
    uwTickPrio                               0x20000fa4   Data           4  stm32f1xx_hal.o(.data)
    uwTick                                   0x20000fa8   Data           4  stm32f1xx_hal.o(.data)
    SystemCoreClock                          0x20000fac   Data           4  system_stm32f1xx.o(.data)
    pxCurrentTCB                             0x20000fb0   Data           4  tasks.o(.data)
    g_cars                                   0x2000109c   Data          36  game2.o(.data)
    hadc1                                    0x200010c0   Data          48  adc.o(.bss)
    hi2c1                                    0x200010f0   Data          84  i2c.o(.bss)
    hspi1                                    0x20001144   Data          88  spi.o(.bss)
    htim1                                    0x2000119c   Data          72  tim.o(.bss)
    htim2                                    0x200011e4   Data          72  tim.o(.bss)
    htim3                                    0x2000122c   Data          72  tim.o(.bss)
    huart1                                   0x20001274   Data          72  usart.o(.bss)
    hpcd_USB_FS                              0x200012bc   Data         752  usb.o(.bss)
    htim4                                    0x200015ac   Data          72  stm32f1xx_hal_timebase_tim.o(.bss)
    xQueueRegistry                           0x200015f4   Data          64  queue.o(.bss)
    __initial_sp                             0x20004d80   Data           0  startup_stm32f103xb.o(STACK)



==============================================================================

Memory Map of the image

  Image Entry point : 0x080000ed

  Load Region LR_IROM1 (Base: 0x08000000, Size: 0x000072c4, Max: 0x00010000, ABSOLUTE, COMPRESSED[0x000063ec])

    Execution Region ER_IROM1 (Exec base: 0x08000000, Load base: 0x08000000, Size: 0x00006204, Max: 0x00010000, ABSOLUTE)

    Exec Addr    Load Addr    Size         Type   Attr      Idx    E Section Name        Object

    0x08000000   0x08000000   0x000000ec   Data   RO            3    RESET               startup_stm32f103xb.o
    0x080000ec   0x080000ec   0x00000000   Code   RO         8181  * .ARM.Collect$$$$00000000  mc_w.l(entry.o)
    0x080000ec   0x080000ec   0x00000004   Code   RO         8540    .ARM.Collect$$$$00000001  mc_w.l(entry2.o)
    0x080000f0   0x080000f0   0x00000004   Code   RO         8543    .ARM.Collect$$$$00000004  mc_w.l(entry5.o)
    0x080000f4   0x080000f4   0x00000000   Code   RO         8545    .ARM.Collect$$$$00000008  mc_w.l(entry7b.o)
    0x080000f4   0x080000f4   0x00000000   Code   RO         8547    .ARM.Collect$$$$0000000A  mc_w.l(entry8b.o)
    0x080000f4   0x080000f4   0x00000008   Code   RO         8548    .ARM.Collect$$$$0000000B  mc_w.l(entry9a.o)
    0x080000fc   0x080000fc   0x00000004   Code   RO         8555    .ARM.Collect$$$$0000000E  mc_w.l(entry12b.o)
    0x08000100   0x08000100   0x00000000   Code   RO         8550    .ARM.Collect$$$$0000000F  mc_w.l(entry10a.o)
    0x08000100   0x08000100   0x00000000   Code   RO         8552    .ARM.Collect$$$$00000011  mc_w.l(entry11a.o)
    0x08000100   0x08000100   0x00000004   Code   RO         8541    .ARM.Collect$$$$00002712  mc_w.l(entry2.o)
    0x08000104   0x08000104   0x00000096   Code   RO         6401    .emb_text           port.o
    0x0800019a   0x0800019a   0x00000002   PAD
    0x0800019c   0x0800019c   0x00000024   Code   RO            4    .text               startup_stm32f103xb.o
    0x080001c0   0x080001c0   0x00000062   Code   RO         8184    .text               mc_w.l(uldiv.o)
    0x08000222   0x08000222   0x00000020   Code   RO         8186    .text               mc_w.l(llushr.o)
    0x08000242   0x08000242   0x00000024   Code   RO         8191    .text               mc_w.l(memcpya.o)
    0x08000266   0x08000266   0x00000024   Code   RO         8195    .text               mc_w.l(memseta.o)
    0x0800028a   0x0800028a   0x0000001e   Code   RO         8559    .text               mc_w.l(llshl.o)
    0x080002a8   0x080002a8   0x00000024   Code   RO         8583    .text               mc_w.l(init.o)
    0x080002cc   0x080002cc   0x0000005e   Code   RO         8597    .text               mc_w.l(__dclz77c.o)
    0x0800032a   0x0800032a   0x00000002   PAD
    0x0800032c   0x0800032c   0x00000056   Code   RO         1949    i.ADC_ConversionStop_Disable  stm32f1xx_hal_adc.o
    0x08000382   0x08000382   0x00000002   Code   RO          807    i.BusFault_Handler  stm32f1xx_it.o
    0x08000384   0x08000384   0x00000064   Code   RO         8059    i.Car1Task          game2.o
    0x080003e8   0x080003e8   0x00000070   Code   RO         8060    i.Car2Task          game2.o
    0x08000458   0x08000458   0x00000070   Code   RO         8061    i.Car3Task          game2.o
    0x080004c8   0x080004c8   0x00000002   Code   RO          808    i.DebugMon_Handler  stm32f1xx_it.o
    0x080004ca   0x080004ca   0x00000002   PAD
    0x080004cc   0x080004cc   0x00000034   Code   RO         7116    i.DispatchKey       driver_ir_receiver.o
    0x08000500   0x08000500   0x0000001e   Code   RO          809    i.EXTI15_10_IRQHandler  stm32f1xx_it.o
    0x0800051e   0x0800051e   0x00000004   Code   RO           75    i.Error_Handler     main.o
    0x08000522   0x08000522   0x00000002   PAD
    0x08000524   0x08000524   0x00000010   Code   RO          279    i.GetI2C            freertos.o
    0x08000534   0x08000534   0x0000002c   Code   RO         7117    i.GetKeyFromBuf     driver_ir_receiver.o
    0x08000560   0x08000560   0x000000fc   Code   RO         1955    i.HAL_ADC_ConfigChannel  stm32f1xx_hal_adc.o
    0x0800065c   0x0800065c   0x0000011c   Code   RO         1964    i.HAL_ADC_Init      stm32f1xx_hal_adc.o
    0x08000778   0x08000778   0x00000058   Code   RO          526    i.HAL_ADC_MspInit   adc.o
    0x080007d0   0x080007d0   0x00000016   Code   RO         7640    i.HAL_GPIO_EXTI_Callback  driver_irq.o
    0x080007e6   0x080007e6   0x00000002   PAD
    0x080007e8   0x080007e8   0x00000018   Code   RO         2541    i.HAL_GPIO_EXTI_IRQHandler  stm32f1xx_hal_gpio.o
    0x08000800   0x08000800   0x000001e0   Code   RO         2542    i.HAL_GPIO_Init     stm32f1xx_hal_gpio.o
    0x080009e0   0x080009e0   0x0000000a   Code   RO         2544    i.HAL_GPIO_ReadPin  stm32f1xx_hal_gpio.o
    0x080009ea   0x080009ea   0x0000000a   Code   RO         2546    i.HAL_GPIO_WritePin  stm32f1xx_hal_gpio.o
    0x080009f4   0x080009f4   0x0000000c   Code   RO         2236    i.HAL_GetTick       stm32f1xx_hal.o
    0x08000a00   0x08000a00   0x00000188   Code   RO         3213    i.HAL_I2C_Init      stm32f1xx_hal_i2c.o
    0x08000b88   0x08000b88   0x0000012c   Code   RO         3226    i.HAL_I2C_Master_Transmit  stm32f1xx_hal_i2c.o
    0x08000cb4   0x08000cb4   0x00000130   Code   RO         3234    i.HAL_I2C_Mem_Write  stm32f1xx_hal_i2c.o
    0x08000de4   0x08000de4   0x0000005c   Code   RO          568    i.HAL_I2C_MspInit   i2c.o
    0x08000e40   0x08000e40   0x00000010   Code   RO         2242    i.HAL_IncTick       stm32f1xx_hal.o
    0x08000e50   0x08000e50   0x00000024   Code   RO         2243    i.HAL_Init          stm32f1xx_hal.o
    0x08000e74   0x08000e74   0x00000098   Code   RO          901    i.HAL_InitTick      stm32f1xx_hal_timebase_tim.o
    0x08000f0c   0x08000f0c   0x00000048   Code   RO          877    i.HAL_MspInit       stm32f1xx_hal_msp.o
    0x08000f54   0x08000f54   0x0000001a   Code   RO         2702    i.HAL_NVIC_EnableIRQ  stm32f1xx_hal_cortex.o
    0x08000f6e   0x08000f6e   0x00000002   PAD
    0x08000f70   0x08000f70   0x00000040   Code   RO         2708    i.HAL_NVIC_SetPriority  stm32f1xx_hal_cortex.o
    0x08000fb0   0x08000fb0   0x00000024   Code   RO         2709    i.HAL_NVIC_SetPriorityGrouping  stm32f1xx_hal_cortex.o
    0x08000fd4   0x08000fd4   0x000000da   Code   RO         4348    i.HAL_PCD_Init      stm32f1xx_hal_pcd.o
    0x080010ae   0x080010ae   0x00000002   PAD
    0x080010b0   0x080010b0   0x00000028   Code   RO          766    i.HAL_PCD_MspInit   usb.o
    0x080010d8   0x080010d8   0x000000ec   Code   RO         2504    i.HAL_RCCEx_PeriphCLKConfig  stm32f1xx_hal_rcc_ex.o
    0x080011c4   0x080011c4   0x0000012c   Code   RO         2400    i.HAL_RCC_ClockConfig  stm32f1xx_hal_rcc.o
    0x080012f0   0x080012f0   0x00000040   Code   RO         2404    i.HAL_RCC_GetClockConfig  stm32f1xx_hal_rcc.o
    0x08001330   0x08001330   0x00000020   Code   RO         2407    i.HAL_RCC_GetPCLK1Freq  stm32f1xx_hal_rcc.o
    0x08001350   0x08001350   0x00000020   Code   RO         2408    i.HAL_RCC_GetPCLK2Freq  stm32f1xx_hal_rcc.o
    0x08001370   0x08001370   0x0000004c   Code   RO         2409    i.HAL_RCC_GetSysClockFreq  stm32f1xx_hal_rcc.o
    0x080013bc   0x080013bc   0x00000320   Code   RO         2412    i.HAL_RCC_OscConfig  stm32f1xx_hal_rcc.o
    0x080016dc   0x080016dc   0x000000b2   Code   RO         3650    i.HAL_SPI_Init      stm32f1xx_hal_spi.o
    0x0800178e   0x0800178e   0x00000002   PAD
    0x08001790   0x08001790   0x00000070   Code   RO          610    i.HAL_SPI_MspInit   spi.o
    0x08001800   0x08001800   0x00000002   Code   RO         1682    i.HAL_TIMEx_BreakCallback  stm32f1xx_hal_tim_ex.o
    0x08001802   0x08001802   0x00000002   Code   RO         1683    i.HAL_TIMEx_CommutCallback  stm32f1xx_hal_tim_ex.o
    0x08001804   0x08001804   0x00000054   Code   RO         1685    i.HAL_TIMEx_ConfigBreakDeadTime  stm32f1xx_hal_tim_ex.o
    0x08001858   0x08001858   0x00000068   Code   RO         1701    i.HAL_TIMEx_MasterConfigSynchronization  stm32f1xx_hal_tim_ex.o
    0x080018c0   0x080018c0   0x0000005c   Code   RO          976    i.HAL_TIM_Base_DeInit  stm32f1xx_hal_tim.o
    0x0800191c   0x0800191c   0x0000005a   Code   RO          978    i.HAL_TIM_Base_Init  stm32f1xx_hal_tim.o
    0x08001976   0x08001976   0x00000002   PAD
    0x08001978   0x08001978   0x0000002c   Code   RO          651    i.HAL_TIM_Base_MspDeInit  tim.o
    0x080019a4   0x080019a4   0x0000003c   Code   RO          652    i.HAL_TIM_Base_MspInit  tim.o
    0x080019e0   0x080019e0   0x00000058   Code   RO          983    i.HAL_TIM_Base_Start_IT  stm32f1xx_hal_tim.o
    0x08001a38   0x08001a38   0x000000dc   Code   RO          987    i.HAL_TIM_ConfigClockSource  stm32f1xx_hal_tim.o
    0x08001b14   0x08001b14   0x00000002   Code   RO         1012    i.HAL_TIM_IC_CaptureCallback  stm32f1xx_hal_tim.o
    0x08001b16   0x08001b16   0x00000166   Code   RO         1026    i.HAL_TIM_IRQHandler  stm32f1xx_hal_tim.o
    0x08001c7c   0x08001c7c   0x000000ec   Code   RO          653    i.HAL_TIM_MspPostInit  tim.o
    0x08001d68   0x08001d68   0x00000002   Code   RO         1029    i.HAL_TIM_OC_DelayElapsedCallback  stm32f1xx_hal_tim.o
    0x08001d6a   0x08001d6a   0x000000cc   Code   RO         1050    i.HAL_TIM_PWM_ConfigChannel  stm32f1xx_hal_tim.o
    0x08001e36   0x08001e36   0x0000005a   Code   RO         1053    i.HAL_TIM_PWM_Init  stm32f1xx_hal_tim.o
    0x08001e90   0x08001e90   0x00000028   Code   RO          655    i.HAL_TIM_PWM_MspInit  tim.o
    0x08001eb8   0x08001eb8   0x00000002   Code   RO         1056    i.HAL_TIM_PWM_PulseFinishedCallback  stm32f1xx_hal_tim.o
    0x08001eba   0x08001eba   0x00000002   PAD
    0x08001ebc   0x08001ebc   0x0000009c   Code   RO         1058    i.HAL_TIM_PWM_Start  stm32f1xx_hal_tim.o
    0x08001f58   0x08001f58   0x00000070   Code   RO         1061    i.HAL_TIM_PWM_Stop  stm32f1xx_hal_tim.o
    0x08001fc8   0x08001fc8   0x00000014   Code   RO           76    i.HAL_TIM_PeriodElapsedCallback  main.o
    0x08001fdc   0x08001fdc   0x00000002   Code   RO         1069    i.HAL_TIM_TriggerCallback  stm32f1xx_hal_tim.o
    0x08001fde   0x08001fde   0x00000064   Code   RO         3991    i.HAL_UART_Init     stm32f1xx_hal_uart.o
    0x08002042   0x08002042   0x00000002   PAD
    0x08002044   0x08002044   0x00000070   Code   RO          724    i.HAL_UART_MspInit  usart.o
    0x080020b4   0x080020b4   0x00000002   Code   RO          810    i.HardFault_Handler  stm32f1xx_it.o
    0x080020b6   0x080020b6   0x00000002   PAD
    0x080020b8   0x080020b8   0x00000030   Code   RO         8062    i.HideCar           game2.o
    0x080020e8   0x080020e8   0x0000002e   Code   RO         3256    i.I2C_IsAcknowledgeFailed  stm32f1xx_hal_i2c.o
    0x08002116   0x08002116   0x00000002   PAD
    0x08002118   0x08002118   0x0000009c   Code   RO         3260    i.I2C_MasterRequestWrite  stm32f1xx_hal_i2c.o
    0x080021b4   0x080021b4   0x000000a8   Code   RO         3267    i.I2C_RequestMemoryWrite  stm32f1xx_hal_i2c.o
    0x0800225c   0x0800225c   0x00000056   Code   RO         3271    i.I2C_WaitOnBTFFlagUntilTimeout  stm32f1xx_hal_i2c.o
    0x080022b2   0x080022b2   0x00000002   PAD
    0x080022b4   0x080022b4   0x00000090   Code   RO         3272    i.I2C_WaitOnFlagUntilTimeout  stm32f1xx_hal_i2c.o
    0x08002344   0x08002344   0x000000bc   Code   RO         3273    i.I2C_WaitOnMasterAddressFlagUntilTimeout  stm32f1xx_hal_i2c.o
    0x08002400   0x08002400   0x00000056   Code   RO         3275    i.I2C_WaitOnTXEFlagUntilTimeout  stm32f1xx_hal_i2c.o
    0x08002456   0x08002456   0x00000002   PAD
    0x08002458   0x08002458   0x0000011c   Code   RO         7120    i.IRReceiver_IRQTimes_Parse  driver_ir_receiver.o
    0x08002574   0x08002574   0x000000b4   Code   RO         7121    i.IRReceiver_IRQ_Callback  driver_ir_receiver.o
    0x08002628   0x08002628   0x0000001c   Code   RO         7122    i.IRReceiver_Init   driver_ir_receiver.o
    0x08002644   0x08002644   0x0000002c   Code   RO         7123    i.IRReceiver_Read   driver_ir_receiver.o
    0x08002670   0x08002670   0x00000004   Code   RO         6850    i.LCD_Clear         driver_lcd.o
    0x08002674   0x08002674   0x00000004   Code   RO         6852    i.LCD_ClearLine     driver_lcd.o
    0x08002678   0x08002678   0x00000004   Code   RO         6853    i.LCD_Flush         driver_lcd.o
    0x0800267c   0x0800267c   0x00000004   Code   RO         6854    i.LCD_FlushRegion   driver_lcd.o
    0x08002680   0x08002680   0x00000004   Code   RO         6855    i.LCD_GetFrameBuffer  driver_lcd.o
    0x08002684   0x08002684   0x00000004   Code   RO         6856    i.LCD_Init          driver_lcd.o
    0x08002688   0x08002688   0x00000004   Code   RO         6859    i.LCD_PrintString   driver_lcd.o
    0x0800268c   0x0800268c   0x00000036   Code   RO         6647    i.MPU6050_Init      driver_mpu6050.o
    0x080026c2   0x080026c2   0x00000002   PAD
    0x080026c4   0x080026c4   0x00000024   Code   RO         6653    i.MPU6050_WriteRegister  driver_mpu6050.o
    0x080026e8   0x080026e8   0x00000050   Code   RO           10    i.MUSIC_Analysis    music.o
    0x08002738   0x08002738   0x00000050   Code   RO          527    i.MX_ADC1_Init      adc.o
    0x08002788   0x08002788   0x00000058   Code   RO          280    i.MX_FREERTOS_Init  freertos.o
    0x080027e0   0x080027e0   0x00000150   Code   RO          255    i.MX_GPIO_Init      gpio.o
    0x08002930   0x08002930   0x00000040   Code   RO          569    i.MX_I2C1_Init      i2c.o
    0x08002970   0x08002970   0x00000048   Code   RO          611    i.MX_SPI1_Init      spi.o
    0x080029b8   0x080029b8   0x000000d0   Code   RO          656    i.MX_TIM1_Init      tim.o
    0x08002a88   0x08002a88   0x000000bc   Code   RO          657    i.MX_TIM2_Init      tim.o
    0x08002b44   0x08002b44   0x00000078   Code   RO          658    i.MX_TIM3_Init      tim.o
    0x08002bbc   0x08002bbc   0x00000038   Code   RO          725    i.MX_USART1_UART_Init  usart.o
    0x08002bf4   0x08002bf4   0x00000034   Code   RO          767    i.MX_USB_PCD_Init   usb.o
    0x08002c28   0x08002c28   0x00000002   Code   RO          811    i.MemManage_Handler  stm32f1xx_it.o
    0x08002c2a   0x08002c2a   0x00000002   Code   RO          812    i.NMI_Handler       stm32f1xx_it.o
    0x08002c2c   0x08002c2c   0x0000002a   Code   RO         6523    i.OLED_Clear        driver_oled.o
    0x08002c56   0x08002c56   0x0000001c   Code   RO         6525    i.OLED_ClearLine    driver_oled.o
    0x08002c72   0x08002c72   0x00000002   PAD
    0x08002c74   0x08002c74   0x00000038   Code   RO         6526    i.OLED_Flush        driver_oled.o
    0x08002cac   0x08002cac   0x00000060   Code   RO         6527    i.OLED_FlushRegion  driver_oled.o
    0x08002d0c   0x08002d0c   0x00000014   Code   RO         6528    i.OLED_GetFrameBuffer  driver_oled.o
    0x08002d20   0x08002d20   0x00000094   Code   RO         6529    i.OLED_Init         driver_oled.o
    0x08002db4   0x08002db4   0x00000032   Code   RO         6532    i.OLED_PrintString  driver_oled.o
    0x08002de6   0x08002de6   0x00000002   PAD
    0x08002de8   0x08002de8   0x00000048   Code   RO         6533    i.OLED_PutChar      driver_oled.o
    0x08002e30   0x08002e30   0x0000002c   Code   RO         6534    i.OLED_SetComConfig  driver_oled.o
    0x08002e5c   0x08002e5c   0x00000040   Code   RO         6535    i.OLED_SetPosition  driver_oled.o
    0x08002e9c   0x08002e9c   0x00000028   Code   RO         6537    i.OLED_WriteCmd     driver_oled.o
    0x08002ec4   0x08002ec4   0x00000020   Code   RO         6538    i.OLED_WriteNBytes  driver_oled.o
    0x08002ee4   0x08002ee4   0x00000018   Code   RO         7028    i.PassiveBuzzer_Control  driver_passive_buzzer.o
    0x08002efc   0x08002efc   0x00000068   Code   RO         7029    i.PassiveBuzzer_Init  driver_passive_buzzer.o
    0x08002f64   0x08002f64   0x00000088   Code   RO         7030    i.PassiveBuzzer_Set_Freq_Duty  driver_passive_buzzer.o
    0x08002fec   0x08002fec   0x0000000a   Code   RO           11    i.PlayMusic         music.o
    0x08002ff6   0x08002ff6   0x00000002   PAD
    0x08002ff8   0x08002ff8   0x00000014   Code   RO          281    i.PutI2C            freertos.o
    0x0800300c   0x0800300c   0x0000001c   Code   RO         7125    i.RegisterQueueHandle  driver_ir_receiver.o
    0x08003028   0x08003028   0x000000a0   Code   RO         7580    i.RotaryEncoder_IRQ_Callback  driver_rotary_encoder.o
    0x080030c8   0x080030c8   0x00000024   Code   RO         7581    i.RotaryEncoder_Init  driver_rotary_encoder.o
    0x080030ec   0x080030ec   0x00000030   Code   RO         8063    i.ShowCar           game2.o
    0x0800311c   0x0800311c   0x00000120   Code   RO          282    i.StartDefaultTask  freertos.o
    0x0800323c   0x0800323c   0x0000002c   Code   RO         6402    i.SysTick_Handler   port.o
    0x08003268   0x08003268   0x0000007c   Code   RO           77    i.SystemClock_Config  main.o
    0x080032e4   0x080032e4   0x00000002   Code   RO         4790    i.SystemInit        system_stm32f1xx.o
    0x080032e6   0x080032e6   0x00000002   PAD
    0x080032e8   0x080032e8   0x0000000c   Code   RO          813    i.TIM4_IRQHandler   stm32f1xx_it.o
    0x080032f4   0x080032f4   0x0000006c   Code   RO         1071    i.TIM_Base_SetConfig  stm32f1xx_hal_tim.o
    0x08003360   0x08003360   0x0000001a   Code   RO         1072    i.TIM_CCxChannelCmd  stm32f1xx_hal_tim.o
    0x0800337a   0x0800337a   0x00000014   Code   RO         1082    i.TIM_ETR_SetConfig  stm32f1xx_hal_tim.o
    0x0800338e   0x0800338e   0x00000010   Code   RO         1083    i.TIM_ITRx_SetConfig  stm32f1xx_hal_tim.o
    0x0800339e   0x0800339e   0x00000002   PAD
    0x080033a0   0x080033a0   0x00000050   Code   RO         1084    i.TIM_OC1_SetConfig  stm32f1xx_hal_tim.o
    0x080033f0   0x080033f0   0x00000058   Code   RO         1085    i.TIM_OC2_SetConfig  stm32f1xx_hal_tim.o
    0x08003448   0x08003448   0x00000058   Code   RO         1086    i.TIM_OC3_SetConfig  stm32f1xx_hal_tim.o
    0x080034a0   0x080034a0   0x00000044   Code   RO         1087    i.TIM_OC4_SetConfig  stm32f1xx_hal_tim.o
    0x080034e4   0x080034e4   0x00000022   Code   RO         1089    i.TIM_TI1_ConfigInputStage  stm32f1xx_hal_tim.o
    0x08003506   0x08003506   0x00000024   Code   RO         1091    i.TIM_TI2_ConfigInputStage  stm32f1xx_hal_tim.o
    0x0800352a   0x0800352a   0x00000002   PAD
    0x0800352c   0x0800352c   0x000000b8   Code   RO         4017    i.UART_SetConfig    stm32f1xx_hal_uart.o
    0x080035e4   0x080035e4   0x00000004   Code   RO         4606    i.USB_CoreInit      stm32f1xx_ll_usb.o
    0x080035e8   0x080035e8   0x00000004   Code   RO         4610    i.USB_DevDisconnect  stm32f1xx_ll_usb.o
    0x080035ec   0x080035ec   0x00000012   Code   RO         4611    i.USB_DevInit       stm32f1xx_ll_usb.o
    0x080035fe   0x080035fe   0x0000000e   Code   RO         4612    i.USB_DisableGlobalInt  stm32f1xx_ll_usb.o
    0x0800360c   0x0800360c   0x00000004   Code   RO         4627    i.USB_SetCurrentMode  stm32f1xx_ll_usb.o
    0x08003610   0x08003610   0x00000002   Code   RO          814    i.UsageFault_Handler  stm32f1xx_it.o
    0x08003612   0x08003612   0x00000020   Code   RO         2715    i.__NVIC_SetPriority  stm32f1xx_hal_cortex.o
    0x08003632   0x08003632   0x0000000e   Code   RO         8591    i.__scatterload_copy  mc_w.l(handlers.o)
    0x08003640   0x08003640   0x00000002   Code   RO         8592    i.__scatterload_null  mc_w.l(handlers.o)
    0x08003642   0x08003642   0x0000000e   Code   RO         8593    i.__scatterload_zeroinit  mc_w.l(handlers.o)
    0x08003650   0x08003650   0x000000d0   Code   RO         8064    i.car_game          game2.o
    0x08003720   0x08003720   0x000001d0   Code   RO         7796    i.draw_bitmap       draw.o
    0x080038f0   0x080038f0   0x00000004   Code   RO         7798    i.draw_end          draw.o
    0x080038f4   0x080038f4   0x00000024   Code   RO         7799    i.draw_flushArea    draw.o
    0x08003918   0x08003918   0x00000018   Code   RO         7800    i.draw_init         draw.o
    0x08003930   0x08003930   0x0000003a   Code   RO           78    i.main              main.o
    0x0800396a   0x0800396a   0x0000001a   Code   RO         6733    i.mdelay            driver_timer.o
    0x08003984   0x08003984   0x00000038   Code   RO         5945    i.osKernelInitialize  cmsis_os2.o
    0x080039bc   0x080039bc   0x00000040   Code   RO         5948    i.osKernelStart     cmsis_os2.o
    0x080039fc   0x080039fc   0x000000a4   Code   RO         5982    i.osThreadNew       cmsis_os2.o
    0x08003aa0   0x08003aa0   0x0000005c   Code   RO         5427    i.prvAddCurrentTaskToDelayedList  tasks.o
    0x08003afc   0x08003afc   0x000000d0   Code   RO         5428    i.prvAddNewTaskToReadyList  tasks.o
    0x08003bcc   0x08003bcc   0x00000058   Code   RO         5777    i.prvCheckForValidListAndQueue  timers.o
    0x08003c24   0x08003c24   0x00000026   Code   RO         4995    i.prvCopyDataFromQueue  queue.o
    0x08003c4a   0x08003c4a   0x0000006c   Code   RO         4996    i.prvCopyDataToQueue  queue.o
    0x08003cb6   0x08003cb6   0x00000034   Code   RO         5429    i.prvDeleteTCB      tasks.o
    0x08003cea   0x08003cea   0x00000002   PAD
    0x08003cec   0x08003cec   0x0000004c   Code   RO         6352    i.prvHeapInit       heap_4.o
    0x08003d38   0x08003d38   0x00000060   Code   RO         5430    i.prvIdleTask       tasks.o
    0x08003d98   0x08003d98   0x00000016   Code   RO         4997    i.prvInitialiseMutex  queue.o
    0x08003dae   0x08003dae   0x00000002   PAD
    0x08003db0   0x08003db0   0x00000026   Code   RO         4998    i.prvInitialiseNewQueue  queue.o
    0x08003dd6   0x08003dd6   0x0000009c   Code   RO         5431    i.prvInitialiseNewTask  tasks.o
    0x08003e72   0x08003e72   0x00000002   PAD
    0x08003e74   0x08003e74   0x0000004c   Code   RO         6353    i.prvInsertBlockIntoFreeList  heap_4.o
    0x08003ec0   0x08003ec0   0x00000038   Code   RO         5779    i.prvInsertTimerInActiveList  timers.o
    0x08003ef8   0x08003ef8   0x0000001c   Code   RO         4999    i.prvIsQueueEmpty   queue.o
    0x08003f14   0x08003f14   0x0000006c   Code   RO         5000    i.prvNotifyQueueSetContainer  queue.o
    0x08003f80   0x08003f80   0x000000cc   Code   RO         5780    i.prvProcessReceivedCommands  timers.o
    0x0800404c   0x0800404c   0x000000b4   Code   RO         5781    i.prvProcessTimerOrBlockTask  timers.o
    0x08004100   0x08004100   0x00000020   Code   RO         5433    i.prvResetNextTaskUnblockTime  tasks.o
    0x08004120   0x08004120   0x00000028   Code   RO         5782    i.prvSampleTimeNow  timers.o
    0x08004148   0x08004148   0x0000006c   Code   RO         5783    i.prvSwitchTimerLists  timers.o
    0x080041b4   0x080041b4   0x00000028   Code   RO         6403    i.prvTaskExitError  port.o
    0x080041dc   0x080041dc   0x00000034   Code   RO         5435    i.prvTaskIsTaskSuspended  tasks.o
    0x08004210   0x08004210   0x00000014   Code   RO         4833    i.prvTestWaitCondition  event_groups.o
    0x08004224   0x08004224   0x00000024   Code   RO         5784    i.prvTimerTask      timers.o
    0x08004248   0x08004248   0x00000078   Code   RO         5001    i.prvUnlockQueue    queue.o
    0x080042c0   0x080042c0   0x000000d8   Code   RO         6354    i.pvPortMalloc      heap_4.o
    0x08004398   0x08004398   0x00000018   Code   RO         5436    i.pvTaskIncrementMutexHeldCount  tasks.o
    0x080043b0   0x080043b0   0x00000024   Code   RO         6404    i.pxPortInitialiseStack  port.o
    0x080043d4   0x080043d4   0x0000000c   Code   RO         7803    i.readPixels        draw.o
    0x080043e0   0x080043e0   0x00000016   Code   RO         7805    i.set_bits          draw.o
    0x080043f6   0x080043f6   0x00000002   PAD
    0x080043f8   0x080043f8   0x00000044   Code   RO         6734    i.system_get_ns     driver_timer.o
    0x0800443c   0x0800443c   0x00000038   Code   RO         6735    i.udelay            driver_timer.o
    0x08004474   0x08004474   0x00000026   Code   RO         4955    i.uxListRemove      list.o
    0x0800449a   0x0800449a   0x00000002   PAD
    0x0800449c   0x0800449c   0x00000018   Code   RO         5444    i.uxTaskResetEventItemValue  tasks.o
    0x080044b4   0x080044b4   0x00000014   Code   RO         5994    i.vApplicationGetIdleTaskMemory  cmsis_os2.o
    0x080044c8   0x080044c8   0x00000018   Code   RO         5995    i.vApplicationGetTimerTaskMemory  cmsis_os2.o
    0x080044e0   0x080044e0   0x00000016   Code   RO         4956    i.vListInitialise   list.o
    0x080044f6   0x080044f6   0x00000006   Code   RO         4957    i.vListInitialiseItem  list.o
    0x080044fc   0x080044fc   0x00000030   Code   RO         4958    i.vListInsert       list.o
    0x0800452c   0x0800452c   0x00000018   Code   RO         4959    i.vListInsertEnd    list.o
    0x08004544   0x08004544   0x00000040   Code   RO         6406    i.vPortEnterCritical  port.o
    0x08004584   0x08004584   0x00000028   Code   RO         6407    i.vPortExitCritical  port.o
    0x080045ac   0x080045ac   0x0000005c   Code   RO         6355    i.vPortFree         heap_4.o
    0x08004608   0x08004608   0x00000024   Code   RO         6408    i.vPortSetupTimerInterrupt  port.o
    0x0800462c   0x0800462c   0x00000054   Code   RO         6409    i.vPortValidateInterruptPriority  port.o
    0x08004680   0x08004680   0x00000028   Code   RO         5007    i.vQueueAddToRegistry  queue.o
    0x080046a8   0x080046a8   0x00000044   Code   RO         5011    i.vQueueWaitForMessageRestricted  queue.o
    0x080046ec   0x080046ec   0x0000004c   Code   RO         5445    i.vTaskDelay        tasks.o
    0x08004738   0x08004738   0x00000090   Code   RO         5447    i.vTaskDelete       tasks.o
    0x080047c8   0x080047c8   0x00000010   Code   RO         5450    i.vTaskInternalSetTimeOutState  tasks.o
    0x080047d8   0x080047d8   0x0000000c   Code   RO         5451    i.vTaskMissedYield  tasks.o
    0x080047e4   0x080047e4   0x00000030   Code   RO         5453    i.vTaskPlaceOnEventList  tasks.o
    0x08004814   0x08004814   0x00000038   Code   RO         5454    i.vTaskPlaceOnEventListRestricted  tasks.o
    0x0800484c   0x0800484c   0x00000050   Code   RO         5455    i.vTaskPlaceOnUnorderedEventList  tasks.o
    0x0800489c   0x0800489c   0x00000090   Code   RO         5456    i.vTaskPriorityDisinheritAfterTimeout  tasks.o
    0x0800492c   0x0800492c   0x00000070   Code   RO         5458    i.vTaskRemoveFromUnorderedEventList  tasks.o
    0x0800499c   0x0800499c   0x0000007c   Code   RO         5459    i.vTaskResume       tasks.o
    0x08004a18   0x08004a18   0x00000088   Code   RO         5462    i.vTaskStartScheduler  tasks.o
    0x08004aa0   0x08004aa0   0x0000009c   Code   RO         5463    i.vTaskSuspend      tasks.o
    0x08004b3c   0x08004b3c   0x00000010   Code   RO         5464    i.vTaskSuspendAll   tasks.o
    0x08004b4c   0x08004b4c   0x00000064   Code   RO         5465    i.vTaskSwitchContext  tasks.o
    0x08004bb0   0x08004bb0   0x0000001c   Code   RO         4841    i.xEventGroupCreate  event_groups.o
    0x08004bcc   0x08004bcc   0x0000008c   Code   RO         4844    i.xEventGroupSetBits  event_groups.o
    0x08004c58   0x08004c58   0x00000108   Code   RO         4847    i.xEventGroupWaitBits  event_groups.o
    0x08004d60   0x08004d60   0x000000a8   Code   RO         6410    i.xPortStartScheduler  port.o
    0x08004e08   0x08004e08   0x00000016   Code   RO         5015    i.xQueueCreateMutex  queue.o
    0x08004e1e   0x08004e1e   0x00000048   Code   RO         5018    i.xQueueGenericCreate  queue.o
    0x08004e66   0x08004e66   0x00000066   Code   RO         5019    i.xQueueGenericCreateStatic  queue.o
    0x08004ecc   0x08004ecc   0x00000088   Code   RO         5020    i.xQueueGenericReset  queue.o
    0x08004f54   0x08004f54   0x0000016c   Code   RO         5021    i.xQueueGenericSend  queue.o
    0x080050c0   0x080050c0   0x000000ca   Code   RO         5022    i.xQueueGenericSendFromISR  queue.o
    0x0800518a   0x0800518a   0x00000002   PAD
    0x0800518c   0x0800518c   0x00000138   Code   RO         5031    i.xQueueReceive     queue.o
    0x080052c4   0x080052c4   0x00000178   Code   RO         5036    i.xQueueSemaphoreTake  queue.o
    0x0800543c   0x0800543c   0x00000074   Code   RO         5466    i.xTaskCheckForTimeOut  tasks.o
    0x080054b0   0x080054b0   0x0000005a   Code   RO         5467    i.xTaskCreate       tasks.o
    0x0800550a   0x0800550a   0x00000056   Code   RO         5468    i.xTaskCreateStatic  tasks.o
    0x08005560   0x08005560   0x0000001c   Code   RO         5472    i.xTaskGetSchedulerState  tasks.o
    0x0800557c   0x0800557c   0x0000000c   Code   RO         5473    i.xTaskGetTickCount  tasks.o
    0x08005588   0x08005588   0x000000c8   Code   RO         5475    i.xTaskIncrementTick  tasks.o
    0x08005650   0x08005650   0x00000080   Code   RO         5478    i.xTaskPriorityDisinherit  tasks.o
    0x080056d0   0x080056d0   0x00000078   Code   RO         5479    i.xTaskPriorityInherit  tasks.o
    0x08005748   0x08005748   0x00000070   Code   RO         5480    i.xTaskRemoveFromEventList  tasks.o
    0x080057b8   0x080057b8   0x000000c4   Code   RO         5481    i.xTaskResumeAll    tasks.o
    0x0800587c   0x0800587c   0x00000060   Code   RO         5791    i.xTimerCreateTimerTask  timers.o
    0x080058dc   0x080058dc   0x00000068   Code   RO         5792    i.xTimerGenericCommand  timers.o
    0x08005944   0x08005944   0x00000024   Data   RO          283    .constdata          freertos.o
    0x08005968   0x08005968   0x00000012   Data   RO         2413    .constdata          stm32f1xx_hal_rcc.o
    0x0800597a   0x0800597a   0x00000010   Data   RO         4791    .constdata          system_stm32f1xx.o
    0x0800598a   0x0800598a   0x00000008   Data   RO         4792    .constdata          system_stm32f1xx.o
    0x08005992   0x08005992   0x00000800   Data   RO         6540    .constdata          driver_oled.o
    0x08006192   0x08006192   0x00000044   Data   RO         8065    .constdata          game2.o
    0x080061d6   0x080061d6   0x00000002   PAD
    0x080061d8   0x080061d8   0x0000000c   Data   RO          284    .conststring        freertos.o
    0x080061e4   0x080061e4   0x00000020   Data   RO         8589    Region$$Table       anon$$obj.o


    Execution Region RW_IRAM1 (Exec base: 0x20000000, Load base: 0x08006204, Size: 0x00004d80, Max: 0x00005000, ABSOLUTE, COMPRESSED[0x000001e8])

    Exec Addr    Load Addr    Size         Type   Attr      Idx    E Section Name        Object

    0x20000000   COMPRESSED   0x00000f96   Data   RW           12    .data               music.o
    0x20000f96   COMPRESSED   0x00000002   PAD
    0x20000f98   COMPRESSED   0x00000008   Data   RW          285    .data               freertos.o
    0x20000fa0   COMPRESSED   0x0000000c   Data   RW         2250    .data               stm32f1xx_hal.o
    0x20000fac   COMPRESSED   0x00000004   Data   RW         4793    .data               system_stm32f1xx.o
    0x20000fb0   COMPRESSED   0x0000003c   Data   RW         5484    .data               tasks.o
    0x20000fec   COMPRESSED   0x00000014   Data   RW         5800    .data               timers.o
    0x20001000   COMPRESSED   0x00000004   Data   RW         5997    .data               cmsis_os2.o
    0x20001004   COMPRESSED   0x00000018   Data   RW         6360    .data               heap_4.o
    0x2000101c   COMPRESSED   0x0000000c   Data   RW         6411    .data               port.o
    0x20001028   COMPRESSED   0x00000008   Data   RW         6541    .data               driver_oled.o
    0x20001030   COMPRESSED   0x00000008   Data   RW         6654    .data               driver_mpu6050.o
    0x20001038   COMPRESSED   0x00000004   Data   RW         7032    .data               driver_passive_buzzer.o
    0x2000103c   COMPRESSED   0x00000004   PAD
    0x20001040   COMPRESSED   0x00000020   Data   RW         7129    .data               driver_ir_receiver.o
    0x20001060   COMPRESSED   0x00000018   Data   RW         7585    .data               driver_rotary_encoder.o
    0x20001078   COMPRESSED   0x00000010   Data   RW         7806    .data               draw.o
    0x20001088   COMPRESSED   0x00000038   Data   RW         8066    .data               game2.o
    0x200010c0        -       0x00000030   Zero   RW          528    .bss                adc.o
    0x200010f0        -       0x00000054   Zero   RW          570    .bss                i2c.o
    0x20001144        -       0x00000058   Zero   RW          612    .bss                spi.o
    0x2000119c        -       0x000000d8   Zero   RW          659    .bss                tim.o
    0x20001274        -       0x00000048   Zero   RW          726    .bss                usart.o
    0x200012bc        -       0x000002f0   Zero   RW          768    .bss                usb.o
    0x200015ac        -       0x00000048   Zero   RW          904    .bss                stm32f1xx_hal_timebase_tim.o
    0x200015f4        -       0x00000040   Zero   RW         5038    .bss                queue.o
    0x20001634        -       0x000004c4   Zero   RW         5483    .bss                tasks.o
    0x20001af8        -       0x0000011c   Zero   RW         5799    .bss                timers.o
    0x20001c14        -       0x000006b8   Zero   RW         5996    .bss                cmsis_os2.o
    0x200022cc        -       0x00001f40   Zero   RW         6359    .bss                heap_4.o
    0x2000420c        -       0x00000400   Zero   RW         6539    .bss                driver_oled.o
    0x2000460c   COMPRESSED   0x00000004   PAD
    0x20004610        -       0x000002c8   Zero   RW         7126    .bss                driver_ir_receiver.o
    0x200048d8        -       0x000000a4   Zero   RW         7584    .bss                driver_rotary_encoder.o
    0x2000497c   COMPRESSED   0x00000004   PAD
    0x20004980        -       0x00000400   Zero   RW            1    STACK               startup_stm32f103xb.o


==============================================================================

Image component sizes


      Code (inc. data)   RO Data    RW Data    ZI Data      Debug   Object Name

       168         22          0          0         48       1785   adc.o
       328         26          0          4       1720      13848   cmsis_os2.o
       562         10          0         16          0       7572   draw.o
       660         90          0         32        712       9700   driver_ir_receiver.o
        22          0          0          0          0        569   driver_irq.o
        28          0          0          0          0       4252   driver_lcd.o
        90          4          0          8          0       3726   driver_mpu6050.o
       692         46       2048          8       1024      11360   driver_oled.o
       264         30          0          4          0       2875   driver_passive_buzzer.o
       196         28          0         24        164       4027   driver_rotary_encoder.o
       150         14          0          0          0       2542   driver_timer.o
       452          4          0          0          0      26311   event_groups.o
       412        120         48          8          0     380239   freertos.o
       628         72         68         56          0      14616   game2.o
       336         26          0          0          0       1115   gpio.o
       460         24          0         24       8000       4883   heap_4.o
       156         26          0          0         84       1773   i2c.o
       138          0          0          0          0       3606   list.o
       206          6          0          0          0     467572   main.o
        90          6          0       3990          0      22739   music.o
       662         70          0         12          0      11241   port.o
      2156         22          0          0         64      22616   queue.o
       184         24          0          0         88       1797   spi.o
        36          8        236          0       1024        840   startup_stm32f103xb.o
        64         14          0         12          0       4854   stm32f1xx_hal.o
       622         24          0          0          0       3444   stm32f1xx_hal_adc.o
       158         14          0          0          0      28358   stm32f1xx_hal_cortex.o
       524         40          0          0          0       4294   stm32f1xx_hal_gpio.o
      1870         48          0          0          0      11757   stm32f1xx_hal_i2c.o
        72         10          0          0          0        942   stm32f1xx_hal_msp.o
       218          0          0          0          0       1580   stm32f1xx_hal_pcd.o
      1304         94         18          0          0       5989   stm32f1xx_hal_rcc.o
       236         12          0          0          0       1452   stm32f1xx_hal_rcc_ex.o
       178          0          0          0          0       1303   stm32f1xx_hal_spi.o
      1982         62          0          0          0      17765   stm32f1xx_hal_tim.o
       192         12          0          0          0       3369   stm32f1xx_hal_tim_ex.o
       152         20          0          0         72       1583   stm32f1xx_hal_timebase_tim.o
       284          6          0          0          0       2036   stm32f1xx_hal_uart.o
        54          6          0          0          0       3790   stm32f1xx_it.o
        44          0          0          0          0       3544   stm32f1xx_ll_usb.o
         0          0          0          0          0       8920   stream_buffer.o
         2          0         24          4          0       1227   system_stm32f1xx.o
      3044        256          0         60       1220      32729   tasks.o
       896         76          0          0        216       5389   tim.o
       912         82          0         20        284      26515   timers.o
       168         20          0          0         72       1822   usart.o
        92         20          0          0        752       1674   usb.o

    ----------------------------------------------------------------------
     22198       1494       2476       4288      15552    1195940   Object Totals
         0          0         32          0          0          0   (incl. Generated)
        54          0          2          6          8          0   (incl. Padding)

    ----------------------------------------------------------------------

      Code (inc. data)   RO Data    RW Data    ZI Data      Debug   Library Member Name

        94          0          0          0          0          0   __dclz77c.o
         0          0          0          0          0          0   entry.o
         0          0          0          0          0          0   entry10a.o
         0          0          0          0          0          0   entry11a.o
         4          0          0          0          0          0   entry12b.o
         8          4          0          0          0          0   entry2.o
         4          0          0          0          0          0   entry5.o
         0          0          0          0          0          0   entry7b.o
         0          0          0          0          0          0   entry8b.o
         8          4          0          0          0          0   entry9a.o
        30          0          0          0          0          0   handlers.o
        36          8          0          0          0         68   init.o
        30          0          0          0          0         68   llshl.o
        32          0          0          0          0         68   llushr.o
        36          0          0          0          0         68   memcpya.o
        36          0          0          0          0        108   memseta.o
        98          0          0          0          0         92   uldiv.o

    ----------------------------------------------------------------------
       418         16          0          0          0        472   Library Totals
         2          0          0          0          0          0   (incl. Padding)

    ----------------------------------------------------------------------

      Code (inc. data)   RO Data    RW Data    ZI Data      Debug   Library Name

       416         16          0          0          0        472   mc_w.l

    ----------------------------------------------------------------------
       418         16          0          0          0        472   Library Totals

    ----------------------------------------------------------------------

==============================================================================


      Code (inc. data)   RO Data    RW Data    ZI Data      Debug   

     22616       1510       2476       4288      15552    1184216   Grand Totals
     22616       1510       2476        488      15552    1184216   ELF Image Totals (compressed)
     22616       1510       2476        488          0          0   ROM Totals

==============================================================================

    Total RO  Size (Code + RO Data)                25092 (  24.50kB)
    Total RW  Size (RW Data + ZI Data)             19840 (  19.38kB)
    Total ROM Size (Code + RO Data + RW Data)      25580 (  24.98kB)

==============================================================================

