<html>
<body>
<pre>
<h1>礦ision Build Log</h1>
<h2>Tool Versions:</h2>
IDE-Version: μVision V5.42.0.0
Copyright (C) 2025 ARM Ltd and ARM Germany GmbH. All rights reserved.
License Information: blackghost 联想, SCNU, LIC=32B1Q-NAW8L-LQ30Q-NADTN-23WTG-XAM72
 
Tool Versions:
Toolchain:       MDK-ARM Plus  Version: 5.42.0.0
Toolchain Path:  D:\Keil_v5\ARM\ARMCC\Bin
C Compiler:      Armcc.exe V5.06 update 7 (build 960)
Assembler:       Armasm.exe V5.06 update 7 (build 960)
Linker/Locator:  ArmLink.exe V5.06 update 7 (build 960)
Library Manager: ArmAr.exe V5.06 update 7 (build 960)
Hex Converter:   FromElf.exe V5.06 update 7 (build 960)
CPU DLL:         SARMCM3.DLL V5.42.0.0
Dialog DLL:      DRAMSTM.DLL
Target DLL:      UL2CM3.DLL V1.164.14.0
Dialog DLL:      TCM.DLL V1.56.6.0
 
<h2>Project:</h2>
D:\Keil_v5 data\10、FreeRTOS入门与工程实践\1.FreeRTOS Project\04_Heap_Stack\Project\Project\lesson.uvprojx
Project File Date:  01/16/2026

<h2>Output:</h2>
*** Using Compiler 'V5.06 update 7 (build 960)', folder: 'D:\Keil_v5\ARM\ARMCC\Bin'
Build target 'lesson'
compiling main.c...
..\Main\main.c(38): warning:  #177-D: variable "ch"  was declared but never referenced
  	char ch = 65; // char ch = 'A';
..\Main\main.c(42): warning:  #177-D: variable "uch"  was declared but never referenced
  	unsigned char uch = 200;
..\Main\main.c: 2 warnings, 0 errors
linking...
Program Size: Code=472 RO-data=40 RW-data=8 ZI-data=1120  
FromELF: creating hex file...
After Build - User command #1: fromelf  --text  -a -c  --output=test.dis  .\Objects\lesson1.axf
".\Objects\lesson1.axf" - 0 Error(s), 2 Warning(s).

<h2>Software Packages used:</h2>

Package Vendor: Keil
                https://www.keil.com/pack/Keil.STM32F1xx_DFP.2.4.1.pack
                Keil::STM32F1xx_DFP@2.4.1
                STMicroelectronics STM32F1 Series Device Support, Drivers and Examples

<h2>Collection of Component include folders:</h2>
  D:/Keil_v5/ARM/Packs/Keil/STM32F1xx_DFP/2.4.1/Device/Include

<h2>Collection of Component Files used:</h2>
Build Time Elapsed:  00:00:01
</pre>
</body>
</html>
